Component: ARM Compiler 5.06 update 5 (build 528) Tool: armlink [4d35e2]

==============================================================================

Section Cross References

    startup_stm32h723xx.o(STACK) refers (Special) to heapauxi.o(.text) for __use_two_region_memory
    startup_stm32h723xx.o(HEAP) refers (Special) to heapauxi.o(.text) for __use_two_region_memory
    startup_stm32h723xx.o(RESET) refers (Special) to heapauxi.o(.text) for __use_two_region_memory
    startup_stm32h723xx.o(RESET) refers to startup_stm32h723xx.o(STACK) for __initial_sp
    startup_stm32h723xx.o(RESET) refers to startup_stm32h723xx.o(.text) for Reset_Handler
    startup_stm32h723xx.o(RESET) refers to stm32h7xx_it.o(i.NMI_Handler) for NMI_Handler
    startup_stm32h723xx.o(RESET) refers to stm32h7xx_it.o(i.HardFault_Handler) for HardFault_Handler
    startup_stm32h723xx.o(RESET) refers to stm32h7xx_it.o(i.MemManage_Handler) for MemManage_Handler
    startup_stm32h723xx.o(RESET) refers to stm32h7xx_it.o(i.BusFault_Handler) for BusFault_Handler
    startup_stm32h723xx.o(RESET) refers to stm32h7xx_it.o(i.UsageFault_Handler) for UsageFault_Handler
    startup_stm32h723xx.o(RESET) refers to stm32h7xx_it.o(i.SVC_Handler) for SVC_Handler
    startup_stm32h723xx.o(RESET) refers to stm32h7xx_it.o(i.DebugMon_Handler) for DebugMon_Handler
    startup_stm32h723xx.o(RESET) refers to stm32h7xx_it.o(i.PendSV_Handler) for PendSV_Handler
    startup_stm32h723xx.o(RESET) refers to stm32h7xx_it.o(i.SysTick_Handler) for SysTick_Handler
    startup_stm32h723xx.o(RESET) refers to stm32h7xx_it.o(i.DMA1_Stream0_IRQHandler) for DMA1_Stream0_IRQHandler
    startup_stm32h723xx.o(RESET) refers to stm32h7xx_it.o(i.DMA1_Stream1_IRQHandler) for DMA1_Stream1_IRQHandler
    startup_stm32h723xx.o(RESET) refers to stm32h7xx_it.o(i.FDCAN1_IT0_IRQHandler) for FDCAN1_IT0_IRQHandler
    startup_stm32h723xx.o(RESET) refers to stm32h7xx_it.o(i.FDCAN2_IT0_IRQHandler) for FDCAN2_IT0_IRQHandler
    startup_stm32h723xx.o(RESET) refers to stm32h7xx_it.o(i.FDCAN1_IT1_IRQHandler) for FDCAN1_IT1_IRQHandler
    startup_stm32h723xx.o(RESET) refers to stm32h7xx_it.o(i.FDCAN2_IT1_IRQHandler) for FDCAN2_IT1_IRQHandler
    startup_stm32h723xx.o(RESET) refers to stm32h7xx_it.o(i.USART1_IRQHandler) for USART1_IRQHandler
    startup_stm32h723xx.o(.text) refers (Special) to heapauxi.o(.text) for __use_two_region_memory
    startup_stm32h723xx.o(.text) refers to system_stm32h7xx.o(i.ExitRun0Mode) for ExitRun0Mode
    startup_stm32h723xx.o(.text) refers to system_stm32h7xx.o(i.SystemInit) for SystemInit
    startup_stm32h723xx.o(.text) refers to __main.o(!!!main) for __main
    startup_stm32h723xx.o(.text) refers to startup_stm32h723xx.o(HEAP) for Heap_Mem
    startup_stm32h723xx.o(.text) refers to startup_stm32h723xx.o(STACK) for Stack_Mem
    main.o(i.SystemClock_Config) refers to rt_memclr_w.o(.text) for __aeabi_memclr4
    main.o(i.SystemClock_Config) refers to stm32h7xx_hal_pwr_ex.o(i.HAL_PWREx_ConfigSupply) for HAL_PWREx_ConfigSupply
    main.o(i.SystemClock_Config) refers to stm32h7xx_hal_rcc.o(i.HAL_RCC_OscConfig) for HAL_RCC_OscConfig
    main.o(i.SystemClock_Config) refers to stm32h7xx_hal_rcc.o(i.HAL_RCC_ClockConfig) for HAL_RCC_ClockConfig
    main.o(i.SystemClock_Config) refers to stm32h7xx_hal_rcc.o(i.HAL_RCC_MCOConfig) for HAL_RCC_MCOConfig
    main.o(i.main) refers to stm32h7xx_hal.o(i.HAL_Init) for HAL_Init
    main.o(i.main) refers to main.o(i.SystemClock_Config) for SystemClock_Config
    main.o(i.main) refers to gpio.o(i.MX_GPIO_Init) for MX_GPIO_Init
    main.o(i.main) refers to dma.o(i.MX_DMA_Init) for MX_DMA_Init
    main.o(i.main) refers to fdcan.o(i.MX_FDCAN1_Init) for MX_FDCAN1_Init
    main.o(i.main) refers to tim.o(i.MX_TIM1_Init) for MX_TIM1_Init
    main.o(i.main) refers to usart.o(i.MX_USART1_UART_Init) for MX_USART1_UART_Init
    main.o(i.main) refers to tim.o(i.MX_TIM2_Init) for MX_TIM2_Init
    main.o(i.main) refers to fdcan.o(i.MX_FDCAN2_Init) for MX_FDCAN2_Init
    main.o(i.main) refers to robotic_arm_control_api.o(i.Robotic_Arm_Control_Init) for Robotic_Arm_Control_Init
    main.o(i.main) refers to robotic_arm_control_api.o(i.Robotic_Arm_Control) for Robotic_Arm_Control
    gpio.o(i.MX_GPIO_Init) refers to rt_memclr_w.o(.text) for __aeabi_memclr4
    gpio.o(i.MX_GPIO_Init) refers to stm32h7xx_hal_gpio.o(i.HAL_GPIO_WritePin) for HAL_GPIO_WritePin
    gpio.o(i.MX_GPIO_Init) refers to stm32h7xx_hal_gpio.o(i.HAL_GPIO_Init) for HAL_GPIO_Init
    dma.o(i.MX_DMA_Init) refers to stm32h7xx_hal_cortex.o(i.HAL_NVIC_SetPriority) for HAL_NVIC_SetPriority
    dma.o(i.MX_DMA_Init) refers to stm32h7xx_hal_cortex.o(i.HAL_NVIC_EnableIRQ) for HAL_NVIC_EnableIRQ
    fdcan.o(i.HAL_FDCAN_MspDeInit) refers to stm32h7xx_hal_gpio.o(i.HAL_GPIO_DeInit) for HAL_GPIO_DeInit
    fdcan.o(i.HAL_FDCAN_MspDeInit) refers to stm32h7xx_hal_cortex.o(i.HAL_NVIC_DisableIRQ) for HAL_NVIC_DisableIRQ
    fdcan.o(i.HAL_FDCAN_MspDeInit) refers to fdcan.o(.data) for .data
[...]
    _terminateio                              - Undefined Weak Reference
    __Vectors_Size                           0x000002cc   Number         0  startup_stm32h723xx.o ABSOLUTE
    __Vectors                                0x08000000   Data           4  startup_stm32h723xx.o(RESET)
    __Vectors_End                            0x080002cc   Data           0  startup_stm32h723xx.o(RESET)
    __main                                   0x080002cd   Thumb Code     8  __main.o(!!!main)
    __scatterload                            0x080002d5   Thumb Code     0  __scatter.o(!!!scatter)
    __scatterload_rt2                        0x080002d5   Thumb Code    44  __scatter.o(!!!scatter)
    __scatterload_rt2_thumb_only             0x080002d5   Thumb Code     0  __scatter.o(!!!scatter)
    __scatterload_null                       0x080002e3   Thumb Code     0  __scatter.o(!!!scatter)
    __scatterload_copy                       0x08000309   Thumb Code    26  __scatter_copy.o(!!handler_copy)
    __scatterload_zeroinit                   0x08000325   Thumb Code    28  __scatter_zi.o(!!handler_zi)
    __rt_lib_init                            0x08000341   Thumb Code     0  libinit.o(.ARM.Collect$$libinit$$00000000)
    __rt_lib_init_fp_1                       0x08000343   Thumb Code     0  libinit2.o(.ARM.Collect$$libinit$$00000001)
    __rt_lib_init_heap_1                     0x08000347   Thumb Code     0  libinit2.o(.ARM.Collect$$libinit$$0000000A)
    __rt_lib_init_lc_common                  0x08000347   Thumb Code     0  libinit2.o(.ARM.Collect$$libinit$$0000000F)
    __rt_lib_init_preinit_1                  0x08000347   Thumb Code     0  libinit2.o(.ARM.Collect$$libinit$$00000004)
    __rt_lib_init_rand_1                     0x08000347   Thumb Code     0  libinit2.o(.ARM.Collect$$libinit$$0000000E)
    __rt_lib_init_user_alloc_1               0x08000347   Thumb Code     0  libinit2.o(.ARM.Collect$$libinit$$0000000C)
    __rt_lib_init_lc_collate_1               0x0800034d   Thumb Code     0  libinit2.o(.ARM.Collect$$libinit$$00000011)
    __rt_lib_init_lc_ctype_2                 0x0800034d   Thumb Code     0  libinit2.o(.ARM.Collect$$libinit$$00000012)
    __rt_lib_init_lc_ctype_1                 0x08000359   Thumb Code     0  libinit2.o(.ARM.Collect$$libinit$$00000013)
    __rt_lib_init_lc_monetary_1              0x08000359   Thumb Code     0  libinit2.o(.ARM.Collect$$libinit$$00000015)
    __rt_lib_init_lc_numeric_2               0x08000359   Thumb Code     0  libinit2.o(.ARM.Collect$$libinit$$00000016)
    __rt_lib_init_alloca_1                   0x08000363   Thumb Code     0  libinit2.o(.ARM.Collect$$libinit$$0000002E)
    __rt_lib_init_argv_1                     0x08000363   Thumb Code     0  libinit2.o(.ARM.Collect$$libinit$$0000002C)
    __rt_lib_init_atexit_1                   0x08000363   Thumb Code     0  libinit2.o(.ARM.Collect$$libinit$$0000001B)
    __rt_lib_init_clock_1                    0x08000363   Thumb Code     0  libinit2.o(.ARM.Collect$$libinit$$00000021)
    __rt_lib_init_cpp_1                      0x08000363   Thumb Code     0  libinit2.o(.ARM.Collect$$libinit$$00000032)
    __rt_lib_init_exceptions_1               0x08000363   Thumb Code     0  libinit2.o(.ARM.Collect$$libinit$$00000030)
    __rt_lib_init_fp_trap_1                  0x08000363   Thumb Code     0  libinit2.o(.ARM.Collect$$libinit$$0000001F)
    __rt_lib_init_getenv_1                   0x08000363   Thumb Code     0  libinit2.o(.ARM.Collect$$libinit$$00000023)
    __rt_lib_init_lc_numeric_1               0x08000363   Thumb Code     0  libinit2.o(.ARM.Collect$$libinit$$00000017)
    __rt_lib_init_lc_time_1                  0x08000363   Thumb Code     0  libinit2.o(.ARM.Collect$$libinit$$00000019)
    __rt_lib_init_return                     0x08000363   Thumb Code     0  libinit2.o(.ARM.Collect$$libinit$$00000033)
    __rt_lib_init_signal_1                   0x08000363   Thumb Code     0  libinit2.o(.ARM.Collect$$libinit$$0000001D)
    __rt_lib_init_stdio_1                    0x08000363   Thumb Code     0  libinit2.o(.ARM.Collect$$libinit$$00000025)
    __rt_lib_shutdown                        0x08000365   Thumb Code     0  libshutdown.o(.ARM.Collect$$libshutdown$$00000000)
    __rt_lib_shutdown_cpp_1                  0x08000367   Thumb Code     0  libshutdown2.o(.ARM.Collect$$libshutdown$$00000002)
    __rt_lib_shutdown_fp_trap_1              0x08000367   Thumb Code     0  libshutdown2.o(.ARM.Collect$$libshutdown$$00000007)
    __rt_lib_shutdown_heap_1                 0x08000367   Thumb Code     0  libshutdown2.o(.ARM.Collect$$libshutdown$$0000000F)
    __rt_lib_shutdown_return                 0x08000367   Thumb Code     0  libshutdown2.o(.ARM.Collect$$libshutdown$$00000010)
    __rt_lib_shutdown_signal_1               0x08000367   Thumb Code     0  libshutdown2.o(.ARM.Collect$$libshutdown$$0000000A)
    __rt_lib_shutdown_stdio_1                0x08000367   Thumb Code     0  libshutdown2.o(.ARM.Collect$$libshutdown$$00000004)
    __rt_lib_shutdown_user_alloc_1           0x08000367   Thumb Code     0  libshutdown2.o(.ARM.Collect$$libshutdown$$0000000C)
    __rt_entry                               0x08000369   Thumb Code     0  __rtentry.o(.ARM.Collect$$rtentry$$00000000)
    __rt_entry_presh_1                       0x08000369   Thumb Code     0  __rtentry2.o(.ARM.Collect$$rtentry$$00000002)
    __rt_entry_sh                            0x08000369   Thumb Code     0  __rtentry4.o(.ARM.Collect$$rtentry$$00000004)
    __rt_entry_li                            0x0800036f   Thumb Code     0  __rtentry2.o(.ARM.Collect$$rtentry$$0000000A)
    __rt_entry_postsh_1                      0x0800036f   Thumb Code     0  __rtentry2.o(.ARM.Collect$$rtentry$$00000009)
    __rt_entry_main                          0x08000373   Thumb Code     0  __rtentry2.o(.ARM.Collect$$rtentry$$0000000D)
    __rt_entry_postli_1                      0x08000373   Thumb Code     0  __rtentry2.o(.ARM.Collect$$rtentry$$0000000C)
    __rt_exit                                0x0800037b   Thumb Code     0  rtexit.o(.ARM.Collect$$rtexit$$00000000)
    __rt_exit_ls                             0x0800037d   Thumb Code     0  rtexit2.o(.ARM.Collect$$rtexit$$00000003)
    __rt_exit_prels_1                        0x0800037d   Thumb Code     0  rtexit2.o(.ARM.Collect$$rtexit$$00000002)
    __rt_exit_exit                           0x08000381   Thumb Code     0  rtexit2.o(.ARM.Collect$$rtexit$$00000004)
    Reset_Handler                            0x08000389   Thumb Code    12  startup_stm32h723xx.o(.text)
    ADC3_IRQHandler                          0x080003a7   Thumb Code     0  startup_stm32h723xx.o(.text)
    ADC_IRQHandler                           0x080003a7   Thumb Code     0  startup_stm32h723xx.o(.text)
    BDMA_Channel0_IRQHandler                 0x080003a7   Thumb Code     0  startup_stm32h723xx.o(.text)
    BDMA_Channel1_IRQHandler                 0x080003a7   Thumb Code     0  startup_stm32h723xx.o(.text)
    BDMA_Channel2_IRQHandler                 0x080003a7   Thumb Code     0  startup_stm32h723xx.o(.text)
    BDMA_Channel3_IRQHandler                 0x080003a7   Thumb Code     0  startup_stm32h723xx.o(.text)
    BDMA_Channel4_IRQHandler                 0x080003a7   Thumb Code     0  startup_stm32h723xx.o(.text)
    BDMA_Channel5_IRQHandler                 0x080003a7   Thumb Code     0  startup_stm32h723xx.o(.text)
    BDMA_Channel6_IRQHandler                 0x080003a7   Thumb Code     0  startup_stm32h723xx.o(.text)
    BDMA_Channel7_IRQHandler                 0x080003a7   Thumb Code     0  startup_stm32h723xx.o(.text)
    CEC_IRQHandler                           0x080003a7   Thumb Code     0  startup_stm32h723xx.o(.text)
    COMP1_IRQHandler                         0x080003a7   Thumb Code     0  startup_stm32h723xx.o(.text)
    CORDIC_IRQHandler                        0x080003a7   Thumb Code     0  startup_stm32h723xx.o(.text)
    CRS_IRQHandler                           0x080003a7   Thumb Code     0  startup_stm32h723xx.o(.text)
    DCMI_PSSI_IRQHandler                     0x080003a7   Thumb Code     0  startup_stm32h723xx.o(.text)
    DFSDM1_FLT0_IRQHandler                   0x080003a7   Thumb Code     0  startup_stm32h723xx.o(.text)
    DFSDM1_FLT1_IRQHandler                   0x080003a7   Thumb Code     0  startup_stm32h723xx.o(.text)
    DFSDM1_FLT2_IRQHandler                   0x080003a7   Thumb Code     0  startup_stm32h723xx.o(.text)
    DFSDM1_FLT3_IRQHandler                   0x080003a7   Thumb Code     0  startup_stm32h723xx.o(.text)
    DMA1_Stream2_IRQHandler                  0x080003a7   Thumb Code     0  startup_stm32h723xx.o(.text)
    DMA1_Stream3_IRQHandler                  0x080003a7   Thumb Code     0  startup_stm32h723xx.o(.text)
    DMA1_Stream4_IRQHandler                  0x080003a7   Thumb Code     0  startup_stm32h723xx.o(.text)
    DMA1_Stream5_IRQHandler                  0x080003a7   Thumb Code     0  startup_stm32h723xx.o(.text)
    DMA1_Stream6_IRQHandler                  0x080003a7   Thumb Code     0  startup_stm32h723xx.o(.text)
    DMA1_Stream7_IRQHandler                  0x080003a7   Thumb Code     0  startup_stm32h723xx.o(.text)
    DMA2D_IRQHandler                         0x080003a7   Thumb Code     0  startup_stm32h723xx.o(.text)
    DMA2_Stream0_IRQHandler                  0x080003a7   Thumb Code     0  startup_stm32h723xx.o(.text)
    DMA2_Stream1_IRQHandler                  0x080003a7   Thumb Code     0  startup_stm32h723xx.o(.text)
    DMA2_Stream2_IRQHandler                  0x080003a7   Thumb Code     0  startup_stm32h723xx.o(.text)
    DMA2_Stream3_IRQHandler                  0x080003a7   Thumb Code     0  startup_stm32h723xx.o(.text)
    DMA2_Stream4_IRQHandler                  0x080003a7   Thumb Code     0  startup_stm32h723xx.o(.text)
    DMA2_Stream5_IRQHandler                  0x080003a7   Thumb Code     0  startup_stm32h723xx.o(.text)
    DMA2_Stream6_IRQHandler                  0x080003a7   Thumb Code     0  startup_stm32h723xx.o(.text)
    DMA2_Stream7_IRQHandler                  0x080003a7   Thumb Code     0  startup_stm32h723xx.o(.text)
    DMAMUX1_OVR_IRQHandler                   0x080003a7   Thumb Code     0  startup_stm32h723xx.o(.text)
    DMAMUX2_OVR_IRQHandler                   0x080003a7   Thumb Code     0  startup_stm32h723xx.o(.text)
    DTS_IRQHandler                           0x080003a7   Thumb Code     0  startup_stm32h723xx.o(.text)
    ECC_IRQHandler                           0x080003a7   Thumb Code     0  startup_stm32h723xx.o(.text)
    ETH_IRQHandler                           0x080003a7   Thumb Code     0  startup_stm32h723xx.o(.text)
    ETH_WKUP_IRQHandler                      0x080003a7   Thumb Code     0  startup_stm32h723xx.o(.text)
    EXTI0_IRQHandler                         0x080003a7   Thumb Code     0  startup_stm32h723xx.o(.text)
    EXTI15_10_IRQHandler                     0x080003a7   Thumb Code     0  startup_stm32h723xx.o(.text)
    EXTI1_IRQHandler                         0x080003a7   Thumb Code     0  startup_stm32h723xx.o(.text)
    EXTI2_IRQHandler                         0x080003a7   Thumb Code     0  startup_stm32h723xx.o(.text)
    EXTI3_IRQHandler                         0x080003a7   Thumb Code     0  startup_stm32h723xx.o(.text)
    EXTI4_IRQHandler                         0x080003a7   Thumb Code     0  startup_stm32h723xx.o(.text)
    EXTI9_5_IRQHandler                       0x080003a7   Thumb Code     0  startup_stm32h723xx.o(.text)
    FDCAN3_IT0_IRQHandler                    0x080003a7   Thumb Code     0  startup_stm32h723xx.o(.text)
    FDCAN3_IT1_IRQHandler                    0x080003a7   Thumb Code     0  startup_stm32h723xx.o(.text)
    FDCAN_CAL_IRQHandler                     0x080003a7   Thumb Code     0  startup_stm32h723xx.o(.text)
    FLASH_IRQHandler                         0x080003a7   Thumb Code     0  startup_stm32h723xx.o(.text)
    FMAC_IRQHandler                          0x080003a7   Thumb Code     0  startup_stm32h723xx.o(.text)
    FMC_IRQHandler                           0x080003a7   Thumb Code     0  startup_stm32h723xx.o(.text)
    FPU_IRQHandler                           0x080003a7   Thumb Code     0  startup_stm32h723xx.o(.text)
    HSEM1_IRQHandler                         0x080003a7   Thumb Code     0  startup_stm32h723xx.o(.text)
    I2C1_ER_IRQHandler                       0x080003a7   Thumb Code     0  startup_stm32h723xx.o(.text)
    I2C1_EV_IRQHandler                       0x080003a7   Thumb Code     0  startup_stm32h723xx.o(.text)
    I2C2_ER_IRQHandler                       0x080003a7   Thumb Code     0  startup_stm32h723xx.o(.text)
    I2C2_EV_IRQHandler                       0x080003a7   Thumb Code     0  startup_stm32h723xx.o(.text)
    I2C3_ER_IRQHandler                       0x080003a7   Thumb Code     0  startup_stm32h723xx.o(.text)
    I2C3_EV_IRQHandler                       0x080003a7   Thumb Code     0  startup_stm32h723xx.o(.text)
    I2C4_ER_IRQHandler                       0x080003a7   Thumb Code     0  startup_stm32h723xx.o(.text)
    I2C4_EV_IRQHandler                       0x080003a7   Thumb Code     0  startup_stm32h723xx.o(.text)
    I2C5_ER_IRQHandler                       0x080003a7   Thumb Code     0  startup_stm32h723xx.o(.text)
    I2C5_EV_IRQHandler                       0x080003a7   Thumb Code     0  startup_stm32h723xx.o(.text)
    LPTIM1_IRQHandler                        0x080003a7   Thumb Code     0  startup_stm32h723xx.o(.text)
    LPTIM2_IRQHandler                        0x080003a7   Thumb Code     0  startup_stm32h723xx.o(.text)
    LPTIM3_IRQHandler                        0x080003a7   Thumb Code     0  startup_stm32h723xx.o(.text)
    LPTIM4_IRQHandler                        0x080003a7   Thumb Code     0  startup_stm32h723xx.o(.text)
    LPTIM5_IRQHandler                        0x080003a7   Thumb Code     0  startup_stm32h723xx.o(.text)
    LPUART1_IRQHandler                       0x080003a7   Thumb Code     0  startup_stm32h723xx.o(.text)
    LTDC_ER_IRQHandler                       0x080003a7   Thumb Code     0  startup_stm32h723xx.o(.text)
    LTDC_IRQHandler                          0x080003a7   Thumb Code     0  startup_stm32h723xx.o(.text)
    MDIOS_IRQHandler                         0x080003a7   Thumb Code     0  startup_stm32h723xx.o(.text)
    MDIOS_WKUP_IRQHandler                    0x080003a7   Thumb Code     0  startup_stm32h723xx.o(.text)
    MDMA_IRQHandler                          0x080003a7   Thumb Code     0  startup_stm32h723xx.o(.text)
    OCTOSPI1_IRQHandler                      0x080003a7   Thumb Code     0  startup_stm32h723xx.o(.text)
    OCTOSPI2_IRQHandler                      0x080003a7   Thumb Code     0  startup_stm32h723xx.o(.text)
    OTG_HS_EP1_IN_IRQHandler                 0x080003a7   Thumb Code     0  startup_stm32h723xx.o(.text)
    OTG_HS_EP1_OUT_IRQHandler                0x080003a7   Thumb Code     0  startup_stm32h723xx.o(.text)
    OTG_HS_IRQHandler                        0x080003a7   Thumb Code     0  startup_stm32h723xx.o(.text)
    OTG_HS_WKUP_IRQHandler                   0x080003a7   Thumb Code     0  startup_stm32h723xx.o(.text)
    PVD_AVD_IRQHandler                       0x080003a7   Thumb Code     0  startup_stm32h723xx.o(.text)
    RCC_IRQHandler                           0x080003a7   Thumb Code     0  startup_stm32h723xx.o(.text)
    RNG_IRQHandler                           0x080003a7   Thumb Code     0  startup_stm32h723xx.o(.text)
    RTC_Alarm_IRQHandler                     0x080003a7   Thumb Code     0  startup_stm32h723xx.o(.text)
    RTC_WKUP_IRQHandler                      0x080003a7   Thumb Code     0  startup_stm32h723xx.o(.text)
    SAI1_IRQHandler                          0x080003a7   Thumb Code     0  startup_stm32h723xx.o(.text)
    SAI4_IRQHandler                          0x080003a7   Thumb Code     0  startup_stm32h723xx.o(.text)
    SDMMC1_IRQHandler                        0x080003a7   Thumb Code     0  startup_stm32h723xx.o(.text)
    SDMMC2_IRQHandler                        0x080003a7   Thumb Code     0  startup_stm32h723xx.o(.text)
    SPDIF_RX_IRQHandler                      0x080003a7   Thumb Code     0  startup_stm32h723xx.o(.text)
    SPI1_IRQHandler                          0x080003a7   Thumb Code     0  startup_stm32h723xx.o(.text)
    SPI2_IRQHandler                          0x080003a7   Thumb Code     0  startup_stm32h723xx.o(.text)
    SPI3_IRQHandler                          0x080003a7   Thumb Code     0  startup_stm32h723xx.o(.text)
    SPI4_IRQHandler                          0x080003a7   Thumb Code     0  startup_stm32h723xx.o(.text)
    SPI5_IRQHandler                          0x080003a7   Thumb Code     0  startup_stm32h723xx.o(.text)
    SPI6_IRQHandler                          0x080003a7   Thumb Code     0  startup_stm32h723xx.o(.text)
    SWPMI1_IRQHandler                        0x080003a7   Thumb Code     0  startup_stm32h723xx.o(.text)
    TAMP_STAMP_IRQHandler                    0x080003a7   Thumb Code     0  startup_stm32h723xx.o(.text)
    TIM15_IRQHandler                         0x080003a7   Thumb Code     0  startup_stm32h723xx.o(.text)
    TIM16_IRQHandler                         0x080003a7   Thumb Code     0  startup_stm32h723xx.o(.text)
    TIM17_IRQHandler                         0x080003a7   Thumb Code     0  startup_stm32h723xx.o(.text)
    TIM1_BRK_IRQHandler                      0x080003a7   Thumb Code     0  startup_stm32h723xx.o(.text)
    TIM1_CC_IRQHandler                       0x080003a7   Thumb Code     0  startup_stm32h723xx.o(.text)
    TIM1_TRG_COM_IRQHandler                  0x080003a7   Thumb Code     0  startup_stm32h723xx.o(.text)
    TIM1_UP_IRQHandler                       0x080003a7   Thumb Code     0  startup_stm32h723xx.o(.text)
    TIM23_IRQHandler                         0x080003a7   Thumb Code     0  startup_stm32h723xx.o(.text)
    TIM24_IRQHandler                         0x080003a7   Thumb Code     0  startup_stm32h723xx.o(.text)
    TIM2_IRQHandler                          0x080003a7   Thumb Code     0  startup_stm32h723xx.o(.text)
    TIM3_IRQHandler                          0x080003a7   Thumb Code     0  startup_stm32h723xx.o(.text)
    TIM4_IRQHandler                          0x080003a7   Thumb Code     0  startup_stm32h723xx.o(.text)
    TIM5_IRQHandler                          0x080003a7   Thumb Code     0  startup_stm32h723xx.o(.text)
    TIM6_DAC_IRQHandler                      0x080003a7   Thumb Code     0  startup_stm32h723xx.o(.text)
    TIM7_IRQHandler                          0x080003a7   Thumb Code     0  startup_stm32h723xx.o(.text)
    TIM8_BRK_TIM12_IRQHandler                0x080003a7   Thumb Code     0  startup_stm32h723xx.o(.text)
    TIM8_CC_IRQHandler                       0x080003a7   Thumb Code     0  startup_stm32h723xx.o(.text)
    TIM8_TRG_COM_TIM14_IRQHandler            0x080003a7   Thumb Code     0  startup_stm32h723xx.o(.text)
    TIM8_UP_TIM13_IRQHandler                 0x080003a7   Thumb Code     0  startup_stm32h723xx.o(.text)
    UART4_IRQHandler                         0x080003a7   Thumb Code     0  startup_stm32h723xx.o(.text)
    UART5_IRQHandler                         0x080003a7   Thumb Code     0  startup_stm32h723xx.o(.text)
    UART7_IRQHandler                         0x080003a7   Thumb Code     0  startup_stm32h723xx.o(.text)
    UART8_IRQHandler                         0x080003a7   Thumb Code     0  startup_stm32h723xx.o(.text)
    UART9_IRQHandler                         0x080003a7   Thumb Code     0  startup_stm32h723xx.o(.text)
    USART10_IRQHandler                       0x080003a7   Thumb Code     0  startup_stm32h723xx.o(.text)
    USART2_IRQHandler                        0x080003a7   Thumb Code     0  startup_stm32h723xx.o(.text)
    USART3_IRQHandler                        0x080003a7   Thumb Code     0  startup_stm32h723xx.o(.text)
    USART6_IRQHandler                        0x080003a7   Thumb Code     0  startup_stm32h723xx.o(.text)
    WAKEUP_PIN_IRQHandler                    0x080003a7   Thumb Code     0  startup_stm32h723xx.o(.text)
    WWDG_IRQHandler                          0x080003a7   Thumb Code     0  startup_stm32h723xx.o(.text)
    __user_initial_stackheap                 0x080003a9   Thumb Code     0  startup_stm32h723xx.o(.text)
    __aeabi_uldivmod                         0x080003d1   Thumb Code     0  lludivv7m.o(.text)
    _ll_udiv                                 0x080003d1   Thumb Code   238  lludivv7m.o(.text)
    __0sscanf                                0x080004c1   Thumb Code    52  __0sscanf.o(.text)
    _scanf_int                               0x080004fd   Thumb Code   332  _scanf_int.o(.text)
    _scanf_string                            0x08000649   Thumb Code   224  _scanf_str.o(.text)
    strncmp                                  0x08000729   Thumb Code   150  strncmp.o(.text)
    __aeabi_memcpy4                          0x080007bf   Thumb Code     0  rt_memcpy_w.o(.text)
    __aeabi_memcpy8                          0x080007bf   Thumb Code     0  rt_memcpy_w.o(.text)
    __rt_memcpy_w                            0x080007bf   Thumb Code   100  rt_memcpy_w.o(.text)
    _memcpy_lastbytes_aligned                0x08000807   Thumb Code     0  rt_memcpy_w.o(.text)
    __aeabi_memclr4                          0x08000823   Thumb Code     0  rt_memclr_w.o(.text)
    __aeabi_memclr8                          0x08000823   Thumb Code     0  rt_memclr_w.o(.text)
    __rt_memclr_w                            0x08000823   Thumb Code    78  rt_memclr_w.o(.text)
    _memset_w                                0x08000827   Thumb Code     0  rt_memclr_w.o(.text)
    __use_two_region_memory                  0x08000871   Thumb Code     2  heapauxi.o(.text)
    __rt_heap_escrow$2region                 0x08000873   Thumb Code     2  heapauxi.o(.text)
    __rt_heap_expand$2region                 0x08000875   Thumb Code     2  heapauxi.o(.text)
    __read_errno                             0x08000877   Thumb Code    10  _rserrno.o(.text)
    __set_errno                              0x08000881   Thumb Code    12  _rserrno.o(.text)
    _chval                                   0x0800088d   Thumb Code    28  _chval.o(.text)
    _scanf_really_real                       0x08000af5   Thumb Code   684  scanf_fp.o(.text)
    __vfscanf_char                           0x08000dad   Thumb Code    24  scanf_char.o(.text)
    _sgetc                                   0x08000dcd   Thumb Code    30  _sgetc.o(.text)
    _sbackspace                              0x08000deb   Thumb Code    34  _sgetc.o(.text)
    __rt_locale                              0x08000e0d   Thumb Code     8  rt_locale_intlibspace.o(.text)
    __aeabi_errno_addr                       0x08000e15   Thumb Code     8  rt_errno_addr_intlibspace.o(.text)
    __errno$intlibspace                      0x08000e15   Thumb Code     0  rt_errno_addr_intlibspace.o(.text)
    __rt_errno_addr$intlibspace              0x08000e15   Thumb Code     0  rt_errno_addr_intlibspace.o(.text)
    isspace                                  0x08000e1d   Thumb Code    18  isspace.o(.text)
    __vfscanf                                0x08000e31   Thumb Code   878  _scanf.o(.text)
    _btod_etento                             0x080011a5   Thumb Code   224  bigflt0.o(.text)
    __user_libspace                          0x08001289   Thumb Code     8  libspace.o(.text)
    __user_perproc_libspace                  0x08001289   Thumb Code     0  libspace.o(.text)
    __user_perthread_libspace                0x08001289   Thumb Code     0  libspace.o(.text)
    __user_setup_stackheap                   0x08001291   Thumb Code    74  sys_stackheap_outer.o(.text)
    __rt_ctype_table                         0x080012dd   Thumb Code    16  rt_ctype_table.o(.text)
    _scanf_really_hex_real                   0x080012ed   Thumb Code   786  scanf_hexfp.o(.text)
    _scanf_really_infnan                     0x0800160d   Thumb Code   292  scanf_infnan.o(.text)
    exit                                     0x08001741   Thumb Code    18  exit.o(.text)
    strcmp                                   0x08001755   Thumb Code   104  strcmpv7m_pel.o(.text)
    __aeabi_llsl                             0x080017bd   Thumb Code     0  llshl.o(.text)
    _ll_shift_l                              0x080017bd   Thumb Code    38  llshl.o(.text)
    _sys_exit                                0x080017e5   Thumb Code     8  sys_exit.o(.text)
    __I$use$semihosting                      0x080017f1   Thumb Code     0  use_no_semi.o(.text)
    __use_no_semihosting_swi                 0x080017f1   Thumb Code     2  use_no_semi.o(.text)
    __btod_div_common                        0x080017f3   Thumb Code   696  btod.o(CL$$btod_div_common)
    __semihosting_library_function           0x080017f3   Thumb Code     0  indicate_semi.o(.text)
    _e2d                                     0x08001b2d   Thumb Code   122  btod.o(CL$$btod_e2d)
    _e2e                                     0x08001bb1   Thumb Code   220  btod.o(CL$$btod_e2e)
    _btod_ediv                               0x08001c8d   Thumb Code    42  btod.o(CL$$btod_ediv)
    _btod_edivd                              0x08001cb7   Thumb Code    42  btod.o(CL$$btod_edivd)
    _btod_emul                               0x08001ce1   Thumb Code    42  btod.o(CL$$btod_emul)
    _btod_emuld                              0x08001d0b   Thumb Code    42  btod.o(CL$$btod_emuld)
    __btod_mult_common                       0x08001d35   Thumb Code   580  btod.o(CL$$btod_mult_common)
    BusFault_Handler                         0x08001f79   Thumb Code     2  stm32h7xx_it.o(i.BusFault_Handler)
    Communication_Usart_Init                 0x08001f7d   Thumb Code    10  robotic_arm_communication_hal_stm32_port.o(i.Communication_Usart_Init)
    DMA1_Stream0_IRQHandler                  0x08001f91   Thumb Code     6  stm32h7xx_it.o(i.DMA1_Stream0_IRQHandler)
    DMA1_Stream1_IRQHandler                  0x08001f9d   Thumb Code     6  stm32h7xx_it.o(i.DMA1_Stream1_IRQHandler)
    DMJ4310_Motor_Control_Init               0x080023e1   Thumb Code    90  dmj4310_motor_driver.o(i.DMJ4310_Motor_Control_Init)
    DMJ4310_Motor_Enable                     0x08002451   Thumb Code    58  dmj4310_motor_driver.o(i.DMJ4310_Motor_Enable)
    DMJ4310_Motor_Handle_Update              0x0800248d   Thumb Code   200  robotic_arm_control_api.o(i.DMJ4310_Motor_Handle_Update)
    DMJ4310_Motor_MIT_Control                0x08002561   Thumb Code   196  dmj4310_motor_driver.o(i.DMJ4310_Motor_MIT_Control)
    DMJ4310_Motor_Response_Data_Explain      0x0800262d   Thumb Code   124  dmj4310_motor_driver.o(i.DMJ4310_Motor_Response_Data_Explain)
    DebugMon_Handler                         0x080026a9   Thumb Code     2  stm32h7xx_it.o(i.DebugMon_Handler)
    Error_Handler                            0x080026ab   Thumb Code     4  main.o(i.Error_Handler)
    ExitRun0Mode                             0x080026b1   Thumb Code    22  system_stm32h7xx.o(i.ExitRun0Mode)
    FDCAN1_IT0_IRQHandler                    0x080026cd   Thumb Code     6  stm32h7xx_it.o(i.FDCAN1_IT0_IRQHandler)
    FDCAN1_IT1_IRQHandler                    0x080026d9   Thumb Code     6  stm32h7xx_it.o(i.FDCAN1_IT1_IRQHandler)
    FDCAN2_IT0_IRQHandler                    0x080026e5   Thumb Code     6  stm32h7xx_it.o(i.FDCAN2_IT0_IRQHandler)
    FDCAN2_IT1_IRQHandler                    0x080026f1   Thumb Code     6  stm32h7xx_it.o(i.FDCAN2_IT1_IRQHandler)
    FDCAN_Send_Standard                      0x08002931   Thumb Code   122  robotic_arm_motor_hal_stm32_port.o(i.FDCAN_Send_Standard)
    Float_To_Uint                            0x080029ab   Thumb Code    72  robotic_arm_motor_hal_stm32_port.o(i.Float_To_Uint)
    Forearm_Gravity_Compensation             0x080029f5   Thumb Code    16  control_algorithm.o(i.Forearm_Gravity_Compensation)
    HAL_DMA_Abort                            0x08002a09   Thumb Code   836  stm32h7xx_hal_dma.o(i.HAL_DMA_Abort)
    HAL_DMA_Abort_IT                         0x08002d69   Thumb Code   602  stm32h7xx_hal_dma.o(i.HAL_DMA_Abort_IT)
    HAL_DMA_IRQHandler                       0x08002fed   Thumb Code  1756  stm32h7xx_hal_dma.o(i.HAL_DMA_IRQHandler)
    HAL_DMA_Init                             0x080036d5   Thumb Code   922  stm32h7xx_hal_dma.o(i.HAL_DMA_Init)
    HAL_DMA_Start_IT                         0x08003a91   Thumb Code   628  stm32h7xx_hal_dma.o(i.HAL_DMA_Start_IT)
    HAL_Delay                                0x08003d2d   Thumb Code    32  stm32h7xx_hal.o(i.HAL_Delay)
    HAL_FDCAN_ActivateNotification           0x08003d51   Thumb Code   126  stm32h7xx_hal_fdcan.o(i.HAL_FDCAN_ActivateNotification)
    HAL_FDCAN_AddMessageToTxFifoQ            0x08003dd9   Thumb Code   102  stm32h7xx_hal_fdcan.o(i.HAL_FDCAN_AddMessageToTxFifoQ)
    HAL_FDCAN_ClockCalibrationCallback       0x08003e3f   Thumb Code     2  stm32h7xx_hal_fdcan.o(i.HAL_FDCAN_ClockCalibrationCallback)
    HAL_FDCAN_ConfigFilter                   0x08003e41   Thumb Code   126  stm32h7xx_hal_fdcan.o(i.HAL_FDCAN_ConfigFilter)
    HAL_FDCAN_ErrorCallback                  0x08003ebf   Thumb Code     2  stm32h7xx_hal_fdcan.o(i.HAL_FDCAN_ErrorCallback)
    HAL_FDCAN_ErrorStatusCallback            0x08003ec1   Thumb Code     2  stm32h7xx_hal_fdcan.o(i.HAL_FDCAN_ErrorStatusCallback)
    HAL_FDCAN_GetRxMessage                   0x08003ec5   Thumb Code   392  stm32h7xx_hal_fdcan.o(i.HAL_FDCAN_GetRxMessage)
    HAL_FDCAN_HighPriorityMessageCallback    0x08004051   Thumb Code     2  stm32h7xx_hal_fdcan.o(i.HAL_FDCAN_HighPriorityMessageCallback)
    HAL_FDCAN_IRQHandler                     0x08004055   Thumb Code   788  stm32h7xx_hal_fdcan.o(i.HAL_FDCAN_IRQHandler)
    HAL_FDCAN_Init                           0x08004375   Thumb Code   572  stm32h7xx_hal_fdcan.o(i.HAL_FDCAN_Init)
    HAL_FDCAN_MspInit                        0x080045b9   Thumb Code   300  fdcan.o(i.HAL_FDCAN_MspInit)
    HAL_FDCAN_RxBufferNewMessageCallback     0x080046fd   Thumb Code     2  stm32h7xx_hal_fdcan.o(i.HAL_FDCAN_RxBufferNewMessageCallback)
    HAL_FDCAN_RxFifo0Callback                0x08004701   Thumb Code    82  robotic_arm_motor_hal_stm32_port.o(i.HAL_FDCAN_RxFifo0Callback)
    HAL_FDCAN_RxFifo1Callback                0x08004759   Thumb Code    86  robotic_arm_motor_hal_stm32_port.o(i.HAL_FDCAN_RxFifo1Callback)
    HAL_FDCAN_Start                          0x080047b5   Thumb Code    50  stm32h7xx_hal_fdcan.o(i.HAL_FDCAN_Start)
    HAL_FDCAN_TT_GlobalTimeCallback          0x080047e7   Thumb Code     2  stm32h7xx_hal_fdcan.o(i.HAL_FDCAN_TT_GlobalTimeCallback)
    HAL_FDCAN_TT_ScheduleSyncCallback        0x080047e9   Thumb Code     2  stm32h7xx_hal_fdcan.o(i.HAL_FDCAN_TT_ScheduleSyncCallback)
    HAL_FDCAN_TT_StopWatchCallback           0x080047eb   Thumb Code     2  stm32h7xx_hal_fdcan.o(i.HAL_FDCAN_TT_StopWatchCallback)
    HAL_FDCAN_TT_TimeMarkCallback            0x080047ed   Thumb Code     2  stm32h7xx_hal_fdcan.o(i.HAL_FDCAN_TT_TimeMarkCallback)
    HAL_FDCAN_TimeoutOccurredCallback        0x080047ef   Thumb Code     2  stm32h7xx_hal_fdcan.o(i.HAL_FDCAN_TimeoutOccurredCallback)
    HAL_FDCAN_TimestampWraparoundCallback    0x080047f1   Thumb Code     2  stm32h7xx_hal_fdcan.o(i.HAL_FDCAN_TimestampWraparoundCallback)
    HAL_FDCAN_TxBufferAbortCallback          0x080047f3   Thumb Code     2  stm32h7xx_hal_fdcan.o(i.HAL_FDCAN_TxBufferAbortCallback)
    HAL_FDCAN_TxBufferCompleteCallback       0x080047f5   Thumb Code     2  stm32h7xx_hal_fdcan.o(i.HAL_FDCAN_TxBufferCompleteCallback)
    HAL_FDCAN_TxEventFifoCallback            0x080047f7   Thumb Code     2  stm32h7xx_hal_fdcan.o(i.HAL_FDCAN_TxEventFifoCallback)
    HAL_FDCAN_TxFifoEmptyCallback            0x080047f9   Thumb Code     2  stm32h7xx_hal_fdcan.o(i.HAL_FDCAN_TxFifoEmptyCallback)
    HAL_GPIO_Init                            0x080047fd   Thumb Code   496  stm32h7xx_hal_gpio.o(i.HAL_GPIO_Init)
    HAL_GPIO_WritePin                        0x08004a19   Thumb Code    10  stm32h7xx_hal_gpio.o(i.HAL_GPIO_WritePin)
    HAL_GetTick                              0x08004a25   Thumb Code     6  stm32h7xx_hal.o(i.HAL_GetTick)
    HAL_IncTick                              0x08004a31   Thumb Code    12  stm32h7xx_hal.o(i.HAL_IncTick)
    HAL_Init                                 0x08004a41   Thumb Code    74  stm32h7xx_hal.o(i.HAL_Init)
    HAL_InitTick                             0x08004a9d   Thumb Code    56  stm32h7xx_hal.o(i.HAL_InitTick)
    HAL_MspInit                              0x08004add   Thumb Code    22  stm32h7xx_hal_msp.o(i.HAL_MspInit)
    HAL_NVIC_EnableIRQ                       0x08004af9   Thumb Code    26  stm32h7xx_hal_cortex.o(i.HAL_NVIC_EnableIRQ)
    HAL_NVIC_SetPriority                     0x08004b15   Thumb Code    60  stm32h7xx_hal_cortex.o(i.HAL_NVIC_SetPriority)
    HAL_NVIC_SetPriorityGrouping             0x08004b55   Thumb Code    28  stm32h7xx_hal_cortex.o(i.HAL_NVIC_SetPriorityGrouping)
    HAL_PWREx_ConfigSupply                   0x08004b79   Thumb Code    78  stm32h7xx_hal_pwr_ex.o(i.HAL_PWREx_ConfigSupply)
    HAL_RCCEx_GetD3PCLK1Freq                 0x08004bcd   Thumb Code    26  stm32h7xx_hal_rcc_ex.o(i.HAL_RCCEx_GetD3PCLK1Freq)
    HAL_RCCEx_GetPLL2ClockFreq               0x08004bf1   Thumb Code   296  stm32h7xx_hal_rcc_ex.o(i.HAL_RCCEx_GetPLL2ClockFreq)
    HAL_RCCEx_GetPLL3ClockFreq               0x08004d35   Thumb Code   296  stm32h7xx_hal_rcc_ex.o(i.HAL_RCCEx_GetPLL3ClockFreq)
    HAL_RCCEx_PeriphCLKConfig                0x08004e79   Thumb Code  2362  stm32h7xx_hal_rcc_ex.o(i.HAL_RCCEx_PeriphCLKConfig)
    HAL_RCC_ClockConfig                      0x080057b5   Thumb Code   580  stm32h7xx_hal_rcc.o(i.HAL_RCC_ClockConfig)
    HAL_RCC_GetHCLKFreq                      0x08005a11   Thumb Code    52  stm32h7xx_hal_rcc.o(i.HAL_RCC_GetHCLKFreq)
    HAL_RCC_GetPCLK1Freq                     0x08005a55   Thumb Code    26  stm32h7xx_hal_rcc.o(i.HAL_RCC_GetPCLK1Freq)
    HAL_RCC_GetPCLK2Freq                     0x08005a79   Thumb Code    26  stm32h7xx_hal_rcc.o(i.HAL_RCC_GetPCLK2Freq)
    HAL_RCC_GetSysClockFreq                  0x08005a9d   Thumb Code   278  stm32h7xx_hal_rcc.o(i.HAL_RCC_GetSysClockFreq)
    HAL_RCC_MCOConfig                        0x08005bd5   Thumb Code   130  stm32h7xx_hal_rcc.o(i.HAL_RCC_MCOConfig)
    HAL_RCC_OscConfig                        0x08005c69   Thumb Code  1318  stm32h7xx_hal_rcc.o(i.HAL_RCC_OscConfig)
    HAL_SYSTICK_Config                       0x0800618f   Thumb Code    38  stm32h7xx_hal_cortex.o(i.HAL_SYSTICK_Config)
    HAL_TIMEx_ConfigBreakDeadTime            0x080061b5   Thumb Code   150  stm32h7xx_hal_tim_ex.o(i.HAL_TIMEx_ConfigBreakDeadTime)
    HAL_TIMEx_MasterConfigSynchronization    0x08006255   Thumb Code   146  stm32h7xx_hal_tim_ex.o(i.HAL_TIMEx_MasterConfigSynchronization)
    HAL_TIM_MspPostInit                      0x0800630d   Thumb Code   110  tim.o(i.HAL_TIM_MspPostInit)
    HAL_TIM_PWM_ConfigChannel                0x0800638d   Thumb Code   292  stm32h7xx_hal_tim.o(i.HAL_TIM_PWM_ConfigChannel)
    HAL_TIM_PWM_Init                         0x080064b1   Thumb Code    98  stm32h7xx_hal_tim.o(i.HAL_TIM_PWM_Init)
    HAL_TIM_PWM_MspInit                      0x08006515   Thumb Code    42  tim.o(i.HAL_TIM_PWM_MspInit)
    HAL_TIM_PWM_Start                        0x08006549   Thumb Code   244  stm32h7xx_hal_tim.o(i.HAL_TIM_PWM_Start)
    HAL_UARTEx_DisableFifoMode               0x0800666d   Thumb Code    64  stm32h7xx_hal_uart_ex.o(i.HAL_UARTEx_DisableFifoMode)
    HAL_UARTEx_ReceiveToIdle_DMA             0x080066ad   Thumb Code    74  stm32h7xx_hal_uart_ex.o(i.HAL_UARTEx_ReceiveToIdle_DMA)
    HAL_UARTEx_RxEventCallback               0x080066f9   Thumb Code   188  robotic_arm_communication_hal_stm32_port.o(i.HAL_UARTEx_RxEventCallback)
    HAL_UARTEx_RxFifoFullCallback            0x080067f1   Thumb Code     2  stm32h7xx_hal_uart_ex.o(i.HAL_UARTEx_RxFifoFullCallback)
    HAL_UARTEx_SetRxFifoThreshold            0x080067f3   Thumb Code    76  stm32h7xx_hal_uart_ex.o(i.HAL_UARTEx_SetRxFifoThreshold)
    HAL_UARTEx_SetTxFifoThreshold            0x0800683f   Thumb Code    76  stm32h7xx_hal_uart_ex.o(i.HAL_UARTEx_SetTxFifoThreshold)
    HAL_UARTEx_TxFifoEmptyCallback           0x0800688b   Thumb Code     2  stm32h7xx_hal_uart_ex.o(i.HAL_UARTEx_TxFifoEmptyCallback)
    HAL_UARTEx_WakeupCallback                0x0800688d   Thumb Code     2  stm32h7xx_hal_uart_ex.o(i.HAL_UARTEx_WakeupCallback)
    HAL_UART_ErrorCallback                   0x0800688f   Thumb Code     2  stm32h7xx_hal_uart.o(i.HAL_UART_ErrorCallback)
    HAL_UART_IRQHandler                      0x08006891   Thumb Code   898  stm32h7xx_hal_uart.o(i.HAL_UART_IRQHandler)
    HAL_UART_Init                            0x08006c2d   Thumb Code   106  stm32h7xx_hal_uart.o(i.HAL_UART_Init)
    HAL_UART_MspInit                         0x08006c99   Thumb Code   230  usart.o(i.HAL_UART_MspInit)
    HAL_UART_RxCpltCallback                  0x08006d95   Thumb Code     2  stm32h7xx_hal_uart.o(i.HAL_UART_RxCpltCallback)
    HAL_UART_RxHalfCpltCallback              0x08006d97   Thumb Code     2  stm32h7xx_hal_uart.o(i.HAL_UART_RxHalfCpltCallback)
    HAL_UART_TxCpltCallback                  0x08006d99   Thumb Code     2  stm32h7xx_hal_uart.o(i.HAL_UART_TxCpltCallback)
    HardFault_Handler                        0x08006d9b   Thumb Code     2  stm32h7xx_it.o(i.HardFault_Handler)
    LFD01M_Motor_Control_Init                0x08006d9d   Thumb Code    52  lfd01m_motor_driver.o(i.LFD01M_Motor_Control_Init)
    LFD01M_Motor_Handle_Update               0x08006de1   Thumb Code    58  robotic_arm_control_api.o(i.LFD01M_Motor_Handle_Update)
    LFD01M_Motor_Set_Angle                   0x08006e21   Thumb Code   132  lfd01m_motor_driver.o(i.LFD01M_Motor_Set_Angle)
    LK4005_Motor_Control_Init                0x08006eb5   Thumb Code   172  lk4005_motor_driver.o(i.LK4005_Motor_Control_Init)
    LK4005_Motor_Handle_Update               0x08006f89   Thumb Code   286  robotic_arm_control_api.o(i.LK4005_Motor_Handle_Update)
    LK4005_Motor_Read_Position               0x080070b5   Thumb Code    28  lk4005_motor_driver.o(i.LK4005_Motor_Read_Position)
    LK4005_Motor_Read_Velocity               0x080070d1   Thumb Code    28  lk4005_motor_driver.o(i.LK4005_Motor_Read_Velocity)
    LK4005_Motor_Response_Data_Explain       0x080070ed   Thumb Code   120  lk4005_motor_driver.o(i.LK4005_Motor_Response_Data_Explain)
    LK4005_Motor_Torque_Control              0x08007171   Thumb Code    94  lk4005_motor_driver.o(i.LK4005_Motor_Torque_Control)
    MX_DMA_Init                              0x080071e5   Thumb Code    56  dma.o(i.MX_DMA_Init)
    MX_FDCAN1_Init                           0x08007221   Thumb Code   100  fdcan.o(i.MX_FDCAN1_Init)
    MX_FDCAN2_Init                           0x0800728d   Thumb Code   108  fdcan.o(i.MX_FDCAN2_Init)
    MX_GPIO_Init                             0x08007301   Thumb Code   172  gpio.o(i.MX_GPIO_Init)
    MX_TIM1_Init                             0x080073b9   Thumb Code   170  tim.o(i.MX_TIM1_Init)
    MX_TIM2_Init                             0x0800746d   Thumb Code   110  tim.o(i.MX_TIM2_Init)
    MX_USART1_UART_Init                      0x080074e1   Thumb Code    94  usart.o(i.MX_USART1_UART_Init)
    MemManage_Handler                        0x08007549   Thumb Code     2  stm32h7xx_it.o(i.MemManage_Handler)
    Motor_Control_Init                       0x0800754d   Thumb Code    30  robotic_arm_motor_hal_stm32_port.o(i.Motor_Control_Init)
    Motor_MIT_Control                        0x08007575   Thumb Code    94  control_algorithm.o(i.Motor_MIT_Control)
    NMI_Handler                              0x080075d3   Thumb Code     2  stm32h7xx_it.o(i.NMI_Handler)
    PendSV_Handler                           0x080075d5   Thumb Code     2  stm32h7xx_it.o(i.PendSV_Handler)
    Robotic_Arm_Control                      0x08007819   Thumb Code    18  robotic_arm_control_api.o(i.Robotic_Arm_Control)
    Robotic_Arm_Control_Init                 0x0800782d   Thumb Code    62  robotic_arm_control_api.o(i.Robotic_Arm_Control_Init)
    SVC_Handler                              0x08007871   Thumb Code     2  stm32h7xx_it.o(i.SVC_Handler)
    Speed_Plan_Update                        0x08007875   Thumb Code   620  control_algorithm.o(i.Speed_Plan_Update)
    SysTick_Handler                          0x08007ae9   Thumb Code     4  stm32h7xx_it.o(i.SysTick_Handler)
    SystemClock_Config                       0x08007aed   Thumb Code   160  main.o(i.SystemClock_Config)
    SystemInit                               0x08007b91   Thumb Code   184  system_stm32h7xx.o(i.SystemInit)
    TIM_Base_SetConfig                       0x08007c69   Thumb Code   182  stm32h7xx_hal_tim.o(i.TIM_Base_SetConfig)
    TIM_CCxChannelCmd                        0x08007d49   Thumb Code    26  stm32h7xx_hal_tim.o(i.TIM_CCxChannelCmd)
    TIM_OC2_SetConfig                        0x08007e09   Thumb Code   126  stm32h7xx_hal_tim.o(i.TIM_OC2_SetConfig)
    UART_AdvFeatureConfig                    0x080080dd   Thumb Code   200  stm32h7xx_hal_uart.o(i.UART_AdvFeatureConfig)
    UART_CheckIdleState                      0x080081a5   Thumb Code   170  stm32h7xx_hal_uart.o(i.UART_CheckIdleState)
    UART_SetConfig                           0x080083d5   Thumb Code   914  stm32h7xx_hal_uart.o(i.UART_SetConfig)
    UART_Start_Receive_DMA                   0x080087b1   Thumb Code   156  stm32h7xx_hal_uart.o(i.UART_Start_Receive_DMA)
    UART_WaitOnFlagUntilTimeout              0x08008859   Thumb Code   148  stm32h7xx_hal_uart.o(i.UART_WaitOnFlagUntilTimeout)
    USART1_IRQHandler                        0x080088ed   Thumb Code     6  stm32h7xx_it.o(i.USART1_IRQHandler)
    Uint_To_Float                            0x080088f9   Thumb Code    40  robotic_arm_motor_hal_stm32_port.o(i.Uint_To_Float)
    Upperarm_Gravity_Compensation            0x08008921   Thumb Code    36  control_algorithm.o(i.Upperarm_Gravity_Compensation)
    UsageFault_Handler                       0x08008949   Thumb Code     2  stm32h7xx_it.o(i.UsageFault_Handler)
    __ARM_fpclassifyf                        0x0800894b   Thumb Code    38  fpclassifyf.o(i.__ARM_fpclassifyf)
    __hardfp___mathlib_tofloat               0x08008999   Thumb Code   194  narrow.o(i.__hardfp___mathlib_tofloat)
    __hardfp_cosf                            0x08008a75   Thumb Code   276  cosf.o(i.__hardfp_cosf)
    __hardfp_powf                            0x08008bc5   Thumb Code  1590  powf.o(i.__hardfp_powf)
    __mathlib_powf                           0x08008bc5   Thumb Code     0  powf.o(i.__hardfp_powf)
    __mathlib_dbl_overflow                   0x08009221   Thumb Code    10  dunder.o(i.__mathlib_dbl_overflow)
    __mathlib_dbl_underflow                  0x08009239   Thumb Code    10  dunder.o(i.__mathlib_dbl_underflow)
    __mathlib_flt_divzero                    0x08009251   Thumb Code    14  funder.o(i.__mathlib_flt_divzero)
    __mathlib_flt_infnan                     0x08009269   Thumb Code     6  funder.o(i.__mathlib_flt_infnan)
    __mathlib_flt_infnan2                    0x0800926f   Thumb Code     6  funder.o(i.__mathlib_flt_infnan2)
    __mathlib_flt_invalid                    0x08009275   Thumb Code    10  funder.o(i.__mathlib_flt_invalid)
    __mathlib_flt_overflow                   0x08009285   Thumb Code    10  funder.o(i.__mathlib_flt_overflow)
    __mathlib_flt_underflow                  0x08009295   Thumb Code    10  funder.o(i.__mathlib_flt_underflow)
    __mathlib_narrow                         0x080092a5   Thumb Code    18  narrow.o(i.__mathlib_narrow)
    __mathlib_rredf2                         0x080092b9   Thumb Code   316  rredf.o(i.__mathlib_rredf2)
    __support_ldexp                          0x08009411   Thumb Code   170  ldexp.o(i.__support_ldexp)
    _is_digit                                0x080094c9   Thumb Code    14  scanf_fp.o(i._is_digit)
    frexp                                    0x080094d9   Thumb Code   118  frexp.o(i.frexp)
    main                                     0x08009565   Thumb Code    46  main.o(i.main)
    _get_lc_numeric                          0x08009595   Thumb Code    44  lc_numeric_c.o(locale$$code)
    _get_lc_ctype                            0x080095c1   Thumb Code    44  lc_ctype_c.o(locale$$code)
    __fpl_dcheck_NaN1                        0x080095ed   Thumb Code    10  dcheck1.o(x$fpl$dcheck1)
    _fp_init                                 0x080095fd   Thumb Code    10  fpinit.o(x$fpl$fpinit)
    __fplib_config_fpu_vfp                   0x08009605   Thumb Code     0  fpinit.o(x$fpl$fpinit)
    __fplib_config_pureend_doubles           0x08009605   Thumb Code     0  fpinit.o(x$fpl$fpinit)
    __ieee_status                            0x08009607   Thumb Code     6  istatus.o(x$fpl$ieeestatus)
    __fpl_return_NaN                         0x0800960d   Thumb Code   100  retnan.o(x$fpl$retnan)
    __ARM_scalbn                             0x08009671   Thumb Code    92  scalbn.o(x$fpl$scalbn)
    _scanf_real                              0x080096cd   Thumb Code     4  scanf1.o(x$fpl$scanf1)
    _scanf_hex_real                          0x080096d1   Thumb Code     4  scanf2.o(x$fpl$scanf2)
    _scanf_infnan                            0x080096d5   Thumb Code     4  scanf2.o(x$fpl$scanf2)
    __fpl_cmpreturn                          0x080096d9   Thumb Code    48  trapv.o(x$fpl$trapveneer)
    __I$use$fp                               0x08009708   Number         0  usenofp.o(x$fpl$usenofp)
    UARTPrescTable                           0x0800976c   Data          24  stm32h7xx_hal_uart.o(.constdata)
    D1CorePrescTable                         0x08009794   Data          16  system_stm32h7xx.o(.constdata)
    Region$$Table$$Base                      0x08009998   Number         0  anon$$obj.o(Region$$Table)
    Region$$Table$$Limit                     0x080099b8   Number         0  anon$$obj.o(Region$$Table)
    __aeabi_HUGE_VAL                         0x080099b8   Data           0  fpconst.o(c$$dinf)
    __aeabi_HUGE_VALL                        0x080099b8   Data           0  fpconst.o(c$$dinf)
    __aeabi_INFINITY                         0x080099b8   Data           0  fpconst.o(c$$dinf)
    __dInf                                   0x080099b8   Data           0  fpconst.o(c$$dinf)
    __huge_val                               0x080099b8   Data           0  fpconst.o(c$$dinf)
    __dbl_max                                0x080099c0   Data           0  fpconst.o(c$$dmax)
    __ctype                                  0x080099f1   Data           0  lc_ctype_c.o(locale$$data)
    uwTickFreq                               0x24000004   Data           1  stm32h7xx_hal.o(.data)
    uwTickPrio                               0x24000008   Data           4  stm32h7xx_hal.o(.data)
    uwTick                                   0x2400000c   Data           4  stm32h7xx_hal.o(.data)
    SystemCoreClock                          0x24000010   Data           4  system_stm32h7xx.o(.data)
    SystemD2Clock                            0x24000014   Data           4  system_stm32h7xx.o(.data)
    hfdcan1                                  0x24000018   Data         160  fdcan.o(.bss)
    hfdcan2                                  0x240000b8   Data         160  fdcan.o(.bss)
    htim1                                    0x24000158   Data          76  tim.o(.bss)
    htim2                                    0x240001a4   Data          76  tim.o(.bss)
    huart1                                   0x240001f0   Data         148  usart.o(.bss)
    hdma_usart1_rx                           0x24000284   Data         120  usart.o(.bss)
    hdma_usart1_tx                           0x240002fc   Data         120  usart.o(.bss)
    Usart_Used0_Rx_Buff                      0x24000374   Data          64  robotic_arm_communication_hal_stm32_port.o(.bss)
    LFD01M_Motor_Handle                      0x240003b4   Data          32  lfd01m_motor_driver.o(.bss)
    DMJ4310_Motor_Handle                     0x240003d4   Data         128  dmj4310_motor_driver.o(.bss)
    LK4005_Motor_Handle                      0x24000454   Data         272  lk4005_motor_driver.o(.bss)
    __libspace_start                         0x24000564   Data          96  libspace.o(.bss)
    __temporary_stack_top$libspace           0x240005c4   Data           0  libspace.o(.bss)



==============================================================================

Memory Map of the image

  Image Entry point : 0x080002cd

  Load Region LR_IROM1 (Base: 0x08000000, Size: 0x00009b0c, Max: 0x00100000, ABSOLUTE)

    Execution Region ER_IROM1 (Exec base: 0x08000000, Load base: 0x08000000, Size: 0x00009af4, Max: 0x00100000, ABSOLUTE)

    Exec Addr    Load Addr    Size         Type   Attr      Idx    E Section Name        Object

    0x08000000   0x08000000   0x000002cc   Data   RO            3    RESET               startup_stm32h723xx.o
    0x080002cc   0x080002cc   0x00000008   Code   RO         5680  * !!!main             c_w.l(__main.o)
    0x080002d4   0x080002d4   0x00000034   Code   RO         6027    !!!scatter          c_w.l(__scatter.o)
    0x08000308   0x08000308   0x0000001a   Code   RO         6029    !!handler_copy      c_w.l(__scatter_copy.o)
    0x08000322   0x08000322   0x00000002   PAD
    0x08000324   0x08000324   0x0000001c   Code   RO         6031    !!handler_zi        c_w.l(__scatter_zi.o)
    0x08000340   0x08000340   0x00000002   Code   RO         5850    .ARM.Collect$$libinit$$00000000  c_w.l(libinit.o)
    0x08000342   0x08000342   0x00000004   Code   RO         5851    .ARM.Collect$$libinit$$00000001  c_w.l(libinit2.o)
    0x08000346   0x08000346   0x00000000   Code   RO         5854    .ARM.Collect$$libinit$$00000004  c_w.l(libinit2.o)
    0x08000346   0x08000346   0x00000000   Code   RO         5857    .ARM.Collect$$libinit$$0000000A  c_w.l(libinit2.o)
    0x08000346   0x08000346   0x00000000   Code   RO         5859    .ARM.Collect$$libinit$$0000000C  c_w.l(libinit2.o)
    0x08000346   0x08000346   0x00000000   Code   RO         5861    .ARM.Collect$$libinit$$0000000E  c_w.l(libinit2.o)
    0x08000346   0x08000346   0x00000006   Code   RO         5862    .ARM.Collect$$libinit$$0000000F  c_w.l(libinit2.o)
    0x0800034c   0x0800034c   0x00000000   Code   RO         5864    .ARM.Collect$$libinit$$00000011  c_w.l(libinit2.o)
    0x0800034c   0x0800034c   0x0000000c   Code   RO         5865    .ARM.Collect$$libinit$$00000012  c_w.l(libinit2.o)
    0x08000358   0x08000358   0x00000000   Code   RO         5866    .ARM.Collect$$libinit$$00000013  c_w.l(libinit2.o)
    0x08000358   0x08000358   0x00000000   Code   RO         5868    .ARM.Collect$$libinit$$00000015  c_w.l(libinit2.o)
    0x08000358   0x08000358   0x0000000a   Code   RO         5869    .ARM.Collect$$libinit$$00000016  c_w.l(libinit2.o)
    0x08000362   0x08000362   0x00000000   Code   RO         5870    .ARM.Collect$$libinit$$00000017  c_w.l(libinit2.o)
    0x08000362   0x08000362   0x00000000   Code   RO         5872    .ARM.Collect$$libinit$$00000019  c_w.l(libinit2.o)
    0x08000362   0x08000362   0x00000000   Code   RO         5874    .ARM.Collect$$libinit$$0000001B  c_w.l(libinit2.o)
    0x08000362   0x08000362   0x00000000   Code   RO         5876    .ARM.Collect$$libinit$$0000001D  c_w.l(libinit2.o)
    0x08000362   0x08000362   0x00000000   Code   RO         5878    .ARM.Collect$$libinit$$0000001F  c_w.l(libinit2.o)
    0x08000362   0x08000362   0x00000000   Code   RO         5880    .ARM.Collect$$libinit$$00000021  c_w.l(libinit2.o)
    0x08000362   0x08000362   0x00000000   Code   RO         5882    .ARM.Collect$$libinit$$00000023  c_w.l(libinit2.o)
    0x08000362   0x08000362   0x00000000   Code   RO         5884    .ARM.Collect$$libinit$$00000025  c_w.l(libinit2.o)
    0x08000362   0x08000362   0x00000000   Code   RO         5888    .ARM.Collect$$libinit$$0000002C  c_w.l(libinit2.o)
    0x08000362   0x08000362   0x00000000   Code   RO         5890    .ARM.Collect$$libinit$$0000002E  c_w.l(libinit2.o)
    0x08000362   0x08000362   0x00000000   Code   RO         5892    .ARM.Collect$$libinit$$00000030  c_w.l(libinit2.o)
    0x08000362   0x08000362   0x00000000   Code   RO         5894    .ARM.Collect$$libinit$$00000032  c_w.l(libinit2.o)
    0x08000362   0x08000362   0x00000002   Code   RO         5895    .ARM.Collect$$libinit$$00000033  c_w.l(libinit2.o)
    0x08000364   0x08000364   0x00000002   Code   RO         5986    .ARM.Collect$$libshutdown$$00000000  c_w.l(libshutdown.o)
    0x08000366   0x08000366   0x00000000   Code   RO         6006    .ARM.Collect$$libshutdown$$00000002  c_w.l(libshutdown2.o)
    0x08000366   0x08000366   0x00000000   Code   RO         6008    .ARM.Collect$$libshutdown$$00000004  c_w.l(libshutdown2.o)
    0x08000366   0x08000366   0x00000000   Code   RO         6011    .ARM.Collect$$libshutdown$$00000007  c_w.l(libshutdown2.o)
    0x08000366   0x08000366   0x00000000   Code   RO         6014    .ARM.Collect$$libshutdown$$0000000A  c_w.l(libshutdown2.o)
    0x08000366   0x08000366   0x00000000   Code   RO         6016    .ARM.Collect$$libshutdown$$0000000C  c_w.l(libshutdown2.o)
    0x08000366   0x08000366   0x00000000   Code   RO         6019    .ARM.Collect$$libshutdown$$0000000F  c_w.l(libshutdown2.o)
    0x08000366   0x08000366   0x00000002   Code   RO         6020    .ARM.Collect$$libshutdown$$00000010  c_w.l(libshutdown2.o)
    0x08000368   0x08000368   0x00000000   Code   RO         5710    .ARM.Collect$$rtentry$$00000000  c_w.l(__rtentry.o)
    0x08000368   0x08000368   0x00000000   Code   RO         5750    .ARM.Collect$$rtentry$$00000002  c_w.l(__rtentry2.o)
    0x08000368   0x08000368   0x00000006   Code   RO         5762    .ARM.Collect$$rtentry$$00000004  c_w.l(__rtentry4.o)
    0x0800036e   0x0800036e   0x00000000   Code   RO         5752    .ARM.Collect$$rtentry$$00000009  c_w.l(__rtentry2.o)
    0x0800036e   0x0800036e   0x00000004   Code   RO         5753    .ARM.Collect$$rtentry$$0000000A  c_w.l(__rtentry2.o)
    0x08000372   0x08000372   0x00000000   Code   RO         5755    .ARM.Collect$$rtentry$$0000000C  c_w.l(__rtentry2.o)
    0x08000372   0x08000372   0x00000008   Code   RO         5756    .ARM.Collect$$rtentry$$0000000D  c_w.l(__rtentry2.o)
    0x0800037a   0x0800037a   0x00000002   Code   RO         5902    .ARM.Collect$$rtexit$$00000000  c_w.l(rtexit.o)
    0x0800037c   0x0800037c   0x00000000   Code   RO         5938    .ARM.Collect$$rtexit$$00000002  c_w.l(rtexit2.o)
    0x0800037c   0x0800037c   0x00000004   Code   RO         5939    .ARM.Collect$$rtexit$$00000003  c_w.l(rtexit2.o)
    0x08000380   0x08000380   0x00000006   Code   RO         5940    .ARM.Collect$$rtexit$$00000004  c_w.l(rtexit2.o)
    0x08000386   0x08000386   0x00000002   PAD
    0x08000388   0x08000388   0x00000048   Code   RO            4    .text               startup_stm32h723xx.o
    0x080003d0   0x080003d0   0x000000ee   Code   RO         5664    .text               c_w.l(lludivv7m.o)
    0x080004be   0x080004be   0x00000002   PAD
    0x080004c0   0x080004c0   0x0000003c   Code   RO         5666    .text               c_w.l(__0sscanf.o)
    0x080004fc   0x080004fc   0x0000014c   Code   RO         5668    .text               c_w.l(_scanf_int.o)
    0x08000648   0x08000648   0x000000e0   Code   RO         5670    .text               c_w.l(_scanf_str.o)
    0x08000728   0x08000728   0x00000096   Code   RO         5672    .text               c_w.l(strncmp.o)
    0x080007be   0x080007be   0x00000064   Code   RO         5674    .text               c_w.l(rt_memcpy_w.o)
    0x08000822   0x08000822   0x0000004e   Code   RO         5676    .text               c_w.l(rt_memclr_w.o)
    0x08000870   0x08000870   0x00000006   Code   RO         5678    .text               c_w.l(heapauxi.o)
    0x08000876   0x08000876   0x00000016   Code   RO         5715    .text               c_w.l(_rserrno.o)
    0x0800088c   0x0800088c   0x0000001c   Code   RO         5717    .text               c_w.l(_chval.o)
    0x080008a8   0x080008a8   0x000004f8   Code   RO         5719    .text               c_w.l(scanf_fp.o)
    0x08000da0   0x08000da0   0x0000002c   Code   RO         5723    .text               c_w.l(scanf_char.o)
    0x08000dcc   0x08000dcc   0x00000040   Code   RO         5725    .text               c_w.l(_sgetc.o)
    0x08000e0c   0x08000e0c   0x00000008   Code   RO         5769    .text               c_w.l(rt_locale_intlibspace.o)
    0x08000e14   0x08000e14   0x00000008   Code   RO         5774    .text               c_w.l(rt_errno_addr_intlibspace.o)
    0x08000e1c   0x08000e1c   0x00000012   Code   RO         5776    .text               c_w.l(isspace.o)
    0x08000e2e   0x08000e2e   0x00000002   PAD
    0x08000e30   0x08000e30   0x00000374   Code   RO         5778    .text               c_w.l(_scanf.o)
    0x080011a4   0x080011a4   0x000000e4   Code   RO         5780    .text               c_w.l(bigflt0.o)
    0x08001288   0x08001288   0x00000008   Code   RO         5826    .text               c_w.l(libspace.o)
    0x08001290   0x08001290   0x0000004a   Code   RO         5829    .text               c_w.l(sys_stackheap_outer.o)
    0x080012da   0x080012da   0x00000002   PAD
    0x080012dc   0x080012dc   0x00000010   Code   RO         5831    .text               c_w.l(rt_ctype_table.o)
    0x080012ec   0x080012ec   0x00000320   Code   RO         5833    .text               c_w.l(scanf_hexfp.o)
    0x0800160c   0x0800160c   0x00000134   Code   RO         5835    .text               c_w.l(scanf_infnan.o)
    0x08001740   0x08001740   0x00000012   Code   RO         5837    .text               c_w.l(exit.o)
    0x08001752   0x08001752   0x00000002   PAD
    0x08001754   0x08001754   0x00000068   Code   RO         5843    .text               c_w.l(strcmpv7m_pel.o)
    0x080017bc   0x080017bc   0x00000026   Code   RO         5906    .text               c_w.l(llshl.o)
    0x080017e2   0x080017e2   0x00000002   PAD
    0x080017e4   0x080017e4   0x0000000c   Code   RO         5935    .text               c_w.l(sys_exit.o)
    0x080017f0   0x080017f0   0x00000002   Code   RO         5973    .text               c_w.l(use_no_semi.o)
    0x080017f2   0x080017f2   0x00000000   Code   RO         5975    .text               c_w.l(indicate_semi.o)
    0x080017f2   0x080017f2   0x00000338   Code   RO         5793    CL$$btod_div_common  c_w.l(btod.o)
    0x08001b2a   0x08001b2a   0x00000002   PAD
    0x08001b2c   0x08001b2c   0x00000084   Code   RO         5791    CL$$btod_e2d        c_w.l(btod.o)
    0x08001bb0   0x08001bb0   0x000000dc   Code   RO         5790    CL$$btod_e2e        c_w.l(btod.o)
    0x08001c8c   0x08001c8c   0x0000002a   Code   RO         5787    CL$$btod_ediv       c_w.l(btod.o)
    0x08001cb6   0x08001cb6   0x0000002a   Code   RO         5789    CL$$btod_edivd      c_w.l(btod.o)
    0x08001ce0   0x08001ce0   0x0000002a   Code   RO         5786    CL$$btod_emul       c_w.l(btod.o)
    0x08001d0a   0x08001d0a   0x0000002a   Code   RO         5788    CL$$btod_emuld      c_w.l(btod.o)
    0x08001d34   0x08001d34   0x00000244   Code   RO         5792    CL$$btod_mult_common  c_w.l(btod.o)
    0x08001f78   0x08001f78   0x00000002   Code   RO          519    i.BusFault_Handler  stm32h7xx_it.o
    0x08001f7a   0x08001f7a   0x00000002   PAD
    0x08001f7c   0x08001f7c   0x00000014   Code   RO         5407    i.Communication_Usart_Init  robotic_arm_communication_hal_stm32_port.o
    0x08001f90   0x08001f90   0x0000000c   Code   RO          520    i.DMA1_Stream0_IRQHandler  stm32h7xx_it.o
    0x08001f9c   0x08001f9c   0x0000000c   Code   RO          521    i.DMA1_Stream1_IRQHandler  stm32h7xx_it.o
    0x08001fa8   0x08001fa8   0x000000b4   Code   RO         1434    i.DMA_CalcBaseAndBitshift  stm32h7xx_hal_dma.o
    0x0800205c   0x0800205c   0x0000009c   Code   RO         1435    i.DMA_CalcDMAMUXChannelBaseAndMask  stm32h7xx_hal_dma.o
    0x080020f8   0x080020f8   0x00000074   Code   RO         1436    i.DMA_CalcDMAMUXRequestGenBaseAndMask  stm32h7xx_hal_dma.o
    0x0800216c   0x0800216c   0x00000054   Code   RO         1437    i.DMA_CheckFifoParam  stm32h7xx_hal_dma.o
    0x080021c0   0x080021c0   0x00000220   Code   RO         1438    i.DMA_SetConfig     stm32h7xx_hal_dma.o
    0x080023e0   0x080023e0   0x00000070   Code   RO         5544    i.DMJ4310_Motor_Control_Init  dmj4310_motor_driver.o
    0x08002450   0x08002450   0x0000003a   Code   RO         5545    i.DMJ4310_Motor_Enable  dmj4310_motor_driver.o
    0x0800248a   0x0800248a   0x00000002   PAD
    0x0800248c   0x0800248c   0x000000d4   Code   RO         5293    i.DMJ4310_Motor_Handle_Update  robotic_arm_control_api.o
    0x08002560   0x08002560   0x000000cc   Code   RO         5546    i.DMJ4310_Motor_MIT_Control  dmj4310_motor_driver.o
    0x0800262c   0x0800262c   0x0000007c   Code   RO         5547    i.DMJ4310_Motor_Response_Data_Explain  dmj4310_motor_driver.o
    0x080026a8   0x080026a8   0x00000002   Code   RO          522    i.DebugMon_Handler  stm32h7xx_it.o
    0x080026aa   0x080026aa   0x00000004   Code   RO           13    i.Error_Handler     main.o
    0x080026ae   0x080026ae   0x00000002   PAD
    0x080026b0   0x080026b0   0x0000001c   Code   RO         5250    i.ExitRun0Mode      system_stm32h7xx.o
    0x080026cc   0x080026cc   0x0000000c   Code   RO          523    i.FDCAN1_IT0_IRQHandler  stm32h7xx_it.o
    0x080026d8   0x080026d8   0x0000000c   Code   RO          524    i.FDCAN1_IT1_IRQHandler  stm32h7xx_it.o
    0x080026e4   0x080026e4   0x0000000c   Code   RO          525    i.FDCAN2_IT0_IRQHandler  stm32h7xx_it.o
    0x080026f0   0x080026f0   0x0000000c   Code   RO          526    i.FDCAN2_IT1_IRQHandler  stm32h7xx_it.o
    0x080026fc   0x080026fc   0x000001c8   Code   RO         3075    i.FDCAN_CalcultateRamBlockAddresses  stm32h7xx_hal_fdcan.o
    0x080028c4   0x080028c4   0x0000006c   Code   RO         3076    i.FDCAN_CopyMessageToRAM  stm32h7xx_hal_fdcan.o
    0x08002930   0x08002930   0x0000007a   Code   RO         5350    i.FDCAN_Send_Standard  robotic_arm_motor_hal_stm32_port.o
    0x080029aa   0x080029aa   0x00000048   Code   RO         5351    i.Float_To_Uint     robotic_arm_motor_hal_stm32_port.o
    0x080029f2   0x080029f2   0x00000002   PAD
    0x080029f4   0x080029f4   0x00000014   Code   RO         5456    i.Forearm_Gravity_Compensation  control_algorithm.o
    0x08002a08   0x08002a08   0x00000360   Code   RO         1439    i.HAL_DMA_Abort     stm32h7xx_hal_dma.o
    0x08002d68   0x08002d68   0x00000284   Code   RO         1440    i.HAL_DMA_Abort_IT  stm32h7xx_hal_dma.o
    0x08002fec   0x08002fec   0x000006e8   Code   RO         1444    i.HAL_DMA_IRQHandler  stm32h7xx_hal_dma.o
    0x080036d4   0x080036d4   0x000003bc   Code   RO         1445    i.HAL_DMA_Init      stm32h7xx_hal_dma.o
    0x08003a90   0x08003a90   0x0000029c   Code   RO         1449    i.HAL_DMA_Start_IT  stm32h7xx_hal_dma.o
    0x08003d2c   0x08003d2c   0x00000024   Code   RO         2136    i.HAL_Delay         stm32h7xx_hal.o
    0x08003d50   0x08003d50   0x00000088   Code   RO         3078    i.HAL_FDCAN_ActivateNotification  stm32h7xx_hal_fdcan.o
    0x08003dd8   0x08003dd8   0x00000066   Code   RO         3080    i.HAL_FDCAN_AddMessageToTxFifoQ  stm32h7xx_hal_fdcan.o
    0x08003e3e   0x08003e3e   0x00000002   Code   RO         3081    i.HAL_FDCAN_ClockCalibrationCallback  stm32h7xx_hal_fdcan.o
    0x08003e40   0x08003e40   0x0000007e   Code   RO         3085    i.HAL_FDCAN_ConfigFilter  stm32h7xx_hal_fdcan.o
    0x08003ebe   0x08003ebe   0x00000002   Code   RO         3107    i.HAL_FDCAN_ErrorCallback  stm32h7xx_hal_fdcan.o
    0x08003ec0   0x08003ec0   0x00000002   Code   RO         3108    i.HAL_FDCAN_ErrorStatusCallback  stm32h7xx_hal_fdcan.o
    0x08003ec2   0x08003ec2   0x00000002   PAD
    0x08003ec4   0x08003ec4   0x0000018c   Code   RO         3119    i.HAL_FDCAN_GetRxMessage  stm32h7xx_hal_fdcan.o
    0x08004050   0x08004050   0x00000002   Code   RO         3125    i.HAL_FDCAN_HighPriorityMessageCallback  stm32h7xx_hal_fdcan.o
    0x08004052   0x08004052   0x00000002   PAD
    0x08004054   0x08004054   0x00000320   Code   RO         3126    i.HAL_FDCAN_IRQHandler  stm32h7xx_hal_fdcan.o
    0x08004374   0x08004374   0x00000244   Code   RO         3127    i.HAL_FDCAN_Init    stm32h7xx_hal_fdcan.o
    0x080045b8   0x080045b8   0x00000144   Code   RO          375    i.HAL_FDCAN_MspInit  fdcan.o
    0x080046fc   0x080046fc   0x00000002   Code   RO         3136    i.HAL_FDCAN_RxBufferNewMessageCallback  stm32h7xx_hal_fdcan.o
    0x080046fe   0x080046fe   0x00000002   PAD
    0x08004700   0x08004700   0x00000058   Code   RO         5352    i.HAL_FDCAN_RxFifo0Callback  robotic_arm_motor_hal_stm32_port.o
    0x08004758   0x08004758   0x0000005c   Code   RO         5353    i.HAL_FDCAN_RxFifo1Callback  robotic_arm_motor_hal_stm32_port.o
    0x080047b4   0x080047b4   0x00000032   Code   RO         3139    i.HAL_FDCAN_Start   stm32h7xx_hal_fdcan.o
    0x080047e6   0x080047e6   0x00000002   Code   RO         3161    i.HAL_FDCAN_TT_GlobalTimeCallback  stm32h7xx_hal_fdcan.o
    0x080047e8   0x080047e8   0x00000002   Code   RO         3162    i.HAL_FDCAN_TT_ScheduleSyncCallback  stm32h7xx_hal_fdcan.o
    0x080047ea   0x080047ea   0x00000002   Code   RO         3167    i.HAL_FDCAN_TT_StopWatchCallback  stm32h7xx_hal_fdcan.o
    0x080047ec   0x080047ec   0x00000002   Code   RO         3168    i.HAL_FDCAN_TT_TimeMarkCallback  stm32h7xx_hal_fdcan.o
    0x080047ee   0x080047ee   0x00000002   Code   RO         3169    i.HAL_FDCAN_TimeoutOccurredCallback  stm32h7xx_hal_fdcan.o
    0x080047f0   0x080047f0   0x00000002   Code   RO         3170    i.HAL_FDCAN_TimestampWraparoundCallback  stm32h7xx_hal_fdcan.o
    0x080047f2   0x080047f2   0x00000002   Code   RO         3171    i.HAL_FDCAN_TxBufferAbortCallback  stm32h7xx_hal_fdcan.o
    0x080047f4   0x080047f4   0x00000002   Code   RO         3172    i.HAL_FDCAN_TxBufferCompleteCallback  stm32h7xx_hal_fdcan.o
    0x080047f6   0x080047f6   0x00000002   Code   RO         3173    i.HAL_FDCAN_TxEventFifoCallback  stm32h7xx_hal_fdcan.o
    0x080047f8   0x080047f8   0x00000002   Code   RO         3174    i.HAL_FDCAN_TxFifoEmptyCallback  stm32h7xx_hal_fdcan.o
    0x080047fa   0x080047fa   0x00000002   PAD
    0x080047fc   0x080047fc   0x0000021c   Code   RO         1287    i.HAL_GPIO_Init     stm32h7xx_hal_gpio.o
    0x08004a18   0x08004a18   0x0000000a   Code   RO         1291    i.HAL_GPIO_WritePin  stm32h7xx_hal_gpio.o
    0x08004a22   0x08004a22   0x00000002   PAD
    0x08004a24   0x08004a24   0x0000000c   Code   RO         2152    i.HAL_GetTick       stm32h7xx_hal.o
    0x08004a30   0x08004a30   0x00000010   Code   RO         2158    i.HAL_IncTick       stm32h7xx_hal.o
    0x08004a40   0x08004a40   0x0000005c   Code   RO         2159    i.HAL_Init          stm32h7xx_hal.o
    0x08004a9c   0x08004a9c   0x00000040   Code   RO         2160    i.HAL_InitTick      stm32h7xx_hal.o
    0x08004adc   0x08004adc   0x0000001c   Code   RO          637    i.HAL_MspInit       stm32h7xx_hal_msp.o
    0x08004af8   0x08004af8   0x0000001a   Code   RO          669    i.HAL_NVIC_EnableIRQ  stm32h7xx_hal_cortex.o
    0x08004b12   0x08004b12   0x00000002   PAD
    0x08004b14   0x08004b14   0x00000040   Code   RO          675    i.HAL_NVIC_SetPriority  stm32h7xx_hal_cortex.o
    0x08004b54   0x08004b54   0x00000024   Code   RO          676    i.HAL_NVIC_SetPriorityGrouping  stm32h7xx_hal_cortex.o
    0x08004b78   0x08004b78   0x00000054   Code   RO         1888    i.HAL_PWREx_ConfigSupply  stm32h7xx_hal_pwr_ex.o
    0x08004bcc   0x08004bcc   0x00000024   Code   RO          930    i.HAL_RCCEx_GetD3PCLK1Freq  stm32h7xx_hal_rcc_ex.o
    0x08004bf0   0x08004bf0   0x00000144   Code   RO          932    i.HAL_RCCEx_GetPLL2ClockFreq  stm32h7xx_hal_rcc_ex.o
    0x08004d34   0x08004d34   0x00000144   Code   RO          933    i.HAL_RCCEx_GetPLL3ClockFreq  stm32h7xx_hal_rcc_ex.o
    0x08004e78   0x08004e78   0x0000093a   Code   RO          939    i.HAL_RCCEx_PeriphCLKConfig  stm32h7xx_hal_rcc_ex.o
    0x080057b2   0x080057b2   0x00000002   PAD
    0x080057b4   0x080057b4   0x0000025c   Code   RO          815    i.HAL_RCC_ClockConfig  stm32h7xx_hal_rcc.o
    0x08005a10   0x08005a10   0x00000044   Code   RO          820    i.HAL_RCC_GetHCLKFreq  stm32h7xx_hal_rcc.o
    0x08005a54   0x08005a54   0x00000024   Code   RO          822    i.HAL_RCC_GetPCLK1Freq  stm32h7xx_hal_rcc.o
    0x08005a78   0x08005a78   0x00000024   Code   RO          823    i.HAL_RCC_GetPCLK2Freq  stm32h7xx_hal_rcc.o
    0x08005a9c   0x08005a9c   0x00000138   Code   RO          824    i.HAL_RCC_GetSysClockFreq  stm32h7xx_hal_rcc.o
    0x08005bd4   0x08005bd4   0x00000094   Code   RO          825    i.HAL_RCC_MCOConfig  stm32h7xx_hal_rcc.o
    0x08005c68   0x08005c68   0x00000526   Code   RO          827    i.HAL_RCC_OscConfig  stm32h7xx_hal_rcc.o
    0x0800618e   0x0800618e   0x00000026   Code   RO          680    i.HAL_SYSTICK_Config  stm32h7xx_hal_cortex.o
    0x080061b4   0x080061b4   0x000000a0   Code   RO         4413    i.HAL_TIMEx_ConfigBreakDeadTime  stm32h7xx_hal_tim_ex.o
    0x08006254   0x08006254   0x000000b8   Code   RO         4432    i.HAL_TIMEx_MasterConfigSynchronization  stm32h7xx_hal_tim_ex.o
    0x0800630c   0x0800630c   0x00000080   Code   RO          423    i.HAL_TIM_MspPostInit  tim.o
    0x0800638c   0x0800638c   0x00000124   Code   RO         3767    i.HAL_TIM_PWM_ConfigChannel  stm32h7xx_hal_tim.o
    0x080064b0   0x080064b0   0x00000062   Code   RO         3770    i.HAL_TIM_PWM_Init  stm32h7xx_hal_tim.o
    0x08006512   0x08006512   0x00000002   PAD
    0x08006514   0x08006514   0x00000034   Code   RO          425    i.HAL_TIM_PWM_MspInit  tim.o
    0x08006548   0x08006548   0x00000124   Code   RO         3775    i.HAL_TIM_PWM_Start  stm32h7xx_hal_tim.o
    0x0800666c   0x0800666c   0x00000040   Code   RO         5132    i.HAL_UARTEx_DisableFifoMode  stm32h7xx_hal_uart_ex.o
    0x080066ac   0x080066ac   0x0000004a   Code   RO         5138    i.HAL_UARTEx_ReceiveToIdle_DMA  stm32h7xx_hal_uart_ex.o
    0x080066f6   0x080066f6   0x00000002   PAD
    0x080066f8   0x080066f8   0x000000f8   Code   RO         5409    i.HAL_UARTEx_RxEventCallback  robotic_arm_communication_hal_stm32_port.o
    0x080067f0   0x080067f0   0x00000002   Code   RO         5140    i.HAL_UARTEx_RxFifoFullCallback  stm32h7xx_hal_uart_ex.o
    0x080067f2   0x080067f2   0x0000004c   Code   RO         5141    i.HAL_UARTEx_SetRxFifoThreshold  stm32h7xx_hal_uart_ex.o
    0x0800683e   0x0800683e   0x0000004c   Code   RO         5142    i.HAL_UARTEx_SetTxFifoThreshold  stm32h7xx_hal_uart_ex.o
    0x0800688a   0x0800688a   0x00000002   Code   RO         5144    i.HAL_UARTEx_TxFifoEmptyCallback  stm32h7xx_hal_uart_ex.o
    0x0800688c   0x0800688c   0x00000002   Code   RO         5145    i.HAL_UARTEx_WakeupCallback  stm32h7xx_hal_uart_ex.o
    0x0800688e   0x0800688e   0x00000002   Code   RO         4737    i.HAL_UART_ErrorCallback  stm32h7xx_hal_uart.o
    0x08006890   0x08006890   0x0000039c   Code   RO         4740    i.HAL_UART_IRQHandler  stm32h7xx_hal_uart.o
    0x08006c2c   0x08006c2c   0x0000006a   Code   RO         4741    i.HAL_UART_Init     stm32h7xx_hal_uart.o
    0x08006c96   0x08006c96   0x00000002   PAD
    0x08006c98   0x08006c98   0x000000fc   Code   RO          478    i.HAL_UART_MspInit  usart.o
    0x08006d94   0x08006d94   0x00000002   Code   RO         4748    i.HAL_UART_RxCpltCallback  stm32h7xx_hal_uart.o
    0x08006d96   0x08006d96   0x00000002   Code   RO         4749    i.HAL_UART_RxHalfCpltCallback  stm32h7xx_hal_uart.o
    0x08006d98   0x08006d98   0x00000002   Code   RO         4753    i.HAL_UART_TxCpltCallback  stm32h7xx_hal_uart.o
    0x08006d9a   0x08006d9a   0x00000002   Code   RO          527    i.HardFault_Handler  stm32h7xx_it.o
    0x08006d9c   0x08006d9c   0x00000044   Code   RO         5508    i.LFD01M_Motor_Control_Init  lfd01m_motor_driver.o
    0x08006de0   0x08006de0   0x00000040   Code   RO         5294    i.LFD01M_Motor_Handle_Update  robotic_arm_control_api.o
    0x08006e20   0x08006e20   0x00000094   Code   RO         5509    i.LFD01M_Motor_Set_Angle  lfd01m_motor_driver.o
    0x08006eb4   0x08006eb4   0x000000d4   Code   RO         5605    i.LK4005_Motor_Control_Init  lk4005_motor_driver.o
    0x08006f88   0x08006f88   0x0000012c   Code   RO         5295    i.LK4005_Motor_Handle_Update  robotic_arm_control_api.o
    0x080070b4   0x080070b4   0x0000001c   Code   RO         5607    i.LK4005_Motor_Read_Position  lk4005_motor_driver.o
    0x080070d0   0x080070d0   0x0000001c   Code   RO         5608    i.LK4005_Motor_Read_Velocity  lk4005_motor_driver.o
    0x080070ec   0x080070ec   0x00000084   Code   RO         5609    i.LK4005_Motor_Response_Data_Explain  lk4005_motor_driver.o
    0x08007170   0x08007170   0x00000074   Code   RO         5610    i.LK4005_Motor_Torque_Control  lk4005_motor_driver.o
    0x080071e4   0x080071e4   0x0000003c   Code   RO          347    i.MX_DMA_Init       dma.o
    0x08007220   0x08007220   0x0000006c   Code   RO          376    i.MX_FDCAN1_Init    fdcan.o
    0x0800728c   0x0800728c   0x00000074   Code   RO          377    i.MX_FDCAN2_Init    fdcan.o
    0x08007300   0x08007300   0x000000b8   Code   RO          213    i.MX_GPIO_Init      gpio.o
    0x080073b8   0x080073b8   0x000000b4   Code   RO          426    i.MX_TIM1_Init      tim.o
    0x0800746c   0x0800746c   0x00000074   Code   RO          427    i.MX_TIM2_Init      tim.o
    0x080074e0   0x080074e0   0x00000068   Code   RO          479    i.MX_USART1_UART_Init  usart.o
    0x08007548   0x08007548   0x00000002   Code   RO          528    i.MemManage_Handler  stm32h7xx_it.o
    0x0800754a   0x0800754a   0x00000002   PAD
    0x0800754c   0x0800754c   0x00000028   Code   RO         5354    i.Motor_Control_Init  robotic_arm_motor_hal_stm32_port.o
    0x08007574   0x08007574   0x0000005e   Code   RO         5457    i.Motor_MIT_Control  control_algorithm.o
    0x080075d2   0x080075d2   0x00000002   Code   RO          529    i.NMI_Handler       stm32h7xx_it.o
    0x080075d4   0x080075d4   0x00000002   Code   RO          530    i.PendSV_Handler    stm32h7xx_it.o
    0x080075d6   0x080075d6   0x00000002   PAD
    0x080075d8   0x080075d8   0x00000120   Code   RO          942    i.RCCEx_PLL2_Config  stm32h7xx_hal_rcc_ex.o
    0x080076f8   0x080076f8   0x00000120   Code   RO          943    i.RCCEx_PLL3_Config  stm32h7xx_hal_rcc_ex.o
    0x08007818   0x08007818   0x00000012   Code   RO         5297    i.Robotic_Arm_Control  robotic_arm_control_api.o
    0x0800782a   0x0800782a   0x00000002   PAD
    0x0800782c   0x0800782c   0x00000044   Code   RO         5298    i.Robotic_Arm_Control_Init  robotic_arm_control_api.o
    0x08007870   0x08007870   0x00000002   Code   RO          531    i.SVC_Handler       stm32h7xx_it.o
    0x08007872   0x08007872   0x00000002   PAD
    0x08007874   0x08007874   0x00000274   Code   RO         5458    i.Speed_Plan_Update  control_algorithm.o
    0x08007ae8   0x08007ae8   0x00000004   Code   RO          532    i.SysTick_Handler   stm32h7xx_it.o
    0x08007aec   0x08007aec   0x000000a4   Code   RO           14    i.SystemClock_Config  main.o
    0x08007b90   0x08007b90   0x000000d8   Code   RO         5252    i.SystemInit        system_stm32h7xx.o
    0x08007c68   0x08007c68   0x000000e0   Code   RO         3788    i.TIM_Base_SetConfig  stm32h7xx_hal_tim.o
    0x08007d48   0x08007d48   0x0000001a   Code   RO         3789    i.TIM_CCxChannelCmd  stm32h7xx_hal_tim.o
    0x08007d62   0x08007d62   0x00000002   PAD
    0x08007d64   0x08007d64   0x000000a4   Code   RO         3801    i.TIM_OC1_SetConfig  stm32h7xx_hal_tim.o
    0x08007e08   0x08007e08   0x00000098   Code   RO         3802    i.TIM_OC2_SetConfig  stm32h7xx_hal_tim.o
    0x08007ea0   0x08007ea0   0x00000098   Code   RO         3803    i.TIM_OC3_SetConfig  stm32h7xx_hal_tim.o
    0x08007f38   0x08007f38   0x00000078   Code   RO         3804    i.TIM_OC4_SetConfig  stm32h7xx_hal_tim.o
    0x08007fb0   0x08007fb0   0x00000074   Code   RO         3805    i.TIM_OC5_SetConfig  stm32h7xx_hal_tim.o
    0x08008024   0x08008024   0x00000074   Code   RO         3806    i.TIM_OC6_SetConfig  stm32h7xx_hal_tim.o
    0x08008098   0x08008098   0x00000044   Code   RO         5146    i.UARTEx_SetNbDataToProcess  stm32h7xx_hal_uart_ex.o
    0x080080dc   0x080080dc   0x000000c8   Code   RO         4755    i.UART_AdvFeatureConfig  stm32h7xx_hal_uart.o
    0x080081a4   0x080081a4   0x000000aa   Code   RO         4756    i.UART_CheckIdleState  stm32h7xx_hal_uart.o
    0x0800824e   0x0800824e   0x00000010   Code   RO         4757    i.UART_DMAAbortOnError  stm32h7xx_hal_uart.o
    0x0800825e   0x0800825e   0x0000004e   Code   RO         4758    i.UART_DMAError     stm32h7xx_hal_uart.o
    0x080082ac   0x080082ac   0x00000082   Code   RO         4759    i.UART_DMAReceiveCplt  stm32h7xx_hal_uart.o
    0x0800832e   0x0800832e   0x00000020   Code   RO         4761    i.UART_DMARxHalfCplt  stm32h7xx_hal_uart.o
    0x0800834e   0x0800834e   0x00000002   PAD
    0x08008350   0x08008350   0x00000054   Code   RO         4767    i.UART_EndRxTransfer  stm32h7xx_hal_uart.o
    0x080083a4   0x080083a4   0x0000002e   Code   RO         4768    i.UART_EndTxTransfer  stm32h7xx_hal_uart.o
    0x080083d2   0x080083d2   0x00000002   PAD
    0x080083d4   0x080083d4   0x000003dc   Code   RO         4773    i.UART_SetConfig    stm32h7xx_hal_uart.o
    0x080087b0   0x080087b0   0x000000a8   Code   RO         4774    i.UART_Start_Receive_DMA  stm32h7xx_hal_uart.o
    0x08008858   0x08008858   0x00000094   Code   RO         4780    i.UART_WaitOnFlagUntilTimeout  stm32h7xx_hal_uart.o
    0x080088ec   0x080088ec   0x0000000c   Code   RO          533    i.USART1_IRQHandler  stm32h7xx_it.o
    0x080088f8   0x080088f8   0x00000028   Code   RO         5355    i.Uint_To_Float     robotic_arm_motor_hal_stm32_port.o
    0x08008920   0x08008920   0x00000028   Code   RO         5459    i.Upperarm_Gravity_Compensation  control_algorithm.o
    0x08008948   0x08008948   0x00000002   Code   RO          534    i.UsageFault_Handler  stm32h7xx_it.o
    0x0800894a   0x0800894a   0x00000026   Code   RO         5730    i.__ARM_fpclassifyf  m_wv.l(fpclassifyf.o)
    0x08008970   0x08008970   0x00000022   Code   RO          682    i.__NVIC_SetPriority  stm32h7xx_hal_cortex.o
    0x08008992   0x08008992   0x00000006   PAD
    0x08008998   0x08008998   0x000000dc   Code   RO         5818    i.__hardfp___mathlib_tofloat  m_wv.l(narrow.o)
    0x08008a74   0x08008a74   0x00000150   Code   RO         5684    i.__hardfp_cosf     m_wv.l(cosf.o)
    0x08008bc4   0x08008bc4   0x00000658   Code   RO         5696    i.__hardfp_powf     m_wv.l(powf.o)
    0x0800921c   0x0800921c   0x00000004   PAD
    0x08009220   0x08009220   0x00000018   Code   RO         5958    i.__mathlib_dbl_overflow  m_wv.l(dunder.o)
    0x08009238   0x08009238   0x00000018   Code   RO         5960    i.__mathlib_dbl_underflow  m_wv.l(dunder.o)
    0x08009250   0x08009250   0x00000018   Code   RO         5732    i.__mathlib_flt_divzero  m_wv.l(funder.o)
    0x08009268   0x08009268   0x00000006   Code   RO         5733    i.__mathlib_flt_infnan  m_wv.l(funder.o)
    0x0800926e   0x0800926e   0x00000006   Code   RO         5734    i.__mathlib_flt_infnan2  m_wv.l(funder.o)
    0x08009274   0x08009274   0x00000010   Code   RO         5735    i.__mathlib_flt_invalid  m_wv.l(funder.o)
    0x08009284   0x08009284   0x00000010   Code   RO         5736    i.__mathlib_flt_overflow  m_wv.l(funder.o)
    0x08009294   0x08009294   0x00000010   Code   RO         5738    i.__mathlib_flt_underflow  m_wv.l(funder.o)
    0x080092a4   0x080092a4   0x00000012   Code   RO         5819    i.__mathlib_narrow  m_wv.l(narrow.o)
    0x080092b6   0x080092b6   0x00000002   PAD
    0x080092b8   0x080092b8   0x00000154   Code   RO         5746    i.__mathlib_rredf2  m_wv.l(rredf.o)
    0x0800940c   0x0800940c   0x00000004   PAD
    0x08009410   0x08009410   0x000000b8   Code   RO         5921    i.__support_ldexp   m_wv.l(ldexp.o)
    0x080094c8   0x080094c8   0x0000000e   Code   RO         5721    i._is_digit         c_w.l(scanf_fp.o)
    0x080094d6   0x080094d6   0x00000002   PAD
    0x080094d8   0x080094d8   0x0000008c   Code   RO         5898    i.frexp             m_wv.l(frexp.o)
    0x08009564   0x08009564   0x0000002e   Code   RO           15    i.main              main.o
    0x08009592   0x08009592   0x00000002   PAD
    0x08009594   0x08009594   0x0000002c   Code   RO         5806    locale$$code        c_w.l(lc_numeric_c.o)
    0x080095c0   0x080095c0   0x0000002c   Code   RO         5909    locale$$code        c_w.l(lc_ctype_c.o)
    0x080095ec   0x080095ec   0x00000010   Code   RO         5987    x$fpl$dcheck1       fz_wv.l(dcheck1.o)
    0x080095fc   0x080095fc   0x0000000a   Code   RO         5917    x$fpl$fpinit        fz_wv.l(fpinit.o)
    0x08009606   0x08009606   0x00000006   Code   RO         5727    x$fpl$ieeestatus    fz_wv.l(istatus.o)
    0x0800960c   0x0800960c   0x00000064   Code   RO         6021    x$fpl$retnan        fz_wv.l(retnan.o)
    0x08009670   0x08009670   0x0000005c   Code   RO         5952    x$fpl$scalbn        fz_wv.l(scalbn.o)
    0x080096cc   0x080096cc   0x00000004   Code   RO         5682    x$fpl$scanf1        fz_wv.l(scanf1.o)
    0x080096d0   0x080096d0   0x00000008   Code   RO         5812    x$fpl$scanf2        fz_wv.l(scanf2.o)
    0x080096d8   0x080096d8   0x00000030   Code   RO         6023    x$fpl$trapveneer    fz_wv.l(trapv.o)
    0x08009708   0x08009708   0x00000000   Code   RO         5729    x$fpl$usenofp       fz_wv.l(usenofp.o)
    0x08009708   0x08009708   0x00000008   Data   RO         1451    .constdata          stm32h7xx_hal_dma.o
    0x08009710   0x08009710   0x0000005c   Data   RO         3175    .constdata          stm32h7xx_hal_fdcan.o
    0x0800976c   0x0800976c   0x00000018   Data   RO         4781    .constdata          stm32h7xx_hal_uart.o
    0x08009784   0x08009784   0x00000010   Data   RO         5147    .constdata          stm32h7xx_hal_uart_ex.o
    0x08009794   0x08009794   0x00000010   Data   RO         5253    .constdata          system_stm32h7xx.o
    0x080097a4   0x080097a4   0x00000140   Data   RO         5699    .constdata          m_wv.l(powf.o)
    0x080098e4   0x080098e4   0x00000020   Data   RO         5747    .constdata          m_wv.l(rredf.o)
    0x08009904   0x08009904   0x00000094   Data   RO         5781    .constdata          c_w.l(bigflt0.o)
    0x08009998   0x08009998   0x00000020   Data   RO         6025    Region$$Table       anon$$obj.o
    0x080099b8   0x080099b8   0x00000008   Data   RO         5808    c$$dinf             fz_wv.l(fpconst.o)
    0x080099c0   0x080099c0   0x00000008   Data   RO         5811    c$$dmax             fz_wv.l(fpconst.o)
    0x080099c8   0x080099c8   0x0000001c   Data   RO         5805    locale$$data        c_w.l(lc_numeric_c.o)
    0x080099e4   0x080099e4   0x00000110   Data   RO         5908    locale$$data        c_w.l(lc_ctype_c.o)


    Execution Region RW_IRAM1 (Exec base: 0x20000000, Load base: 0x08009af4, Size: 0x00000000, Max: 0x00020000, ABSOLUTE)

    **** No section assigned to this execution region ****


    Execution Region RW_IRAM2 (Exec base: 0x24000000, Load base: 0x08009af4, Size: 0x00000bc8, Max: 0x00050000, ABSOLUTE)

    Exec Addr    Load Addr    Size         Type   Attr      Idx    E Section Name        Object

    0x24000000   0x08009af4   0x00000004   Data   RW          379    .data               fdcan.o
    0x24000004   0x08009af8   0x0000000c   Data   RW         2183    .data               stm32h7xx_hal.o
    0x24000010   0x08009b04   0x00000008   Data   RW         5254    .data               system_stm32h7xx.o
    0x24000018        -       0x00000140   Zero   RW          378    .bss                fdcan.o
    0x24000158        -       0x00000098   Zero   RW          428    .bss                tim.o
    0x240001f0        -       0x00000184   Zero   RW          480    .bss                usart.o
    0x24000374        -       0x00000040   Zero   RW         5410    .bss                robotic_arm_communication_hal_stm32_port.o
    0x240003b4        -       0x00000020   Zero   RW         5510    .bss                lfd01m_motor_driver.o
    0x240003d4        -       0x00000080   Zero   RW         5548    .bss                dmj4310_motor_driver.o
    0x24000454        -       0x00000110   Zero   RW         5611    .bss                lk4005_motor_driver.o
    0x24000564        -       0x00000060   Zero   RW         5827    .bss                c_w.l(libspace.o)
    0x240005c4   0x08009b0c   0x00000004   PAD
    0x240005c8        -       0x00000200   Zero   RW            2    HEAP                startup_stm32h723xx.o
    0x240007c8        -       0x00000400   Zero   RW            1    STACK               startup_stm32h723xx.o


==============================================================================

Image component sizes


      Code (inc. data)   RO Data    RW Data    ZI Data      Debug   Object Name

       782         26          0          0          0       3883   control_algorithm.o
        60          4          0          0          0        814   dma.o
       498         30          0          0        128       6225   dmj4310_motor_driver.o
       548         40          0          4        320       2788   fdcan.o
       184         12          0          0          0    1214840   gpio.o
       216         32          0          0         32       2023   lfd01m_motor_driver.o
       516         74          0          0        272       4463   lk4005_motor_driver.o
       214          4          0          0          0    1154324   main.o
       268         70          0          0         64       2526   robotic_arm_communication_hal_stm32_port.o
       662         38          0          0          0       3773   robotic_arm_control_api.o
       454         22          0          0          0       5467   robotic_arm_motor_hal_stm32_port.o
        72         30        716          0       1536        864   startup_stm32h723xx.o
       220         40          0         12          0      23757   stm32h7xx_hal.o
       198         12          0          0          0      39707   stm32h7xx_hal_cortex.o
      5980        242          8          0          0      12106   stm32h7xx_hal_dma.o
      2784         48         92          0          0      21309   stm32h7xx_hal_fdcan.o
       550         44          0          0          0       2252   stm32h7xx_hal_gpio.o
        28          6          0          0          0        846   stm32h7xx_hal_msp.o
        84          6          0          0          0        805   stm32h7xx_hal_pwr_ex.o
      2522        120          0          0          0       8064   stm32h7xx_hal_rcc.o
      3622        112          0          0          0       7821   stm32h7xx_hal_rcc_ex.o
      1752        242          0          0          0      10322   stm32h7xx_hal_tim.o
       344         48          0          0          0       2432   stm32h7xx_hal_tim_ex.o
      3098        160         24          0          0      34292   stm32h7xx_hal_uart.o
       364          6         16          0          0       6449   stm32h7xx_hal_uart_ex.o
       104         42          0          0          0       7750   stm32h7xx_it.o
       244         38         16          8          0       1941   system_stm32h7xx.o
       476         44          0          0        152       3280   tim.o
       356         32          0          0        388       2092   usart.o

    ----------------------------------------------------------------------
     27250       1624        904         24       2892    2587215   Object Totals
         0          0         32          0          0          0   (incl. Generated)
        50          0          0          0          0          0   (incl. Padding)

    ----------------------------------------------------------------------

      Code (inc. data)   RO Data    RW Data    ZI Data      Debug   Library Member Name

        60          8          0          0          0         84   __0sscanf.o
         8          0          0          0          0         68   __main.o
         0          0          0          0          0          0   __rtentry.o
        12          0          0          0          0          0   __rtentry2.o
         6          0          0          0          0          0   __rtentry4.o
        52          8          0          0          0          0   __scatter.o
        26          0          0          0          0          0   __scatter_copy.o
        28          0          0          0          0          0   __scatter_zi.o
        28          0          0          0          0         68   _chval.o
        22          0          0          0          0        100   _rserrno.o
       884          6          0          0          0        100   _scanf.o
       332          0          0          0          0         96   _scanf_int.o
       224          0          0          0          0         96   _scanf_str.o
        64          0          0          0          0         84   _sgetc.o
       228          4        148          0          0         96   bigflt0.o
      1924        136          0          0          0        756   btod.o
        18          0          0          0          0         80   exit.o
         6          0          0          0          0        152   heapauxi.o
         0          0          0          0          0          0   indicate_semi.o
        18          0          0          0          0         76   isspace.o
        44         10        272          0          0         76   lc_ctype_c.o
        44         10         28          0          0         76   lc_numeric_c.o
         2          0          0          0          0          0   libinit.o
        34          0          0          0          0          0   libinit2.o
         2          0          0          0          0          0   libshutdown.o
         2          0          0          0          0          0   libshutdown2.o
         8          4          0          0         96         68   libspace.o
        38          0          0          0          0         68   llshl.o
       238          0          0          0          0        100   lludivv7m.o
        16          4          0          0          0         76   rt_ctype_table.o
         8          4          0          0          0         68   rt_errno_addr_intlibspace.o
         8          4          0          0          0         68   rt_locale_intlibspace.o
        78          0          0          0          0         80   rt_memclr_w.o
       100          0          0          0          0         80   rt_memcpy_w.o
         2          0          0          0          0          0   rtexit.o
        10          0          0          0          0          0   rtexit2.o
        44          8          0          0          0         84   scanf_char.o
      1286         16          0          0          0        236   scanf_fp.o
       800         14          0          0          0        100   scanf_hexfp.o
       308         16          0          0          0        100   scanf_infnan.o
       104          0          0          0          0         68   strcmpv7m_pel.o
       150          0          0          0          0         80   strncmp.o
        12          4          0          0          0         68   sys_exit.o
        74          0          0          0          0         80   sys_stackheap_outer.o
         2          0          0          0          0         68   use_no_semi.o
        16          4          0          0          0        116   dcheck1.o
         0          0         16          0          0          0   fpconst.o
        10          0          0          0          0        116   fpinit.o
         6          0          0          0          0        116   istatus.o
       100          0          0          0          0        116   retnan.o
        92          0          0          0          0        116   scalbn.o
         4          0          0          0          0        116   scanf1.o
         8          0          0          0          0        132   scanf2.o
        48          0          0          0          0        116   trapv.o
         0          0          0          0          0          0   usenofp.o
       336         60          0          0          0        136   cosf.o
        48         28          0          0          0        232   dunder.o
        38          0          0          0          0        116   fpclassifyf.o
       140         22          0          0          0        128   frexp.o
        84         28          0          0          0        696   funder.o
       184         14          0          0          0        156   ldexp.o
       238         26          0          0          0        304   narrow.o
      1624        130        320          0          0        400   powf.o
       340         24         32          0          0        160   rredf.o

    ----------------------------------------------------------------------
     10698        602        816          0        100       6772   Library Totals
        28         10          0          0          4          0   (incl. Padding)

    ----------------------------------------------------------------------

      Code (inc. data)   RO Data    RW Data    ZI Data      Debug   Library Name

      7354        256        448          0         96       3500   c_w.l
       284          4         16          0          0        944   fz_wv.l
      3032        332        352          0          0       2328   m_wv.l

    ----------------------------------------------------------------------
     10698        602        816          0        100       6772   Library Totals

    ----------------------------------------------------------------------

==============================================================================


      Code (inc. data)   RO Data    RW Data    ZI Data      Debug   

     37948       2226       1720         24       2992    2574915   Grand Totals
     37948       2226       1720         24       2992    2574915   ELF Image Totals
     37948       2226       1720         24          0          0   ROM Totals

==============================================================================

    Total RO  Size (Code + RO Data)                39668 (  38.74kB)
    Total RW  Size (RW Data + ZI Data)              3016 (   2.95kB)
    Total ROM Size (Code + RO Data + RW Data)      39692 (  38.76kB)

==============================================================================

