Component: ARM Compiler 5.06 update 5 (build 528) Tool: armlink [4d35e2]

==============================================================================

Section Cross References

    startup_stm32h723xx.o(STACK) refers (Special) to heapauxi.o(.text) for __use_two_region_memory
    startup_stm32h723xx.o(HEAP) refers (Special) to heapauxi.o(.text) for __use_two_region_memory
    startup_stm32h723xx.o(RESET) refers (Special) to heapauxi.o(.text) for __use_two_region_memory
    startup_stm32h723xx.o(RESET) refers to startup_stm32h723xx.o(STACK) for __initial_sp
    startup_stm32h723xx.o(RESET) refers to startup_stm32h723xx.o(.text) for Reset_Handler
    startup_stm32h723xx.o(RESET) refers to stm32h7xx_it.o(i.NMI_Handler) for NMI_Handler
    startup_stm32h723xx.o(RESET) refers to stm32h7xx_it.o(i.HardFault_Handler) for HardFault_Handler
    startup_stm32h723xx.o(RESET) refers to stm32h7xx_it.o(i.MemManage_Handler) for MemManage_Handler
    startup_stm32h723xx.o(RESET) refers to stm32h7xx_it.o(i.BusFault_Handler) for BusFault_Handler
    startup_stm32h723xx.o(RESET) refers to stm32h7xx_it.o(i.UsageFault_Handler) for UsageFault_Handler
    startup_stm32h723xx.o(RESET) refers to stm32h7xx_it.o(i.SVC_Handler) for SVC_Handler
    startup_stm32h723xx.o(RESET) refers to stm32h7xx_it.o(i.DebugMon_Handler) for DebugMon_Handler
    startup_stm32h723xx.o(RESET) refers to stm32h7xx_it.o(i.PendSV_Handler) for PendSV_Handler
    startup_stm32h723xx.o(RESET) refers to stm32h7xx_it.o(i.SysTick_Handler) for SysTick_Handler
    startup_stm32h723xx.o(RESET) refers to stm32h7xx_it.o(i.DMA1_Stream0_IRQHandler) for DMA1_Stream0_IRQHandler
    startup_stm32h723xx.o(RESET) refers to stm32h7xx_it.o(i.DMA1_Stream1_IRQHandler) for DMA1_Stream1_IRQHandler
    startup_stm32h723xx.o(RESET) refers to stm32h7xx_it.o(i.DMA1_Stream2_IRQHandler) for DMA1_Stream2_IRQHandler
    startup_stm32h723xx.o(RESET) refers to stm32h7xx_it.o(i.DMA1_Stream3_IRQHandler) for DMA1_Stream3_IRQHandler
    startup_stm32h723xx.o(RESET) refers to stm32h7xx_it.o(i.FDCAN1_IT0_IRQHandler) for FDCAN1_IT0_IRQHandler
    startup_stm32h723xx.o(RESET) refers to stm32h7xx_it.o(i.FDCAN2_IT0_IRQHandler) for FDCAN2_IT0_IRQHandler
    startup_stm32h723xx.o(RESET) refers to stm32h7xx_it.o(i.FDCAN1_IT1_IRQHandler) for FDCAN1_IT1_IRQHandler
    startup_stm32h723xx.o(RESET) refers to stm32h7xx_it.o(i.FDCAN2_IT1_IRQHandler) for FDCAN2_IT1_IRQHandler
    startup_stm32h723xx.o(RESET) refers to stm32h7xx_it.o(i.TIM3_IRQHandler) for TIM3_IRQHandler
    startup_stm32h723xx.o(RESET) refers to stm32h7xx_it.o(i.SPI2_IRQHandler) for SPI2_IRQHandler
    startup_stm32h723xx.o(RESET) refers to stm32h7xx_it.o(i.USART1_IRQHandler) for USART1_IRQHandler
    startup_stm32h723xx.o(.text) refers (Special) to heapauxi.o(.text) for __use_two_region_memory
    startup_stm32h723xx.o(.text) refers to system_stm32h7xx.o(i.ExitRun0Mode) for ExitRun0Mode
    startup_stm32h723xx.o(.text) refers to system_stm32h7xx.o(i.SystemInit) for SystemInit
    startup_stm32h723xx.o(.text) refers to __main.o(!!!main) for __main
    startup_stm32h723xx.o(.text) refers to startup_stm32h723xx.o(HEAP) for Heap_Mem
    startup_stm32h723xx.o(.text) refers to startup_stm32h723xx.o(STACK) for Stack_Mem
    main.o(i.HAL_TIM_PeriodElapsedCallback) refers to stm32h7xx_hal.o(i.HAL_IncTick) for HAL_IncTick
    main.o(i.SystemClock_Config) refers to rt_memclr_w.o(.text) for __aeabi_memclr4
    main.o(i.SystemClock_Config) refers to stm32h7xx_hal_pwr_ex.o(i.HAL_PWREx_ConfigSupply) for HAL_PWREx_ConfigSupply
    main.o(i.SystemClock_Config) refers to stm32h7xx_hal_rcc.o(i.HAL_RCC_OscConfig) for HAL_RCC_OscConfig
    main.o(i.SystemClock_Config) refers to stm32h7xx_hal_rcc.o(i.HAL_RCC_ClockConfig) for HAL_RCC_ClockConfig
    main.o(i.SystemClock_Config) refers to stm32h7xx_hal_rcc.o(i.HAL_RCC_MCOConfig) for HAL_RCC_MCOConfig
    main.o(i.main) refers to stm32h7xx_hal.o(i.HAL_Init) for HAL_Init
    main.o(i.main) refers to main.o(i.SystemClock_Config) for SystemClock_Config
    main.o(i.main) refers to gpio.o(i.MX_GPIO_Init) for MX_GPIO_Init
    main.o(i.main) refers to dma.o(i.MX_DMA_Init) for MX_DMA_Init
    main.o(i.main) refers to fdcan.o(i.MX_FDCAN1_Init) for MX_FDCAN1_Init
    main.o(i.main) refers to tim.o(i.MX_TIM1_Init) for MX_TIM1_Init
    main.o(i.main) refers to usart.o(i.MX_USART1_UART_Init) for MX_USART1_UART_Init
    main.o(i.main) refers to tim.o(i.MX_TIM2_Init) for MX_TIM2_Init
    main.o(i.main) refers to fdcan.o(i.MX_FDCAN2_Init) for MX_FDCAN2_Init
    main.o(i.main) refers to spi.o(i.MX_SPI2_Init) for MX_SPI2_Init
    main.o(i.main) refers to robotic_arm_control_api.o(i.Robotic_Arm_Control_Init) for Robotic_Arm_Control_Init
    main.o(i.main) refers to robotic_arm_control_api.o(i.Robotic_Arm_Control) for Robotic_Arm_Control
    main.o(i.main) refers to robotic_arm_communication_hal_stm32_port.o(i.Communication_Test) for Communication_Test
    gpio.o(i.MX_GPIO_Init) refers to rt_memclr_w.o(.text) for __aeabi_memclr4
[...]
    DMA2_Stream4_IRQHandler                  0x080003a7   Thumb Code     0  startup_stm32h723xx.o(.text)
    DMA2_Stream5_IRQHandler                  0x080003a7   Thumb Code     0  startup_stm32h723xx.o(.text)
    DMA2_Stream6_IRQHandler                  0x080003a7   Thumb Code     0  startup_stm32h723xx.o(.text)
    DMA2_Stream7_IRQHandler                  0x080003a7   Thumb Code     0  startup_stm32h723xx.o(.text)
    DMAMUX1_OVR_IRQHandler                   0x080003a7   Thumb Code     0  startup_stm32h723xx.o(.text)
    DMAMUX2_OVR_IRQHandler                   0x080003a7   Thumb Code     0  startup_stm32h723xx.o(.text)
    DTS_IRQHandler                           0x080003a7   Thumb Code     0  startup_stm32h723xx.o(.text)
    ECC_IRQHandler                           0x080003a7   Thumb Code     0  startup_stm32h723xx.o(.text)
    ETH_IRQHandler                           0x080003a7   Thumb Code     0  startup_stm32h723xx.o(.text)
    ETH_WKUP_IRQHandler                      0x080003a7   Thumb Code     0  startup_stm32h723xx.o(.text)
    EXTI0_IRQHandler                         0x080003a7   Thumb Code     0  startup_stm32h723xx.o(.text)
    EXTI15_10_IRQHandler                     0x080003a7   Thumb Code     0  startup_stm32h723xx.o(.text)
    EXTI1_IRQHandler                         0x080003a7   Thumb Code     0  startup_stm32h723xx.o(.text)
    EXTI2_IRQHandler                         0x080003a7   Thumb Code     0  startup_stm32h723xx.o(.text)
    EXTI3_IRQHandler                         0x080003a7   Thumb Code     0  startup_stm32h723xx.o(.text)
    EXTI4_IRQHandler                         0x080003a7   Thumb Code     0  startup_stm32h723xx.o(.text)
    EXTI9_5_IRQHandler                       0x080003a7   Thumb Code     0  startup_stm32h723xx.o(.text)
    FDCAN3_IT0_IRQHandler                    0x080003a7   Thumb Code     0  startup_stm32h723xx.o(.text)
    FDCAN3_IT1_IRQHandler                    0x080003a7   Thumb Code     0  startup_stm32h723xx.o(.text)
    FDCAN_CAL_IRQHandler                     0x080003a7   Thumb Code     0  startup_stm32h723xx.o(.text)
    FLASH_IRQHandler                         0x080003a7   Thumb Code     0  startup_stm32h723xx.o(.text)
    FMAC_IRQHandler                          0x080003a7   Thumb Code     0  startup_stm32h723xx.o(.text)
    FMC_IRQHandler                           0x080003a7   Thumb Code     0  startup_stm32h723xx.o(.text)
    FPU_IRQHandler                           0x080003a7   Thumb Code     0  startup_stm32h723xx.o(.text)
    HSEM1_IRQHandler                         0x080003a7   Thumb Code     0  startup_stm32h723xx.o(.text)
    I2C1_ER_IRQHandler                       0x080003a7   Thumb Code     0  startup_stm32h723xx.o(.text)
    I2C1_EV_IRQHandler                       0x080003a7   Thumb Code     0  startup_stm32h723xx.o(.text)
    I2C2_ER_IRQHandler                       0x080003a7   Thumb Code     0  startup_stm32h723xx.o(.text)
    I2C2_EV_IRQHandler                       0x080003a7   Thumb Code     0  startup_stm32h723xx.o(.text)
    I2C3_ER_IRQHandler                       0x080003a7   Thumb Code     0  startup_stm32h723xx.o(.text)
    I2C3_EV_IRQHandler                       0x080003a7   Thumb Code     0  startup_stm32h723xx.o(.text)
    I2C4_ER_IRQHandler                       0x080003a7   Thumb Code     0  startup_stm32h723xx.o(.text)
    I2C4_EV_IRQHandler                       0x080003a7   Thumb Code     0  startup_stm32h723xx.o(.text)
    I2C5_ER_IRQHandler                       0x080003a7   Thumb Code     0  startup_stm32h723xx.o(.text)
    I2C5_EV_IRQHandler                       0x080003a7   Thumb Code     0  startup_stm32h723xx.o(.text)
    LPTIM1_IRQHandler                        0x080003a7   Thumb Code     0  startup_stm32h723xx.o(.text)
    LPTIM2_IRQHandler                        0x080003a7   Thumb Code     0  startup_stm32h723xx.o(.text)
    LPTIM3_IRQHandler                        0x080003a7   Thumb Code     0  startup_stm32h723xx.o(.text)
    LPTIM4_IRQHandler                        0x080003a7   Thumb Code     0  startup_stm32h723xx.o(.text)
    LPTIM5_IRQHandler                        0x080003a7   Thumb Code     0  startup_stm32h723xx.o(.text)
    LPUART1_IRQHandler                       0x080003a7   Thumb Code     0  startup_stm32h723xx.o(.text)
    LTDC_ER_IRQHandler                       0x080003a7   Thumb Code     0  startup_stm32h723xx.o(.text)
    LTDC_IRQHandler                          0x080003a7   Thumb Code     0  startup_stm32h723xx.o(.text)
    MDIOS_IRQHandler                         0x080003a7   Thumb Code     0  startup_stm32h723xx.o(.text)
    MDIOS_WKUP_IRQHandler                    0x080003a7   Thumb Code     0  startup_stm32h723xx.o(.text)
    MDMA_IRQHandler                          0x080003a7   Thumb Code     0  startup_stm32h723xx.o(.text)
    OCTOSPI1_IRQHandler                      0x080003a7   Thumb Code     0  startup_stm32h723xx.o(.text)
    OCTOSPI2_IRQHandler                      0x080003a7   Thumb Code     0  startup_stm32h723xx.o(.text)
    OTG_HS_EP1_IN_IRQHandler                 0x080003a7   Thumb Code     0  startup_stm32h723xx.o(.text)
    OTG_HS_EP1_OUT_IRQHandler                0x080003a7   Thumb Code     0  startup_stm32h723xx.o(.text)
    OTG_HS_IRQHandler                        0x080003a7   Thumb Code     0  startup_stm32h723xx.o(.text)
    OTG_HS_WKUP_IRQHandler                   0x080003a7   Thumb Code     0  startup_stm32h723xx.o(.text)
    PVD_AVD_IRQHandler                       0x080003a7   Thumb Code     0  startup_stm32h723xx.o(.text)
    RCC_IRQHandler                           0x080003a7   Thumb Code     0  startup_stm32h723xx.o(.text)
    RNG_IRQHandler                           0x080003a7   Thumb Code     0  startup_stm32h723xx.o(.text)
    RTC_Alarm_IRQHandler                     0x080003a7   Thumb Code     0  startup_stm32h723xx.o(.text)
    RTC_WKUP_IRQHandler                      0x080003a7   Thumb Code     0  startup_stm32h723xx.o(.text)
    SAI1_IRQHandler                          0x080003a7   Thumb Code     0  startup_stm32h723xx.o(.text)
    SAI4_IRQHandler                          0x080003a7   Thumb Code     0  startup_stm32h723xx.o(.text)
    SDMMC1_IRQHandler                        0x080003a7   Thumb Code     0  startup_stm32h723xx.o(.text)
    SDMMC2_IRQHandler                        0x080003a7   Thumb Code     0  startup_stm32h723xx.o(.text)
    SPDIF_RX_IRQHandler                      0x080003a7   Thumb Code     0  startup_stm32h723xx.o(.text)
    SPI1_IRQHandler                          0x080003a7   Thumb Code     0  startup_stm32h723xx.o(.text)
    SPI3_IRQHandler                          0x080003a7   Thumb Code     0  startup_stm32h723xx.o(.text)
    SPI4_IRQHandler                          0x080003a7   Thumb Code     0  startup_stm32h723xx.o(.text)
    SPI5_IRQHandler                          0x080003a7   Thumb Code     0  startup_stm32h723xx.o(.text)
    SPI6_IRQHandler                          0x080003a7   Thumb Code     0  startup_stm32h723xx.o(.text)
    SWPMI1_IRQHandler                        0x080003a7   Thumb Code     0  startup_stm32h723xx.o(.text)
    TAMP_STAMP_IRQHandler                    0x080003a7   Thumb Code     0  startup_stm32h723xx.o(.text)
    TIM15_IRQHandler                         0x080003a7   Thumb Code     0  startup_stm32h723xx.o(.text)
    TIM16_IRQHandler                         0x080003a7   Thumb Code     0  startup_stm32h723xx.o(.text)
    TIM17_IRQHandler                         0x080003a7   Thumb Code     0  startup_stm32h723xx.o(.text)
    TIM1_BRK_IRQHandler                      0x080003a7   Thumb Code     0  startup_stm32h723xx.o(.text)
    TIM1_CC_IRQHandler                       0x080003a7   Thumb Code     0  startup_stm32h723xx.o(.text)
    TIM1_TRG_COM_IRQHandler                  0x080003a7   Thumb Code     0  startup_stm32h723xx.o(.text)
    TIM1_UP_IRQHandler                       0x080003a7   Thumb Code     0  startup_stm32h723xx.o(.text)
    TIM23_IRQHandler                         0x080003a7   Thumb Code     0  startup_stm32h723xx.o(.text)
    TIM24_IRQHandler                         0x080003a7   Thumb Code     0  startup_stm32h723xx.o(.text)
    TIM2_IRQHandler                          0x080003a7   Thumb Code     0  startup_stm32h723xx.o(.text)
    TIM4_IRQHandler                          0x080003a7   Thumb Code     0  startup_stm32h723xx.o(.text)
    TIM5_IRQHandler                          0x080003a7   Thumb Code     0  startup_stm32h723xx.o(.text)
    TIM6_DAC_IRQHandler                      0x080003a7   Thumb Code     0  startup_stm32h723xx.o(.text)
    TIM7_IRQHandler                          0x080003a7   Thumb Code     0  startup_stm32h723xx.o(.text)
    TIM8_BRK_TIM12_IRQHandler                0x080003a7   Thumb Code     0  startup_stm32h723xx.o(.text)
    TIM8_CC_IRQHandler                       0x080003a7   Thumb Code     0  startup_stm32h723xx.o(.text)
    TIM8_TRG_COM_TIM14_IRQHandler            0x080003a7   Thumb Code     0  startup_stm32h723xx.o(.text)
    TIM8_UP_TIM13_IRQHandler                 0x080003a7   Thumb Code     0  startup_stm32h723xx.o(.text)
    UART4_IRQHandler                         0x080003a7   Thumb Code     0  startup_stm32h723xx.o(.text)
    UART5_IRQHandler                         0x080003a7   Thumb Code     0  startup_stm32h723xx.o(.text)
    UART7_IRQHandler                         0x080003a7   Thumb Code     0  startup_stm32h723xx.o(.text)
    UART8_IRQHandler                         0x080003a7   Thumb Code     0  startup_stm32h723xx.o(.text)
    UART9_IRQHandler                         0x080003a7   Thumb Code     0  startup_stm32h723xx.o(.text)
    USART10_IRQHandler                       0x080003a7   Thumb Code     0  startup_stm32h723xx.o(.text)
    USART2_IRQHandler                        0x080003a7   Thumb Code     0  startup_stm32h723xx.o(.text)
    USART3_IRQHandler                        0x080003a7   Thumb Code     0  startup_stm32h723xx.o(.text)
    USART6_IRQHandler                        0x080003a7   Thumb Code     0  startup_stm32h723xx.o(.text)
    WAKEUP_PIN_IRQHandler                    0x080003a7   Thumb Code     0  startup_stm32h723xx.o(.text)
    WWDG_IRQHandler                          0x080003a7   Thumb Code     0  startup_stm32h723xx.o(.text)
    __user_initial_stackheap                 0x080003a9   Thumb Code     0  startup_stm32h723xx.o(.text)
    __aeabi_uldivmod                         0x080003d1   Thumb Code     0  lludivv7m.o(.text)
    _ll_udiv                                 0x080003d1   Thumb Code   238  lludivv7m.o(.text)
    __0sscanf                                0x080004c1   Thumb Code    52  __0sscanf.o(.text)
    _scanf_int                               0x080004fd   Thumb Code   332  _scanf_int.o(.text)
    _scanf_string                            0x08000649   Thumb Code   224  _scanf_str.o(.text)
    strncmp                                  0x08000729   Thumb Code   150  strncmp.o(.text)
    __aeabi_memcpy4                          0x080007bf   Thumb Code     0  rt_memcpy_w.o(.text)
    __aeabi_memcpy8                          0x080007bf   Thumb Code     0  rt_memcpy_w.o(.text)
    __rt_memcpy_w                            0x080007bf   Thumb Code   100  rt_memcpy_w.o(.text)
    _memcpy_lastbytes_aligned                0x08000807   Thumb Code     0  rt_memcpy_w.o(.text)
    __aeabi_memclr4                          0x08000823   Thumb Code     0  rt_memclr_w.o(.text)
    __aeabi_memclr8                          0x08000823   Thumb Code     0  rt_memclr_w.o(.text)
    __rt_memclr_w                            0x08000823   Thumb Code    78  rt_memclr_w.o(.text)
    _memset_w                                0x08000827   Thumb Code     0  rt_memclr_w.o(.text)
    __use_two_region_memory                  0x08000871   Thumb Code     2  heapauxi.o(.text)
    __rt_heap_escrow$2region                 0x08000873   Thumb Code     2  heapauxi.o(.text)
    __rt_heap_expand$2region                 0x08000875   Thumb Code     2  heapauxi.o(.text)
    __read_errno                             0x08000877   Thumb Code    10  _rserrno.o(.text)
    __set_errno                              0x08000881   Thumb Code    12  _rserrno.o(.text)
    _chval                                   0x0800088d   Thumb Code    28  _chval.o(.text)
    _scanf_really_real                       0x08000af5   Thumb Code   684  scanf_fp.o(.text)
    __vfscanf_char                           0x08000dad   Thumb Code    24  scanf_char.o(.text)
    _sgetc                                   0x08000dcd   Thumb Code    30  _sgetc.o(.text)
    _sbackspace                              0x08000deb   Thumb Code    34  _sgetc.o(.text)
    __rt_locale                              0x08000e0d   Thumb Code     8  rt_locale_intlibspace.o(.text)
    __aeabi_errno_addr                       0x08000e15   Thumb Code     8  rt_errno_addr_intlibspace.o(.text)
    __errno$intlibspace                      0x08000e15   Thumb Code     0  rt_errno_addr_intlibspace.o(.text)
    __rt_errno_addr$intlibspace              0x08000e15   Thumb Code     0  rt_errno_addr_intlibspace.o(.text)
    isspace                                  0x08000e1d   Thumb Code    18  isspace.o(.text)
    __vfscanf                                0x08000e31   Thumb Code   878  _scanf.o(.text)
    _btod_etento                             0x080011a5   Thumb Code   224  bigflt0.o(.text)
    __user_libspace                          0x08001289   Thumb Code     8  libspace.o(.text)
    __user_perproc_libspace                  0x08001289   Thumb Code     0  libspace.o(.text)
    __user_perthread_libspace                0x08001289   Thumb Code     0  libspace.o(.text)
    __user_setup_stackheap                   0x08001291   Thumb Code    74  sys_stackheap_outer.o(.text)
    __rt_ctype_table                         0x080012dd   Thumb Code    16  rt_ctype_table.o(.text)
    _scanf_really_hex_real                   0x080012ed   Thumb Code   786  scanf_hexfp.o(.text)
    _scanf_really_infnan                     0x0800160d   Thumb Code   292  scanf_infnan.o(.text)
    exit                                     0x08001741   Thumb Code    18  exit.o(.text)
    strcmp                                   0x08001755   Thumb Code   104  strcmpv7m_pel.o(.text)
    __aeabi_llsl                             0x080017bd   Thumb Code     0  llshl.o(.text)
    _ll_shift_l                              0x080017bd   Thumb Code    38  llshl.o(.text)
    _sys_exit                                0x080017e5   Thumb Code     8  sys_exit.o(.text)
    __I$use$semihosting                      0x080017f1   Thumb Code     0  use_no_semi.o(.text)
    __use_no_semihosting_swi                 0x080017f1   Thumb Code     2  use_no_semi.o(.text)
    __btod_div_common                        0x080017f3   Thumb Code   696  btod.o(CL$$btod_div_common)
    __semihosting_library_function           0x080017f3   Thumb Code     0  indicate_semi.o(.text)
    _e2d                                     0x08001b2d   Thumb Code   122  btod.o(CL$$btod_e2d)
    _e2e                                     0x08001bb1   Thumb Code   220  btod.o(CL$$btod_e2e)
    _btod_ediv                               0x08001c8d   Thumb Code    42  btod.o(CL$$btod_ediv)
    _btod_edivd                              0x08001cb7   Thumb Code    42  btod.o(CL$$btod_edivd)
    _btod_emul                               0x08001ce1   Thumb Code    42  btod.o(CL$$btod_emul)
    _btod_emuld                              0x08001d0b   Thumb Code    42  btod.o(CL$$btod_emuld)
    __btod_mult_common                       0x08001d35   Thumb Code   580  btod.o(CL$$btod_mult_common)
    BusFault_Handler                         0x08001f79   Thumb Code     2  stm32h7xx_it.o(i.BusFault_Handler)
    Communication_Test                       0x08001f7d   Thumb Code   100  robotic_arm_communication_hal_stm32_port.o(i.Communication_Test)
    Communication_Usart_Init                 0x08001fed   Thumb Code    10  robotic_arm_communication_hal_stm32_port.o(i.Communication_Usart_Init)
    DMA1_Stream0_IRQHandler                  0x08002001   Thumb Code     6  stm32h7xx_it.o(i.DMA1_Stream0_IRQHandler)
    DMA1_Stream1_IRQHandler                  0x0800200d   Thumb Code     6  stm32h7xx_it.o(i.DMA1_Stream1_IRQHandler)
    DMA1_Stream2_IRQHandler                  0x08002019   Thumb Code     6  stm32h7xx_it.o(i.DMA1_Stream2_IRQHandler)
    DMA1_Stream3_IRQHandler                  0x08002025   Thumb Code     6  stm32h7xx_it.o(i.DMA1_Stream3_IRQHandler)
    DMJ4310_Motor_Control_Init               0x08002469   Thumb Code   122  dmj4310_motor_driver.o(i.DMJ4310_Motor_Control_Init)
    DMJ4310_Motor_Enable                     0x08002501   Thumb Code    58  dmj4310_motor_driver.o(i.DMJ4310_Motor_Enable)
    DMJ4310_Motor_Handle_Update              0x0800253d   Thumb Code   358  robotic_arm_control_api.o(i.DMJ4310_Motor_Handle_Update)
    DMJ4310_Motor_MIT_Control                0x080026c1   Thumb Code   196  dmj4310_motor_driver.o(i.DMJ4310_Motor_MIT_Control)
    DMJ4310_Motor_Response_Data_Explain      0x0800278d   Thumb Code   138  dmj4310_motor_driver.o(i.DMJ4310_Motor_Response_Data_Explain)
    DebugMon_Handler                         0x08002817   Thumb Code     2  stm32h7xx_it.o(i.DebugMon_Handler)
    Error_Handler                            0x08002819   Thumb Code     4  main.o(i.Error_Handler)
    ExitRun0Mode                             0x0800281d   Thumb Code    22  system_stm32h7xx.o(i.ExitRun0Mode)
    FDCAN1_IT0_IRQHandler                    0x08002839   Thumb Code     6  stm32h7xx_it.o(i.FDCAN1_IT0_IRQHandler)
    FDCAN1_IT1_IRQHandler                    0x08002845   Thumb Code     6  stm32h7xx_it.o(i.FDCAN1_IT1_IRQHandler)
    FDCAN2_IT0_IRQHandler                    0x08002851   Thumb Code     6  stm32h7xx_it.o(i.FDCAN2_IT0_IRQHandler)
    FDCAN2_IT1_IRQHandler                    0x0800285d   Thumb Code     6  stm32h7xx_it.o(i.FDCAN2_IT1_IRQHandler)
    FDCAN_Send_Standard                      0x08002a9d   Thumb Code   122  robotic_arm_motor_hal_stm32_port.o(i.FDCAN_Send_Standard)
    Float_To_Uint                            0x08002b17   Thumb Code    72  robotic_arm_motor_hal_stm32_port.o(i.Float_To_Uint)
    Forearm_Gravity_Compensation             0x08002b61   Thumb Code    62  control_algorithm.o(i.Forearm_Gravity_Compensation)
    HAL_DMA_Abort                            0x08002bb1   Thumb Code   836  stm32h7xx_hal_dma.o(i.HAL_DMA_Abort)
    HAL_DMA_Abort_IT                         0x08002f11   Thumb Code   602  stm32h7xx_hal_dma.o(i.HAL_DMA_Abort_IT)
    HAL_DMA_IRQHandler                       0x08003195   Thumb Code  1756  stm32h7xx_hal_dma.o(i.HAL_DMA_IRQHandler)
    HAL_DMA_Init                             0x0800387d   Thumb Code   922  stm32h7xx_hal_dma.o(i.HAL_DMA_Init)
    HAL_DMA_Start_IT                         0x08003c39   Thumb Code   628  stm32h7xx_hal_dma.o(i.HAL_DMA_Start_IT)
    HAL_Delay                                0x08003ed5   Thumb Code    32  stm32h7xx_hal.o(i.HAL_Delay)
    HAL_FDCAN_ActivateNotification           0x08003ef9   Thumb Code   126  stm32h7xx_hal_fdcan.o(i.HAL_FDCAN_ActivateNotification)
    HAL_FDCAN_AddMessageToTxFifoQ            0x08003f81   Thumb Code   102  stm32h7xx_hal_fdcan.o(i.HAL_FDCAN_AddMessageToTxFifoQ)
    HAL_FDCAN_ClockCalibrationCallback       0x08003fe7   Thumb Code     2  stm32h7xx_hal_fdcan.o(i.HAL_FDCAN_ClockCalibrationCallback)
    HAL_FDCAN_ConfigFilter                   0x08003fe9   Thumb Code   126  stm32h7xx_hal_fdcan.o(i.HAL_FDCAN_ConfigFilter)
    HAL_FDCAN_ErrorCallback                  0x08004067   Thumb Code     2  stm32h7xx_hal_fdcan.o(i.HAL_FDCAN_ErrorCallback)
    HAL_FDCAN_ErrorStatusCallback            0x08004069   Thumb Code     2  stm32h7xx_hal_fdcan.o(i.HAL_FDCAN_ErrorStatusCallback)
    HAL_FDCAN_GetRxMessage                   0x0800406d   Thumb Code   392  stm32h7xx_hal_fdcan.o(i.HAL_FDCAN_GetRxMessage)
    HAL_FDCAN_HighPriorityMessageCallback    0x080041f9   Thumb Code     2  stm32h7xx_hal_fdcan.o(i.HAL_FDCAN_HighPriorityMessageCallback)
    HAL_FDCAN_IRQHandler                     0x080041fd   Thumb Code   788  stm32h7xx_hal_fdcan.o(i.HAL_FDCAN_IRQHandler)
    HAL_FDCAN_Init                           0x0800451d   Thumb Code   572  stm32h7xx_hal_fdcan.o(i.HAL_FDCAN_Init)
    HAL_FDCAN_MspInit                        0x08004761   Thumb Code   300  fdcan.o(i.HAL_FDCAN_MspInit)
    HAL_FDCAN_RxBufferNewMessageCallback     0x080048a5   Thumb Code     2  stm32h7xx_hal_fdcan.o(i.HAL_FDCAN_RxBufferNewMessageCallback)
    HAL_FDCAN_RxFifo0Callback                0x080048a9   Thumb Code    82  robotic_arm_motor_hal_stm32_port.o(i.HAL_FDCAN_RxFifo0Callback)
    HAL_FDCAN_RxFifo1Callback                0x08004901   Thumb Code    90  robotic_arm_motor_hal_stm32_port.o(i.HAL_FDCAN_RxFifo1Callback)
    HAL_FDCAN_Start                          0x08004961   Thumb Code    50  stm32h7xx_hal_fdcan.o(i.HAL_FDCAN_Start)
    HAL_FDCAN_TT_GlobalTimeCallback          0x08004993   Thumb Code     2  stm32h7xx_hal_fdcan.o(i.HAL_FDCAN_TT_GlobalTimeCallback)
    HAL_FDCAN_TT_ScheduleSyncCallback        0x08004995   Thumb Code     2  stm32h7xx_hal_fdcan.o(i.HAL_FDCAN_TT_ScheduleSyncCallback)
    HAL_FDCAN_TT_StopWatchCallback           0x08004997   Thumb Code     2  stm32h7xx_hal_fdcan.o(i.HAL_FDCAN_TT_StopWatchCallback)
    HAL_FDCAN_TT_TimeMarkCallback            0x08004999   Thumb Code     2  stm32h7xx_hal_fdcan.o(i.HAL_FDCAN_TT_TimeMarkCallback)
    HAL_FDCAN_TimeoutOccurredCallback        0x0800499b   Thumb Code     2  stm32h7xx_hal_fdcan.o(i.HAL_FDCAN_TimeoutOccurredCallback)
    HAL_FDCAN_TimestampWraparoundCallback    0x0800499d   Thumb Code     2  stm32h7xx_hal_fdcan.o(i.HAL_FDCAN_TimestampWraparoundCallback)
    HAL_FDCAN_TxBufferAbortCallback          0x0800499f   Thumb Code     2  stm32h7xx_hal_fdcan.o(i.HAL_FDCAN_TxBufferAbortCallback)
    HAL_FDCAN_TxBufferCompleteCallback       0x080049a1   Thumb Code     2  stm32h7xx_hal_fdcan.o(i.HAL_FDCAN_TxBufferCompleteCallback)
    HAL_FDCAN_TxEventFifoCallback            0x080049a3   Thumb Code     2  stm32h7xx_hal_fdcan.o(i.HAL_FDCAN_TxEventFifoCallback)
    HAL_FDCAN_TxFifoEmptyCallback            0x080049a5   Thumb Code     2  stm32h7xx_hal_fdcan.o(i.HAL_FDCAN_TxFifoEmptyCallback)
    HAL_GPIO_Init                            0x080049a9   Thumb Code   496  stm32h7xx_hal_gpio.o(i.HAL_GPIO_Init)
    HAL_GPIO_WritePin                        0x08004bc5   Thumb Code    10  stm32h7xx_hal_gpio.o(i.HAL_GPIO_WritePin)
    HAL_GetTick                              0x08004bd1   Thumb Code     6  stm32h7xx_hal.o(i.HAL_GetTick)
    HAL_IncTick                              0x08004bdd   Thumb Code    12  stm32h7xx_hal.o(i.HAL_IncTick)
    HAL_Init                                 0x08004bed   Thumb Code    74  stm32h7xx_hal.o(i.HAL_Init)
    HAL_InitTick                             0x08004c49   Thumb Code   120  stm32h7xx_hal_timebase_tim.o(i.HAL_InitTick)
    HAL_MspInit                              0x08004cd5   Thumb Code    22  stm32h7xx_hal_msp.o(i.HAL_MspInit)
    HAL_NVIC_EnableIRQ                       0x08004cf1   Thumb Code    26  stm32h7xx_hal_cortex.o(i.HAL_NVIC_EnableIRQ)
    HAL_NVIC_SetPriority                     0x08004d0d   Thumb Code    60  stm32h7xx_hal_cortex.o(i.HAL_NVIC_SetPriority)
    HAL_NVIC_SetPriorityGrouping             0x08004d4d   Thumb Code    28  stm32h7xx_hal_cortex.o(i.HAL_NVIC_SetPriorityGrouping)
    HAL_PWREx_ConfigSupply                   0x08004d71   Thumb Code    78  stm32h7xx_hal_pwr_ex.o(i.HAL_PWREx_ConfigSupply)
    HAL_RCCEx_GetD3PCLK1Freq                 0x08004dc5   Thumb Code    26  stm32h7xx_hal_rcc_ex.o(i.HAL_RCCEx_GetD3PCLK1Freq)
    HAL_RCCEx_GetPLL2ClockFreq               0x08004de9   Thumb Code   296  stm32h7xx_hal_rcc_ex.o(i.HAL_RCCEx_GetPLL2ClockFreq)
    HAL_RCCEx_GetPLL3ClockFreq               0x08004f2d   Thumb Code   296  stm32h7xx_hal_rcc_ex.o(i.HAL_RCCEx_GetPLL3ClockFreq)
    HAL_RCCEx_PeriphCLKConfig                0x08005071   Thumb Code  2362  stm32h7xx_hal_rcc_ex.o(i.HAL_RCCEx_PeriphCLKConfig)
    HAL_RCC_ClockConfig                      0x080059ad   Thumb Code   580  stm32h7xx_hal_rcc.o(i.HAL_RCC_ClockConfig)
    HAL_RCC_GetClockConfig                   0x08005c09   Thumb Code    84  stm32h7xx_hal_rcc.o(i.HAL_RCC_GetClockConfig)
    HAL_RCC_GetHCLKFreq                      0x08005c65   Thumb Code    52  stm32h7xx_hal_rcc.o(i.HAL_RCC_GetHCLKFreq)
    HAL_RCC_GetPCLK1Freq                     0x08005ca9   Thumb Code    26  stm32h7xx_hal_rcc.o(i.HAL_RCC_GetPCLK1Freq)
    HAL_RCC_GetPCLK2Freq                     0x08005ccd   Thumb Code    26  stm32h7xx_hal_rcc.o(i.HAL_RCC_GetPCLK2Freq)
    HAL_RCC_GetSysClockFreq                  0x08005cf1   Thumb Code   278  stm32h7xx_hal_rcc.o(i.HAL_RCC_GetSysClockFreq)
    HAL_RCC_MCOConfig                        0x08005e29   Thumb Code   130  stm32h7xx_hal_rcc.o(i.HAL_RCC_MCOConfig)
    HAL_RCC_OscConfig                        0x08005ebd   Thumb Code  1318  stm32h7xx_hal_rcc.o(i.HAL_RCC_OscConfig)
    HAL_SPI_ErrorCallback                    0x080063e3   Thumb Code     2  stm32h7xx_hal_spi.o(i.HAL_SPI_ErrorCallback)
    HAL_SPI_IRQHandler                       0x080063e5   Thumb Code   536  stm32h7xx_hal_spi.o(i.HAL_SPI_IRQHandler)
    HAL_SPI_Init                             0x08006601   Thumb Code   366  stm32h7xx_hal_spi.o(i.HAL_SPI_Init)
    HAL_SPI_MspInit                          0x0800677d   Thumb Code   262  spi.o(i.HAL_SPI_MspInit)
    HAL_SPI_RxCpltCallback                   0x0800689d   Thumb Code     2  stm32h7xx_hal_spi.o(i.HAL_SPI_RxCpltCallback)
    HAL_SPI_SuspendCallback                  0x0800689f   Thumb Code     2  stm32h7xx_hal_spi.o(i.HAL_SPI_SuspendCallback)
    HAL_SPI_TxCpltCallback                   0x080068a1   Thumb Code     2  stm32h7xx_hal_spi.o(i.HAL_SPI_TxCpltCallback)
    HAL_SPI_TxRxCpltCallback                 0x080068a3   Thumb Code     2  stm32h7xx_hal_spi.o(i.HAL_SPI_TxRxCpltCallback)
    HAL_SYSCFG_AnalogSwitchConfig            0x080068a5   Thumb Code    12  stm32h7xx_hal.o(i.HAL_SYSCFG_AnalogSwitchConfig)
    HAL_TIMEx_Break2Callback                 0x080068b5   Thumb Code     2  stm32h7xx_hal_tim_ex.o(i.HAL_TIMEx_Break2Callback)
    HAL_TIMEx_BreakCallback                  0x080068b7   Thumb Code     2  stm32h7xx_hal_tim_ex.o(i.HAL_TIMEx_BreakCallback)
    HAL_TIMEx_CommutCallback                 0x080068b9   Thumb Code     2  stm32h7xx_hal_tim_ex.o(i.HAL_TIMEx_CommutCallback)
    HAL_TIMEx_ConfigBreakDeadTime            0x080068bd   Thumb Code   150  stm32h7xx_hal_tim_ex.o(i.HAL_TIMEx_ConfigBreakDeadTime)
    HAL_TIMEx_MasterConfigSynchronization    0x0800695d   Thumb Code   146  stm32h7xx_hal_tim_ex.o(i.HAL_TIMEx_MasterConfigSynchronization)
    HAL_TIM_Base_Init                        0x08006a15   Thumb Code    98  stm32h7xx_hal_tim.o(i.HAL_TIM_Base_Init)
    HAL_TIM_Base_MspInit                     0x08006a77   Thumb Code     2  stm32h7xx_hal_tim.o(i.HAL_TIM_Base_MspInit)
    HAL_TIM_Base_Start_IT                    0x08006a79   Thumb Code   118  stm32h7xx_hal_tim.o(i.HAL_TIM_Base_Start_IT)
    HAL_TIM_IC_CaptureCallback               0x08006b19   Thumb Code     2  stm32h7xx_hal_tim.o(i.HAL_TIM_IC_CaptureCallback)
    HAL_TIM_IRQHandler                       0x08006b1b   Thumb Code   328  stm32h7xx_hal_tim.o(i.HAL_TIM_IRQHandler)
    HAL_TIM_MspPostInit                      0x08006c65   Thumb Code   110  tim.o(i.HAL_TIM_MspPostInit)
    HAL_TIM_OC_DelayElapsedCallback          0x08006ce5   Thumb Code     2  stm32h7xx_hal_tim.o(i.HAL_TIM_OC_DelayElapsedCallback)
    HAL_TIM_PWM_ConfigChannel                0x08006ce7   Thumb Code   292  stm32h7xx_hal_tim.o(i.HAL_TIM_PWM_ConfigChannel)
    HAL_TIM_PWM_Init                         0x08006e0b   Thumb Code    98  stm32h7xx_hal_tim.o(i.HAL_TIM_PWM_Init)
    HAL_TIM_PWM_MspInit                      0x08006e6d   Thumb Code    42  tim.o(i.HAL_TIM_PWM_MspInit)
    HAL_TIM_PWM_PulseFinishedCallback        0x08006ea1   Thumb Code     2  stm32h7xx_hal_tim.o(i.HAL_TIM_PWM_PulseFinishedCallback)
    HAL_TIM_PWM_Start                        0x08006ea5   Thumb Code   244  stm32h7xx_hal_tim.o(i.HAL_TIM_PWM_Start)
    HAL_TIM_PeriodElapsedCallback            0x08006fc9   Thumb Code    14  main.o(i.HAL_TIM_PeriodElapsedCallback)
    HAL_TIM_TriggerCallback                  0x08006fdd   Thumb Code     2  stm32h7xx_hal_tim.o(i.HAL_TIM_TriggerCallback)
    HAL_UARTEx_DisableFifoMode               0x08006fdf   Thumb Code    64  stm32h7xx_hal_uart_ex.o(i.HAL_UARTEx_DisableFifoMode)
    HAL_UARTEx_ReceiveToIdle_DMA             0x0800701f   Thumb Code    74  stm32h7xx_hal_uart_ex.o(i.HAL_UARTEx_ReceiveToIdle_DMA)
    HAL_UARTEx_RxEventCallback               0x08007069   Thumb Code   318  robotic_arm_communication_hal_stm32_port.o(i.HAL_UARTEx_RxEventCallback)
    HAL_UARTEx_RxFifoFullCallback            0x080071fd   Thumb Code     2  stm32h7xx_hal_uart_ex.o(i.HAL_UARTEx_RxFifoFullCallback)
    HAL_UARTEx_SetRxFifoThreshold            0x080071ff   Thumb Code    76  stm32h7xx_hal_uart_ex.o(i.HAL_UARTEx_SetRxFifoThreshold)
    HAL_UARTEx_SetTxFifoThreshold            0x0800724b   Thumb Code    76  stm32h7xx_hal_uart_ex.o(i.HAL_UARTEx_SetTxFifoThreshold)
    HAL_UARTEx_TxFifoEmptyCallback           0x08007297   Thumb Code     2  stm32h7xx_hal_uart_ex.o(i.HAL_UARTEx_TxFifoEmptyCallback)
    HAL_UARTEx_WakeupCallback                0x08007299   Thumb Code     2  stm32h7xx_hal_uart_ex.o(i.HAL_UARTEx_WakeupCallback)
    HAL_UART_ErrorCallback                   0x0800729b   Thumb Code     2  stm32h7xx_hal_uart.o(i.HAL_UART_ErrorCallback)
    HAL_UART_IRQHandler                      0x0800729d   Thumb Code   898  stm32h7xx_hal_uart.o(i.HAL_UART_IRQHandler)
    HAL_UART_Init                            0x08007639   Thumb Code   106  stm32h7xx_hal_uart.o(i.HAL_UART_Init)
    HAL_UART_MspInit                         0x080076a5   Thumb Code   230  usart.o(i.HAL_UART_MspInit)
    HAL_UART_RxCpltCallback                  0x080077a1   Thumb Code     2  stm32h7xx_hal_uart.o(i.HAL_UART_RxCpltCallback)
    HAL_UART_RxHalfCpltCallback              0x080077a3   Thumb Code     2  stm32h7xx_hal_uart.o(i.HAL_UART_RxHalfCpltCallback)
    HAL_UART_Transmit_DMA                    0x080077a5   Thumb Code   132  stm32h7xx_hal_uart.o(i.HAL_UART_Transmit_DMA)
    HAL_UART_TxCpltCallback                  0x08007835   Thumb Code     2  stm32h7xx_hal_uart.o(i.HAL_UART_TxCpltCallback)
    HAL_UART_TxHalfCpltCallback              0x08007837   Thumb Code     2  stm32h7xx_hal_uart.o(i.HAL_UART_TxHalfCpltCallback)
    HardFault_Handler                        0x08007839   Thumb Code     2  stm32h7xx_it.o(i.HardFault_Handler)
    LFD01M_Motor_Control_Init                0x0800783d   Thumb Code    52  lfd01m_motor_driver.o(i.LFD01M_Motor_Control_Init)
    LFD01M_Motor_Handle_Update               0x08007881   Thumb Code    66  robotic_arm_control_api.o(i.LFD01M_Motor_Handle_Update)
    LFD01M_Motor_Set_Angle                   0x080078cd   Thumb Code   132  lfd01m_motor_driver.o(i.LFD01M_Motor_Set_Angle)
    LK4005_Motor_Control_Init                0x08007961   Thumb Code   222  lk4005_motor_driver.o(i.LK4005_Motor_Control_Init)
    LK4005_Motor_Handle_Update               0x08007a71   Thumb Code   460  robotic_arm_control_api.o(i.LK4005_Motor_Handle_Update)
    LK4005_Motor_Read_Position               0x08007c59   Thumb Code    28  lk4005_motor_driver.o(i.LK4005_Motor_Read_Position)
    LK4005_Motor_Read_Velocity               0x08007c75   Thumb Code    28  lk4005_motor_driver.o(i.LK4005_Motor_Read_Velocity)
    LK4005_Motor_Response_Data_Explain       0x08007c91   Thumb Code   168  lk4005_motor_driver.o(i.LK4005_Motor_Response_Data_Explain)
    LK4005_Motor_Torque_Control              0x08007d49   Thumb Code    92  lk4005_motor_driver.o(i.LK4005_Motor_Torque_Control)
    MX_DMA_Init                              0x08007db9   Thumb Code    88  dma.o(i.MX_DMA_Init)
    MX_FDCAN1_Init                           0x08007e15   Thumb Code   100  fdcan.o(i.MX_FDCAN1_Init)
    MX_FDCAN2_Init                           0x08007e81   Thumb Code   108  fdcan.o(i.MX_FDCAN2_Init)
    MX_GPIO_Init                             0x08007ef5   Thumb Code   180  gpio.o(i.MX_GPIO_Init)
    MX_SPI2_Init                             0x08007fb5   Thumb Code    80  spi.o(i.MX_SPI2_Init)
    MX_TIM1_Init                             0x0800800d   Thumb Code   170  tim.o(i.MX_TIM1_Init)
    MX_TIM2_Init                             0x080080c1   Thumb Code   110  tim.o(i.MX_TIM2_Init)
    MX_USART1_UART_Init                      0x08008135   Thumb Code    94  usart.o(i.MX_USART1_UART_Init)
    MemManage_Handler                        0x0800819d   Thumb Code     2  stm32h7xx_it.o(i.MemManage_Handler)
    Motor_Control_Init                       0x080081a1   Thumb Code    30  robotic_arm_motor_hal_stm32_port.o(i.Motor_Control_Init)
    Motor_MIT_Control                        0x080081c9   Thumb Code    84  control_algorithm.o(i.Motor_MIT_Control)
    NMI_Handler                              0x08008221   Thumb Code     2  stm32h7xx_it.o(i.NMI_Handler)
    Normalize_Angle                          0x08008225   Thumb Code    38  control_algorithm.o(i.Normalize_Angle)
    PendSV_Handler                           0x08008251   Thumb Code     2  stm32h7xx_it.o(i.PendSV_Handler)
    Robotic_Arm_Control                      0x08008495   Thumb Code   120  robotic_arm_control_api.o(i.Robotic_Arm_Control)
    Robotic_Arm_Control_Init                 0x08008521   Thumb Code    62  robotic_arm_control_api.o(i.Robotic_Arm_Control_Init)
    SPI2_IRQHandler                          0x08008565   Thumb Code     6  stm32h7xx_it.o(i.SPI2_IRQHandler)
    SVC_Handler                              0x08008647   Thumb Code     2  stm32h7xx_it.o(i.SVC_Handler)
    Speed_Plan_Update                        0x08008649   Thumb Code   712  control_algorithm.o(i.Speed_Plan_Update)
    SysTick_Handler                          0x0800891d   Thumb Code     2  stm32h7xx_it.o(i.SysTick_Handler)
    SystemClock_Config                       0x08008921   Thumb Code   160  main.o(i.SystemClock_Config)
    SystemInit                               0x080089c5   Thumb Code   184  system_stm32h7xx.o(i.SystemInit)
    TIM3_IRQHandler                          0x08008a9d   Thumb Code     6  stm32h7xx_it.o(i.TIM3_IRQHandler)
    TIM_Base_SetConfig                       0x08008aa9   Thumb Code   182  stm32h7xx_hal_tim.o(i.TIM_Base_SetConfig)
    TIM_CCxChannelCmd                        0x08008b89   Thumb Code    26  stm32h7xx_hal_tim.o(i.TIM_CCxChannelCmd)
    TIM_OC2_SetConfig                        0x08008c49   Thumb Code   126  stm32h7xx_hal_tim.o(i.TIM_OC2_SetConfig)
    UART_AdvFeatureConfig                    0x08008f1d   Thumb Code   200  stm32h7xx_hal_uart.o(i.UART_AdvFeatureConfig)
    UART_CheckIdleState                      0x08008fe5   Thumb Code   170  stm32h7xx_hal_uart.o(i.UART_CheckIdleState)
    UART_SetConfig                           0x0800925d   Thumb Code   914  stm32h7xx_hal_uart.o(i.UART_SetConfig)
    UART_Start_Receive_DMA                   0x08009639   Thumb Code   156  stm32h7xx_hal_uart.o(i.UART_Start_Receive_DMA)
    UART_WaitOnFlagUntilTimeout              0x080096e1   Thumb Code   148  stm32h7xx_hal_uart.o(i.UART_WaitOnFlagUntilTimeout)
    USART1_IRQHandler                        0x08009775   Thumb Code     6  stm32h7xx_it.o(i.USART1_IRQHandler)
    Uint_To_Float                            0x08009781   Thumb Code    40  robotic_arm_motor_hal_stm32_port.o(i.Uint_To_Float)
    Upperarm_Gravity_Compensation            0x080097a9   Thumb Code   118  control_algorithm.o(i.Upperarm_Gravity_Compensation)
    UsageFault_Handler                       0x0800983d   Thumb Code     2  stm32h7xx_it.o(i.UsageFault_Handler)
    __ARM_fpclassifyf                        0x0800983f   Thumb Code    38  fpclassifyf.o(i.__ARM_fpclassifyf)
    __hardfp___mathlib_tofloat               0x08009889   Thumb Code   194  narrow.o(i.__hardfp___mathlib_tofloat)
    __hardfp_cosf                            0x08009965   Thumb Code   276  cosf.o(i.__hardfp_cosf)
    __hardfp_fmodf                           0x08009ab5   Thumb Code   176  fmodf.o(i.__hardfp_fmodf)
    __hardfp_powf                            0x08009b65   Thumb Code  1590  powf.o(i.__hardfp_powf)
    __mathlib_powf                           0x08009b65   Thumb Code     0  powf.o(i.__hardfp_powf)
    __mathlib_dbl_overflow                   0x0800a1c1   Thumb Code    10  dunder.o(i.__mathlib_dbl_overflow)
    __mathlib_dbl_underflow                  0x0800a1d9   Thumb Code    10  dunder.o(i.__mathlib_dbl_underflow)
    __mathlib_flt_divzero                    0x0800a1f1   Thumb Code    14  funder.o(i.__mathlib_flt_divzero)
    __mathlib_flt_infnan                     0x0800a209   Thumb Code     6  funder.o(i.__mathlib_flt_infnan)
    __mathlib_flt_infnan2                    0x0800a20f   Thumb Code     6  funder.o(i.__mathlib_flt_infnan2)
    __mathlib_flt_invalid                    0x0800a215   Thumb Code    10  funder.o(i.__mathlib_flt_invalid)
    __mathlib_flt_overflow                   0x0800a225   Thumb Code    10  funder.o(i.__mathlib_flt_overflow)
    __mathlib_flt_underflow                  0x0800a235   Thumb Code    10  funder.o(i.__mathlib_flt_underflow)
    __mathlib_narrow                         0x0800a245   Thumb Code    18  narrow.o(i.__mathlib_narrow)
    __mathlib_rredf2                         0x0800a259   Thumb Code   316  rredf.o(i.__mathlib_rredf2)
    __support_ldexp                          0x0800a3b1   Thumb Code   170  ldexp.o(i.__support_ldexp)
    _is_digit                                0x0800a469   Thumb Code    14  scanf_fp.o(i._is_digit)
    frexp                                    0x0800a479   Thumb Code   118  frexp.o(i.frexp)
    main                                     0x0800a505   Thumb Code    54  main.o(i.main)
    _get_lc_numeric                          0x0800a53d   Thumb Code    44  lc_numeric_c.o(locale$$code)
    _get_lc_ctype                            0x0800a569   Thumb Code    44  lc_ctype_c.o(locale$$code)
    __fpl_dcheck_NaN1                        0x0800a595   Thumb Code    10  dcheck1.o(x$fpl$dcheck1)
    __fpl_fnaninf                            0x0800a5a5   Thumb Code   140  fnaninf.o(x$fpl$fnaninf)
    _fp_init                                 0x0800a631   Thumb Code    10  fpinit.o(x$fpl$fpinit)
    __fplib_config_fpu_vfp                   0x0800a639   Thumb Code     0  fpinit.o(x$fpl$fpinit)
    __fplib_config_pureend_doubles           0x0800a639   Thumb Code     0  fpinit.o(x$fpl$fpinit)
    _frem                                    0x0800a63d   Thumb Code   240  frem_clz.o(x$fpl$frem)
    __ieee_status                            0x0800a731   Thumb Code     6  istatus.o(x$fpl$ieeestatus)
    __fpl_return_NaN                         0x0800a737   Thumb Code   100  retnan.o(x$fpl$retnan)
    __ARM_scalbn                             0x0800a79b   Thumb Code    92  scalbn.o(x$fpl$scalbn)
    _scanf_real                              0x0800a7f7   Thumb Code     4  scanf1.o(x$fpl$scanf1)
    _scanf_hex_real                          0x0800a7fb   Thumb Code     4  scanf2.o(x$fpl$scanf2)
    _scanf_infnan                            0x0800a7ff   Thumb Code     4  scanf2.o(x$fpl$scanf2)
    __fpl_cmpreturn                          0x0800a803   Thumb Code    48  trapv.o(x$fpl$trapveneer)
    __I$use$fp                               0x0800a832   Number         0  usenofp.o(x$fpl$usenofp)
    UARTPrescTable                           0x0800a898   Data          24  stm32h7xx_hal_uart.o(.constdata)
    D1CorePrescTable                         0x0800a8c0   Data          16  system_stm32h7xx.o(.constdata)
    Region$$Table$$Base                      0x0800aac4   Number         0  anon$$obj.o(Region$$Table)
    Region$$Table$$Limit                     0x0800aae4   Number         0  anon$$obj.o(Region$$Table)
    __aeabi_HUGE_VAL                         0x0800aae4   Data           0  fpconst.o(c$$dinf)
    __aeabi_HUGE_VALL                        0x0800aae4   Data           0  fpconst.o(c$$dinf)
    __aeabi_INFINITY                         0x0800aae4   Data           0  fpconst.o(c$$dinf)
    __dInf                                   0x0800aae4   Data           0  fpconst.o(c$$dinf)
    __huge_val                               0x0800aae4   Data           0  fpconst.o(c$$dinf)
    __dbl_max                                0x0800aaec   Data           0  fpconst.o(c$$dmax)
    __ctype                                  0x0800ab1d   Data           0  lc_ctype_c.o(locale$$data)
    uwTickFreq                               0x24000004   Data           1  stm32h7xx_hal.o(.data)
    uwTickPrio                               0x24000008   Data           4  stm32h7xx_hal.o(.data)
    uwTick                                   0x2400000c   Data           4  stm32h7xx_hal.o(.data)
    SystemCoreClock                          0x24000010   Data           4  system_stm32h7xx.o(.data)
    SystemD2Clock                            0x24000014   Data           4  system_stm32h7xx.o(.data)
    Robotic_Arm_Mass_L1                      0x2400001c   Data           4  control_algorithm.o(.data)
    Robotic_Arm_Mass_L2                      0x24000020   Data           4  control_algorithm.o(.data)
    Robotic_Arm_Mass_End                     0x24000024   Data           4  control_algorithm.o(.data)
    hfdcan1                                  0x24000028   Data         160  fdcan.o(.bss)
    hfdcan2                                  0x240000c8   Data         160  fdcan.o(.bss)
    hspi2                                    0x24000168   Data         136  spi.o(.bss)
    hdma_spi2_rx                             0x240001f0   Data         120  spi.o(.bss)
    hdma_spi2_tx                             0x24000268   Data         120  spi.o(.bss)
    htim1                                    0x240002e0   Data          76  tim.o(.bss)
    htim2                                    0x2400032c   Data          76  tim.o(.bss)
    huart1                                   0x24000378   Data         148  usart.o(.bss)
    hdma_usart1_rx                           0x2400040c   Data         120  usart.o(.bss)
    hdma_usart1_tx                           0x24000484   Data         120  usart.o(.bss)
    htim3                                    0x240004fc   Data          76  stm32h7xx_hal_timebase_tim.o(.bss)
    Usart_Used0_Rx_Buff                      0x24000548   Data          64  robotic_arm_communication_hal_stm32_port.o(.bss)
    LFD01M_Motor_Handle                      0x24000588   Data          32  lfd01m_motor_driver.o(.bss)
    DMJ4310_Motor_Handle                     0x240005a8   Data         128  dmj4310_motor_driver.o(.bss)
    LK4005_Motor_Handle                      0x24000628   Data         336  lk4005_motor_driver.o(.bss)
    __libspace_start                         0x24000778   Data          96  libspace.o(.bss)
    __temporary_stack_top$libspace           0x240007d8   Data           0  libspace.o(.bss)



==============================================================================

Memory Map of the image

  Image Entry point : 0x080002cd

  Load Region LR_IROM1 (Base: 0x08000000, Size: 0x0000ac48, Max: 0x00100000, ABSOLUTE)

    Execution Region ER_IROM1 (Exec base: 0x08000000, Load base: 0x08000000, Size: 0x0000ac20, Max: 0x00100000, ABSOLUTE)

    Exec Addr    Load Addr    Size         Type   Attr      Idx    E Section Name        Object

    0x08000000   0x08000000   0x000002cc   Data   RO            3    RESET               startup_stm32h723xx.o
    0x080002cc   0x080002cc   0x00000008   Code   RO         6190  * !!!main             c_w.l(__main.o)
    0x080002d4   0x080002d4   0x00000034   Code   RO         6553    !!!scatter          c_w.l(__scatter.o)
    0x08000308   0x08000308   0x0000001a   Code   RO         6555    !!handler_copy      c_w.l(__scatter_copy.o)
    0x08000322   0x08000322   0x00000002   PAD
    0x08000324   0x08000324   0x0000001c   Code   RO         6557    !!handler_zi        c_w.l(__scatter_zi.o)
    0x08000340   0x08000340   0x00000002   Code   RO         6376    .ARM.Collect$$libinit$$00000000  c_w.l(libinit.o)
    0x08000342   0x08000342   0x00000004   Code   RO         6377    .ARM.Collect$$libinit$$00000001  c_w.l(libinit2.o)
    0x08000346   0x08000346   0x00000000   Code   RO         6380    .ARM.Collect$$libinit$$00000004  c_w.l(libinit2.o)
    0x08000346   0x08000346   0x00000000   Code   RO         6383    .ARM.Collect$$libinit$$0000000A  c_w.l(libinit2.o)
    0x08000346   0x08000346   0x00000000   Code   RO         6385    .ARM.Collect$$libinit$$0000000C  c_w.l(libinit2.o)
    0x08000346   0x08000346   0x00000000   Code   RO         6387    .ARM.Collect$$libinit$$0000000E  c_w.l(libinit2.o)
    0x08000346   0x08000346   0x00000006   Code   RO         6388    .ARM.Collect$$libinit$$0000000F  c_w.l(libinit2.o)
    0x0800034c   0x0800034c   0x00000000   Code   RO         6390    .ARM.Collect$$libinit$$00000011  c_w.l(libinit2.o)
    0x0800034c   0x0800034c   0x0000000c   Code   RO         6391    .ARM.Collect$$libinit$$00000012  c_w.l(libinit2.o)
    0x08000358   0x08000358   0x00000000   Code   RO         6392    .ARM.Collect$$libinit$$00000013  c_w.l(libinit2.o)
    0x08000358   0x08000358   0x00000000   Code   RO         6394    .ARM.Collect$$libinit$$00000015  c_w.l(libinit2.o)
    0x08000358   0x08000358   0x0000000a   Code   RO         6395    .ARM.Collect$$libinit$$00000016  c_w.l(libinit2.o)
    0x08000362   0x08000362   0x00000000   Code   RO         6396    .ARM.Collect$$libinit$$00000017  c_w.l(libinit2.o)
    0x08000362   0x08000362   0x00000000   Code   RO         6398    .ARM.Collect$$libinit$$00000019  c_w.l(libinit2.o)
    0x08000362   0x08000362   0x00000000   Code   RO         6400    .ARM.Collect$$libinit$$0000001B  c_w.l(libinit2.o)
    0x08000362   0x08000362   0x00000000   Code   RO         6402    .ARM.Collect$$libinit$$0000001D  c_w.l(libinit2.o)
    0x08000362   0x08000362   0x00000000   Code   RO         6404    .ARM.Collect$$libinit$$0000001F  c_w.l(libinit2.o)
    0x08000362   0x08000362   0x00000000   Code   RO         6406    .ARM.Collect$$libinit$$00000021  c_w.l(libinit2.o)
    0x08000362   0x08000362   0x00000000   Code   RO         6408    .ARM.Collect$$libinit$$00000023  c_w.l(libinit2.o)
    0x08000362   0x08000362   0x00000000   Code   RO         6410    .ARM.Collect$$libinit$$00000025  c_w.l(libinit2.o)
    0x08000362   0x08000362   0x00000000   Code   RO         6414    .ARM.Collect$$libinit$$0000002C  c_w.l(libinit2.o)
    0x08000362   0x08000362   0x00000000   Code   RO         6416    .ARM.Collect$$libinit$$0000002E  c_w.l(libinit2.o)
    0x08000362   0x08000362   0x00000000   Code   RO         6418    .ARM.Collect$$libinit$$00000030  c_w.l(libinit2.o)
    0x08000362   0x08000362   0x00000000   Code   RO         6420    .ARM.Collect$$libinit$$00000032  c_w.l(libinit2.o)
    0x08000362   0x08000362   0x00000002   Code   RO         6421    .ARM.Collect$$libinit$$00000033  c_w.l(libinit2.o)
    0x08000364   0x08000364   0x00000002   Code   RO         6512    .ARM.Collect$$libshutdown$$00000000  c_w.l(libshutdown.o)
    0x08000366   0x08000366   0x00000000   Code   RO         6532    .ARM.Collect$$libshutdown$$00000002  c_w.l(libshutdown2.o)
    0x08000366   0x08000366   0x00000000   Code   RO         6534    .ARM.Collect$$libshutdown$$00000004  c_w.l(libshutdown2.o)
    0x08000366   0x08000366   0x00000000   Code   RO         6537    .ARM.Collect$$libshutdown$$00000007  c_w.l(libshutdown2.o)
    0x08000366   0x08000366   0x00000000   Code   RO         6540    .ARM.Collect$$libshutdown$$0000000A  c_w.l(libshutdown2.o)
    0x08000366   0x08000366   0x00000000   Code   RO         6542    .ARM.Collect$$libshutdown$$0000000C  c_w.l(libshutdown2.o)
    0x08000366   0x08000366   0x00000000   Code   RO         6545    .ARM.Collect$$libshutdown$$0000000F  c_w.l(libshutdown2.o)
    0x08000366   0x08000366   0x00000002   Code   RO         6546    .ARM.Collect$$libshutdown$$00000010  c_w.l(libshutdown2.o)
    0x08000368   0x08000368   0x00000000   Code   RO         6232    .ARM.Collect$$rtentry$$00000000  c_w.l(__rtentry.o)
    0x08000368   0x08000368   0x00000000   Code   RO         6274    .ARM.Collect$$rtentry$$00000002  c_w.l(__rtentry2.o)
    0x08000368   0x08000368   0x00000006   Code   RO         6286    .ARM.Collect$$rtentry$$00000004  c_w.l(__rtentry4.o)
    0x0800036e   0x0800036e   0x00000000   Code   RO         6276    .ARM.Collect$$rtentry$$00000009  c_w.l(__rtentry2.o)
    0x0800036e   0x0800036e   0x00000004   Code   RO         6277    .ARM.Collect$$rtentry$$0000000A  c_w.l(__rtentry2.o)
    0x08000372   0x08000372   0x00000000   Code   RO         6279    .ARM.Collect$$rtentry$$0000000C  c_w.l(__rtentry2.o)
    0x08000372   0x08000372   0x00000008   Code   RO         6280    .ARM.Collect$$rtentry$$0000000D  c_w.l(__rtentry2.o)
    0x0800037a   0x0800037a   0x00000002   Code   RO         6428    .ARM.Collect$$rtexit$$00000000  c_w.l(rtexit.o)
    0x0800037c   0x0800037c   0x00000000   Code   RO         6464    .ARM.Collect$$rtexit$$00000002  c_w.l(rtexit2.o)
    0x0800037c   0x0800037c   0x00000004   Code   RO         6465    .ARM.Collect$$rtexit$$00000003  c_w.l(rtexit2.o)
    0x08000380   0x08000380   0x00000006   Code   RO         6466    .ARM.Collect$$rtexit$$00000004  c_w.l(rtexit2.o)
    0x08000386   0x08000386   0x00000002   PAD
    0x08000388   0x08000388   0x00000048   Code   RO            4    .text               startup_stm32h723xx.o
    0x080003d0   0x080003d0   0x000000ee   Code   RO         6174    .text               c_w.l(lludivv7m.o)
    0x080004be   0x080004be   0x00000002   PAD
    0x080004c0   0x080004c0   0x0000003c   Code   RO         6176    .text               c_w.l(__0sscanf.o)
    0x080004fc   0x080004fc   0x0000014c   Code   RO         6178    .text               c_w.l(_scanf_int.o)
    0x08000648   0x08000648   0x000000e0   Code   RO         6180    .text               c_w.l(_scanf_str.o)
    0x08000728   0x08000728   0x00000096   Code   RO         6182    .text               c_w.l(strncmp.o)
    0x080007be   0x080007be   0x00000064   Code   RO         6184    .text               c_w.l(rt_memcpy_w.o)
    0x08000822   0x08000822   0x0000004e   Code   RO         6186    .text               c_w.l(rt_memclr_w.o)
    0x08000870   0x08000870   0x00000006   Code   RO         6188    .text               c_w.l(heapauxi.o)
    0x08000876   0x08000876   0x00000016   Code   RO         6237    .text               c_w.l(_rserrno.o)
    0x0800088c   0x0800088c   0x0000001c   Code   RO         6239    .text               c_w.l(_chval.o)
    0x080008a8   0x080008a8   0x000004f8   Code   RO         6241    .text               c_w.l(scanf_fp.o)
    0x08000da0   0x08000da0   0x0000002c   Code   RO         6245    .text               c_w.l(scanf_char.o)
    0x08000dcc   0x08000dcc   0x00000040   Code   RO         6247    .text               c_w.l(_sgetc.o)
    0x08000e0c   0x08000e0c   0x00000008   Code   RO         6293    .text               c_w.l(rt_locale_intlibspace.o)
    0x08000e14   0x08000e14   0x00000008   Code   RO         6298    .text               c_w.l(rt_errno_addr_intlibspace.o)
    0x08000e1c   0x08000e1c   0x00000012   Code   RO         6300    .text               c_w.l(isspace.o)
    0x08000e2e   0x08000e2e   0x00000002   PAD
    0x08000e30   0x08000e30   0x00000374   Code   RO         6302    .text               c_w.l(_scanf.o)
    0x080011a4   0x080011a4   0x000000e4   Code   RO         6304    .text               c_w.l(bigflt0.o)
    0x08001288   0x08001288   0x00000008   Code   RO         6352    .text               c_w.l(libspace.o)
    0x08001290   0x08001290   0x0000004a   Code   RO         6355    .text               c_w.l(sys_stackheap_outer.o)
    0x080012da   0x080012da   0x00000002   PAD
    0x080012dc   0x080012dc   0x00000010   Code   RO         6357    .text               c_w.l(rt_ctype_table.o)
    0x080012ec   0x080012ec   0x00000320   Code   RO         6359    .text               c_w.l(scanf_hexfp.o)
    0x0800160c   0x0800160c   0x00000134   Code   RO         6361    .text               c_w.l(scanf_infnan.o)
    0x08001740   0x08001740   0x00000012   Code   RO         6363    .text               c_w.l(exit.o)
    0x08001752   0x08001752   0x00000002   PAD
    0x08001754   0x08001754   0x00000068   Code   RO         6369    .text               c_w.l(strcmpv7m_pel.o)
    0x080017bc   0x080017bc   0x00000026   Code   RO         6432    .text               c_w.l(llshl.o)
    0x080017e2   0x080017e2   0x00000002   PAD
    0x080017e4   0x080017e4   0x0000000c   Code   RO         6461    .text               c_w.l(sys_exit.o)
    0x080017f0   0x080017f0   0x00000002   Code   RO         6499    .text               c_w.l(use_no_semi.o)
    0x080017f2   0x080017f2   0x00000000   Code   RO         6501    .text               c_w.l(indicate_semi.o)
    0x080017f2   0x080017f2   0x00000338   Code   RO         6317    CL$$btod_div_common  c_w.l(btod.o)
    0x08001b2a   0x08001b2a   0x00000002   PAD
    0x08001b2c   0x08001b2c   0x00000084   Code   RO         6315    CL$$btod_e2d        c_w.l(btod.o)
    0x08001bb0   0x08001bb0   0x000000dc   Code   RO         6314    CL$$btod_e2e        c_w.l(btod.o)
    0x08001c8c   0x08001c8c   0x0000002a   Code   RO         6311    CL$$btod_ediv       c_w.l(btod.o)
    0x08001cb6   0x08001cb6   0x0000002a   Code   RO         6313    CL$$btod_edivd      c_w.l(btod.o)
    0x08001ce0   0x08001ce0   0x0000002a   Code   RO         6310    CL$$btod_emul       c_w.l(btod.o)
    0x08001d0a   0x08001d0a   0x0000002a   Code   RO         6312    CL$$btod_emuld      c_w.l(btod.o)
    0x08001d34   0x08001d34   0x00000244   Code   RO         6316    CL$$btod_mult_common  c_w.l(btod.o)
    0x08001f78   0x08001f78   0x00000002   Code   RO          584    i.BusFault_Handler  stm32h7xx_it.o
    0x08001f7a   0x08001f7a   0x00000002   PAD
    0x08001f7c   0x08001f7c   0x00000070   Code   RO         5873    i.Communication_Test  robotic_arm_communication_hal_stm32_port.o
    0x08001fec   0x08001fec   0x00000014   Code   RO         5874    i.Communication_Usart_Init  robotic_arm_communication_hal_stm32_port.o
    0x08002000   0x08002000   0x0000000c   Code   RO          585    i.DMA1_Stream0_IRQHandler  stm32h7xx_it.o
    0x0800200c   0x0800200c   0x0000000c   Code   RO          586    i.DMA1_Stream1_IRQHandler  stm32h7xx_it.o
    0x08002018   0x08002018   0x0000000c   Code   RO          587    i.DMA1_Stream2_IRQHandler  stm32h7xx_it.o
    0x08002024   0x08002024   0x0000000c   Code   RO          588    i.DMA1_Stream3_IRQHandler  stm32h7xx_it.o
    0x08002030   0x08002030   0x000000b4   Code   RO         2581    i.DMA_CalcBaseAndBitshift  stm32h7xx_hal_dma.o
    0x080020e4   0x080020e4   0x0000009c   Code   RO         2582    i.DMA_CalcDMAMUXChannelBaseAndMask  stm32h7xx_hal_dma.o
    0x08002180   0x08002180   0x00000074   Code   RO         2583    i.DMA_CalcDMAMUXRequestGenBaseAndMask  stm32h7xx_hal_dma.o
    0x080021f4   0x080021f4   0x00000054   Code   RO         2584    i.DMA_CheckFifoParam  stm32h7xx_hal_dma.o
    0x08002248   0x08002248   0x00000220   Code   RO         2585    i.DMA_SetConfig     stm32h7xx_hal_dma.o
    0x08002468   0x08002468   0x00000098   Code   RO         6018    i.DMJ4310_Motor_Control_Init  dmj4310_motor_driver.o
    0x08002500   0x08002500   0x0000003a   Code   RO         6019    i.DMJ4310_Motor_Enable  dmj4310_motor_driver.o
    0x0800253a   0x0800253a   0x00000002   PAD
    0x0800253c   0x0800253c   0x00000184   Code   RO         5750    i.DMJ4310_Motor_Handle_Update  robotic_arm_control_api.o
    0x080026c0   0x080026c0   0x000000cc   Code   RO         6020    i.DMJ4310_Motor_MIT_Control  dmj4310_motor_driver.o
    0x0800278c   0x0800278c   0x0000008a   Code   RO         6021    i.DMJ4310_Motor_Response_Data_Explain  dmj4310_motor_driver.o
    0x08002816   0x08002816   0x00000002   Code   RO          589    i.DebugMon_Handler  stm32h7xx_it.o
    0x08002818   0x08002818   0x00000004   Code   RO           13    i.Error_Handler     main.o
    0x0800281c   0x0800281c   0x0000001c   Code   RO         5707    i.ExitRun0Mode      system_stm32h7xx.o
    0x08002838   0x08002838   0x0000000c   Code   RO          590    i.FDCAN1_IT0_IRQHandler  stm32h7xx_it.o
    0x08002844   0x08002844   0x0000000c   Code   RO          591    i.FDCAN1_IT1_IRQHandler  stm32h7xx_it.o
    0x08002850   0x08002850   0x0000000c   Code   RO          592    i.FDCAN2_IT0_IRQHandler  stm32h7xx_it.o
    0x0800285c   0x0800285c   0x0000000c   Code   RO          593    i.FDCAN2_IT1_IRQHandler  stm32h7xx_it.o
    0x08002868   0x08002868   0x000001c8   Code   RO         4222    i.FDCAN_CalcultateRamBlockAddresses  stm32h7xx_hal_fdcan.o
    0x08002a30   0x08002a30   0x0000006c   Code   RO         4223    i.FDCAN_CopyMessageToRAM  stm32h7xx_hal_fdcan.o
    0x08002a9c   0x08002a9c   0x0000007a   Code   RO         5816    i.FDCAN_Send_Standard  robotic_arm_motor_hal_stm32_port.o
    0x08002b16   0x08002b16   0x00000048   Code   RO         5817    i.Float_To_Uint     robotic_arm_motor_hal_stm32_port.o
    0x08002b5e   0x08002b5e   0x00000002   PAD
    0x08002b60   0x08002b60   0x00000050   Code   RO         5928    i.Forearm_Gravity_Compensation  control_algorithm.o
    0x08002bb0   0x08002bb0   0x00000360   Code   RO         2586    i.HAL_DMA_Abort     stm32h7xx_hal_dma.o
    0x08002f10   0x08002f10   0x00000284   Code   RO         2587    i.HAL_DMA_Abort_IT  stm32h7xx_hal_dma.o
    0x08003194   0x08003194   0x000006e8   Code   RO         2591    i.HAL_DMA_IRQHandler  stm32h7xx_hal_dma.o
    0x0800387c   0x0800387c   0x000003bc   Code   RO         2592    i.HAL_DMA_Init      stm32h7xx_hal_dma.o
    0x08003c38   0x08003c38   0x0000029c   Code   RO         2596    i.HAL_DMA_Start_IT  stm32h7xx_hal_dma.o
    0x08003ed4   0x08003ed4   0x00000024   Code   RO         3283    i.HAL_Delay         stm32h7xx_hal.o
    0x08003ef8   0x08003ef8   0x00000088   Code   RO         4225    i.HAL_FDCAN_ActivateNotification  stm32h7xx_hal_fdcan.o
    0x08003f80   0x08003f80   0x00000066   Code   RO         4227    i.HAL_FDCAN_AddMessageToTxFifoQ  stm32h7xx_hal_fdcan.o
    0x08003fe6   0x08003fe6   0x00000002   Code   RO         4228    i.HAL_FDCAN_ClockCalibrationCallback  stm32h7xx_hal_fdcan.o
    0x08003fe8   0x08003fe8   0x0000007e   Code   RO         4232    i.HAL_FDCAN_ConfigFilter  stm32h7xx_hal_fdcan.o
    0x08004066   0x08004066   0x00000002   Code   RO         4254    i.HAL_FDCAN_ErrorCallback  stm32h7xx_hal_fdcan.o
    0x08004068   0x08004068   0x00000002   Code   RO         4255    i.HAL_FDCAN_ErrorStatusCallback  stm32h7xx_hal_fdcan.o
    0x0800406a   0x0800406a   0x00000002   PAD
    0x0800406c   0x0800406c   0x0000018c   Code   RO         4266    i.HAL_FDCAN_GetRxMessage  stm32h7xx_hal_fdcan.o
    0x080041f8   0x080041f8   0x00000002   Code   RO         4272    i.HAL_FDCAN_HighPriorityMessageCallback  stm32h7xx_hal_fdcan.o
    0x080041fa   0x080041fa   0x00000002   PAD
    0x080041fc   0x080041fc   0x00000320   Code   RO         4273    i.HAL_FDCAN_IRQHandler  stm32h7xx_hal_fdcan.o
    0x0800451c   0x0800451c   0x00000244   Code   RO         4274    i.HAL_FDCAN_Init    stm32h7xx_hal_fdcan.o
    0x08004760   0x08004760   0x00000144   Code   RO          398    i.HAL_FDCAN_MspInit  fdcan.o
    0x080048a4   0x080048a4   0x00000002   Code   RO         4283    i.HAL_FDCAN_RxBufferNewMessageCallback  stm32h7xx_hal_fdcan.o
    0x080048a6   0x080048a6   0x00000002   PAD
    0x080048a8   0x080048a8   0x00000058   Code   RO         5818    i.HAL_FDCAN_RxFifo0Callback  robotic_arm_motor_hal_stm32_port.o
    0x08004900   0x08004900   0x00000060   Code   RO         5819    i.HAL_FDCAN_RxFifo1Callback  robotic_arm_motor_hal_stm32_port.o
    0x08004960   0x08004960   0x00000032   Code   RO         4286    i.HAL_FDCAN_Start   stm32h7xx_hal_fdcan.o
    0x08004992   0x08004992   0x00000002   Code   RO         4308    i.HAL_FDCAN_TT_GlobalTimeCallback  stm32h7xx_hal_fdcan.o
    0x08004994   0x08004994   0x00000002   Code   RO         4309    i.HAL_FDCAN_TT_ScheduleSyncCallback  stm32h7xx_hal_fdcan.o
    0x08004996   0x08004996   0x00000002   Code   RO         4314    i.HAL_FDCAN_TT_StopWatchCallback  stm32h7xx_hal_fdcan.o
    0x08004998   0x08004998   0x00000002   Code   RO         4315    i.HAL_FDCAN_TT_TimeMarkCallback  stm32h7xx_hal_fdcan.o
    0x0800499a   0x0800499a   0x00000002   Code   RO         4316    i.HAL_FDCAN_TimeoutOccurredCallback  stm32h7xx_hal_fdcan.o
    0x0800499c   0x0800499c   0x00000002   Code   RO         4317    i.HAL_FDCAN_TimestampWraparoundCallback  stm32h7xx_hal_fdcan.o
    0x0800499e   0x0800499e   0x00000002   Code   RO         4318    i.HAL_FDCAN_TxBufferAbortCallback  stm32h7xx_hal_fdcan.o
    0x080049a0   0x080049a0   0x00000002   Code   RO         4319    i.HAL_FDCAN_TxBufferCompleteCallback  stm32h7xx_hal_fdcan.o
    0x080049a2   0x080049a2   0x00000002   Code   RO         4320    i.HAL_FDCAN_TxEventFifoCallback  stm32h7xx_hal_fdcan.o
    0x080049a4   0x080049a4   0x00000002   Code   RO         4321    i.HAL_FDCAN_TxFifoEmptyCallback  stm32h7xx_hal_fdcan.o
    0x080049a6   0x080049a6   0x00000002   PAD
    0x080049a8   0x080049a8   0x0000021c   Code   RO         2434    i.HAL_GPIO_Init     stm32h7xx_hal_gpio.o
    0x08004bc4   0x08004bc4   0x0000000a   Code   RO         2438    i.HAL_GPIO_WritePin  stm32h7xx_hal_gpio.o
    0x08004bce   0x08004bce   0x00000002   PAD
    0x08004bd0   0x08004bd0   0x0000000c   Code   RO         3299    i.HAL_GetTick       stm32h7xx_hal.o
    0x08004bdc   0x08004bdc   0x00000010   Code   RO         3305    i.HAL_IncTick       stm32h7xx_hal.o
    0x08004bec   0x08004bec   0x0000005c   Code   RO         3306    i.HAL_Init          stm32h7xx_hal.o
    0x08004c48   0x08004c48   0x0000008c   Code   RO          750    i.HAL_InitTick      stm32h7xx_hal_timebase_tim.o
    0x08004cd4   0x08004cd4   0x0000001c   Code   RO          726    i.HAL_MspInit       stm32h7xx_hal_msp.o
    0x08004cf0   0x08004cf0   0x0000001a   Code   RO         1816    i.HAL_NVIC_EnableIRQ  stm32h7xx_hal_cortex.o
    0x08004d0a   0x08004d0a   0x00000002   PAD
    0x08004d0c   0x08004d0c   0x00000040   Code   RO         1822    i.HAL_NVIC_SetPriority  stm32h7xx_hal_cortex.o
    0x08004d4c   0x08004d4c   0x00000024   Code   RO         1823    i.HAL_NVIC_SetPriorityGrouping  stm32h7xx_hal_cortex.o
    0x08004d70   0x08004d70   0x00000054   Code   RO         3035    i.HAL_PWREx_ConfigSupply  stm32h7xx_hal_pwr_ex.o
    0x08004dc4   0x08004dc4   0x00000024   Code   RO         2077    i.HAL_RCCEx_GetD3PCLK1Freq  stm32h7xx_hal_rcc_ex.o
    0x08004de8   0x08004de8   0x00000144   Code   RO         2079    i.HAL_RCCEx_GetPLL2ClockFreq  stm32h7xx_hal_rcc_ex.o
    0x08004f2c   0x08004f2c   0x00000144   Code   RO         2080    i.HAL_RCCEx_GetPLL3ClockFreq  stm32h7xx_hal_rcc_ex.o
    0x08005070   0x08005070   0x0000093a   Code   RO         2086    i.HAL_RCCEx_PeriphCLKConfig  stm32h7xx_hal_rcc_ex.o
    0x080059aa   0x080059aa   0x00000002   PAD
    0x080059ac   0x080059ac   0x0000025c   Code   RO         1962    i.HAL_RCC_ClockConfig  stm32h7xx_hal_rcc.o
    0x08005c08   0x08005c08   0x0000005c   Code   RO         1966    i.HAL_RCC_GetClockConfig  stm32h7xx_hal_rcc.o
    0x08005c64   0x08005c64   0x00000044   Code   RO         1967    i.HAL_RCC_GetHCLKFreq  stm32h7xx_hal_rcc.o
    0x08005ca8   0x08005ca8   0x00000024   Code   RO         1969    i.HAL_RCC_GetPCLK1Freq  stm32h7xx_hal_rcc.o
    0x08005ccc   0x08005ccc   0x00000024   Code   RO         1970    i.HAL_RCC_GetPCLK2Freq  stm32h7xx_hal_rcc.o
    0x08005cf0   0x08005cf0   0x00000138   Code   RO         1971    i.HAL_RCC_GetSysClockFreq  stm32h7xx_hal_rcc.o
    0x08005e28   0x08005e28   0x00000094   Code   RO         1972    i.HAL_RCC_MCOConfig  stm32h7xx_hal_rcc.o
    0x08005ebc   0x08005ebc   0x00000526   Code   RO         1974    i.HAL_RCC_OscConfig  stm32h7xx_hal_rcc.o
    0x080063e2   0x080063e2   0x00000002   Code   RO         4847    i.HAL_SPI_ErrorCallback  stm32h7xx_hal_spi.o
    0x080063e4   0x080063e4   0x0000021c   Code   RO         4850    i.HAL_SPI_IRQHandler  stm32h7xx_hal_spi.o
    0x08006600   0x08006600   0x0000017c   Code   RO         4851    i.HAL_SPI_Init      stm32h7xx_hal_spi.o
    0x0800677c   0x0800677c   0x00000120   Code   RO          447    i.HAL_SPI_MspInit   spi.o
    0x0800689c   0x0800689c   0x00000002   Code   RO         4857    i.HAL_SPI_RxCpltCallback  stm32h7xx_hal_spi.o
    0x0800689e   0x0800689e   0x00000002   Code   RO         4859    i.HAL_SPI_SuspendCallback  stm32h7xx_hal_spi.o
    0x080068a0   0x080068a0   0x00000002   Code   RO         4866    i.HAL_SPI_TxCpltCallback  stm32h7xx_hal_spi.o
    0x080068a2   0x080068a2   0x00000002   Code   RO         4868    i.HAL_SPI_TxRxCpltCallback  stm32h7xx_hal_spi.o
    0x080068a4   0x080068a4   0x00000010   Code   RO         3313    i.HAL_SYSCFG_AnalogSwitchConfig  stm32h7xx_hal.o
    0x080068b4   0x080068b4   0x00000002   Code   RO         1505    i.HAL_TIMEx_Break2Callback  stm32h7xx_hal_tim_ex.o
    0x080068b6   0x080068b6   0x00000002   Code   RO         1506    i.HAL_TIMEx_BreakCallback  stm32h7xx_hal_tim_ex.o
    0x080068b8   0x080068b8   0x00000002   Code   RO         1507    i.HAL_TIMEx_CommutCallback  stm32h7xx_hal_tim_ex.o
    0x080068ba   0x080068ba   0x00000002   PAD
    0x080068bc   0x080068bc   0x000000a0   Code   RO         1509    i.HAL_TIMEx_ConfigBreakDeadTime  stm32h7xx_hal_tim_ex.o
    0x0800695c   0x0800695c   0x000000b8   Code   RO         1528    i.HAL_TIMEx_MasterConfigSynchronization  stm32h7xx_hal_tim_ex.o
    0x08006a14   0x08006a14   0x00000062   Code   RO          791    i.HAL_TIM_Base_Init  stm32h7xx_hal_tim.o
    0x08006a76   0x08006a76   0x00000002   Code   RO          793    i.HAL_TIM_Base_MspInit  stm32h7xx_hal_tim.o
    0x08006a78   0x08006a78   0x000000a0   Code   RO          796    i.HAL_TIM_Base_Start_IT  stm32h7xx_hal_tim.o
    0x08006b18   0x08006b18   0x00000002   Code   RO          825    i.HAL_TIM_IC_CaptureCallback  stm32h7xx_hal_tim.o
    0x08006b1a   0x08006b1a   0x00000148   Code   RO          839    i.HAL_TIM_IRQHandler  stm32h7xx_hal_tim.o
    0x08006c62   0x08006c62   0x00000002   PAD
    0x08006c64   0x08006c64   0x00000080   Code   RO          488    i.HAL_TIM_MspPostInit  tim.o
    0x08006ce4   0x08006ce4   0x00000002   Code   RO          842    i.HAL_TIM_OC_DelayElapsedCallback  stm32h7xx_hal_tim.o
    0x08006ce6   0x08006ce6   0x00000124   Code   RO          863    i.HAL_TIM_PWM_ConfigChannel  stm32h7xx_hal_tim.o
    0x08006e0a   0x08006e0a   0x00000062   Code   RO          866    i.HAL_TIM_PWM_Init  stm32h7xx_hal_tim.o
    0x08006e6c   0x08006e6c   0x00000034   Code   RO          490    i.HAL_TIM_PWM_MspInit  tim.o
    0x08006ea0   0x08006ea0   0x00000002   Code   RO          869    i.HAL_TIM_PWM_PulseFinishedCallback  stm32h7xx_hal_tim.o
    0x08006ea2   0x08006ea2   0x00000002   PAD
    0x08006ea4   0x08006ea4   0x00000124   Code   RO          871    i.HAL_TIM_PWM_Start  stm32h7xx_hal_tim.o
    0x08006fc8   0x08006fc8   0x00000014   Code   RO           14    i.HAL_TIM_PeriodElapsedCallback  main.o
    0x08006fdc   0x08006fdc   0x00000002   Code   RO          882    i.HAL_TIM_TriggerCallback  stm32h7xx_hal_tim.o
    0x08006fde   0x08006fde   0x00000040   Code   RO         5589    i.HAL_UARTEx_DisableFifoMode  stm32h7xx_hal_uart_ex.o
    0x0800701e   0x0800701e   0x0000004a   Code   RO         5595    i.HAL_UARTEx_ReceiveToIdle_DMA  stm32h7xx_hal_uart_ex.o
    0x08007068   0x08007068   0x00000194   Code   RO         5876    i.HAL_UARTEx_RxEventCallback  robotic_arm_communication_hal_stm32_port.o
    0x080071fc   0x080071fc   0x00000002   Code   RO         5597    i.HAL_UARTEx_RxFifoFullCallback  stm32h7xx_hal_uart_ex.o
    0x080071fe   0x080071fe   0x0000004c   Code   RO         5598    i.HAL_UARTEx_SetRxFifoThreshold  stm32h7xx_hal_uart_ex.o
    0x0800724a   0x0800724a   0x0000004c   Code   RO         5599    i.HAL_UARTEx_SetTxFifoThreshold  stm32h7xx_hal_uart_ex.o
    0x08007296   0x08007296   0x00000002   Code   RO         5601    i.HAL_UARTEx_TxFifoEmptyCallback  stm32h7xx_hal_uart_ex.o
    0x08007298   0x08007298   0x00000002   Code   RO         5602    i.HAL_UARTEx_WakeupCallback  stm32h7xx_hal_uart_ex.o
    0x0800729a   0x0800729a   0x00000002   Code   RO         5194    i.HAL_UART_ErrorCallback  stm32h7xx_hal_uart.o
    0x0800729c   0x0800729c   0x0000039c   Code   RO         5197    i.HAL_UART_IRQHandler  stm32h7xx_hal_uart.o
    0x08007638   0x08007638   0x0000006a   Code   RO         5198    i.HAL_UART_Init     stm32h7xx_hal_uart.o
    0x080076a2   0x080076a2   0x00000002   PAD
    0x080076a4   0x080076a4   0x000000fc   Code   RO          543    i.HAL_UART_MspInit  usart.o
    0x080077a0   0x080077a0   0x00000002   Code   RO         5205    i.HAL_UART_RxCpltCallback  stm32h7xx_hal_uart.o
    0x080077a2   0x080077a2   0x00000002   Code   RO         5206    i.HAL_UART_RxHalfCpltCallback  stm32h7xx_hal_uart.o
    0x080077a4   0x080077a4   0x00000090   Code   RO         5208    i.HAL_UART_Transmit_DMA  stm32h7xx_hal_uart.o
    0x08007834   0x08007834   0x00000002   Code   RO         5210    i.HAL_UART_TxCpltCallback  stm32h7xx_hal_uart.o
    0x08007836   0x08007836   0x00000002   Code   RO         5211    i.HAL_UART_TxHalfCpltCallback  stm32h7xx_hal_uart.o
    0x08007838   0x08007838   0x00000002   Code   RO          594    i.HardFault_Handler  stm32h7xx_it.o
    0x0800783a   0x0800783a   0x00000002   PAD
    0x0800783c   0x0800783c   0x00000044   Code   RO         5982    i.LFD01M_Motor_Control_Init  lfd01m_motor_driver.o
    0x08007880   0x08007880   0x0000004c   Code   RO         5751    i.LFD01M_Motor_Handle_Update  robotic_arm_control_api.o
    0x080078cc   0x080078cc   0x00000094   Code   RO         5983    i.LFD01M_Motor_Set_Angle  lfd01m_motor_driver.o
    0x08007960   0x08007960   0x00000110   Code   RO         6070    i.LK4005_Motor_Control_Init  lk4005_motor_driver.o
    0x08007a70   0x08007a70   0x000001e8   Code   RO         5752    i.LK4005_Motor_Handle_Update  robotic_arm_control_api.o
    0x08007c58   0x08007c58   0x0000001c   Code   RO         6072    i.LK4005_Motor_Read_Position  lk4005_motor_driver.o
    0x08007c74   0x08007c74   0x0000001c   Code   RO         6073    i.LK4005_Motor_Read_Velocity  lk4005_motor_driver.o
    0x08007c90   0x08007c90   0x000000b8   Code   RO         6074    i.LK4005_Motor_Response_Data_Explain  lk4005_motor_driver.o
    0x08007d48   0x08007d48   0x00000070   Code   RO         6075    i.LK4005_Motor_Torque_Control  lk4005_motor_driver.o
    0x08007db8   0x08007db8   0x0000005c   Code   RO          370    i.MX_DMA_Init       dma.o
    0x08007e14   0x08007e14   0x0000006c   Code   RO          399    i.MX_FDCAN1_Init    fdcan.o
    0x08007e80   0x08007e80   0x00000074   Code   RO          400    i.MX_FDCAN2_Init    fdcan.o
    0x08007ef4   0x08007ef4   0x000000c0   Code   RO          230    i.MX_GPIO_Init      gpio.o
    0x08007fb4   0x08007fb4   0x00000058   Code   RO          448    i.MX_SPI2_Init      spi.o
    0x0800800c   0x0800800c   0x000000b4   Code   RO          491    i.MX_TIM1_Init      tim.o
    0x080080c0   0x080080c0   0x00000074   Code   RO          492    i.MX_TIM2_Init      tim.o
    0x08008134   0x08008134   0x00000068   Code   RO          544    i.MX_USART1_UART_Init  usart.o
    0x0800819c   0x0800819c   0x00000002   Code   RO          595    i.MemManage_Handler  stm32h7xx_it.o
    0x0800819e   0x0800819e   0x00000002   PAD
    0x080081a0   0x080081a0   0x00000028   Code   RO         5820    i.Motor_Control_Init  robotic_arm_motor_hal_stm32_port.o
    0x080081c8   0x080081c8   0x00000058   Code   RO         5929    i.Motor_MIT_Control  control_algorithm.o
    0x08008220   0x08008220   0x00000002   Code   RO          596    i.NMI_Handler       stm32h7xx_it.o
    0x08008222   0x08008222   0x00000002   PAD
    0x08008224   0x08008224   0x0000002c   Code   RO         5930    i.Normalize_Angle   control_algorithm.o
    0x08008250   0x08008250   0x00000002   Code   RO          597    i.PendSV_Handler    stm32h7xx_it.o
    0x08008252   0x08008252   0x00000002   PAD
    0x08008254   0x08008254   0x00000120   Code   RO         2089    i.RCCEx_PLL2_Config  stm32h7xx_hal_rcc_ex.o
    0x08008374   0x08008374   0x00000120   Code   RO         2090    i.RCCEx_PLL3_Config  stm32h7xx_hal_rcc_ex.o
    0x08008494   0x08008494   0x0000008c   Code   RO         5754    i.Robotic_Arm_Control  robotic_arm_control_api.o
    0x08008520   0x08008520   0x00000044   Code   RO         5755    i.Robotic_Arm_Control_Init  robotic_arm_control_api.o
    0x08008564   0x08008564   0x0000000c   Code   RO          598    i.SPI2_IRQHandler   stm32h7xx_it.o
    0x08008570   0x08008570   0x000000bc   Code   RO         4871    i.SPI_CloseTransfer  stm32h7xx_hal_spi.o
    0x0800862c   0x0800862c   0x0000001a   Code   RO         4872    i.SPI_DMAAbortOnError  stm32h7xx_hal_spi.o
    0x08008646   0x08008646   0x00000002   Code   RO          599    i.SVC_Handler       stm32h7xx_it.o
    0x08008648   0x08008648   0x000002d4   Code   RO         5931    i.Speed_Plan_Update  control_algorithm.o
    0x0800891c   0x0800891c   0x00000002   Code   RO          600    i.SysTick_Handler   stm32h7xx_it.o
    0x0800891e   0x0800891e   0x00000002   PAD
    0x08008920   0x08008920   0x000000a4   Code   RO           15    i.SystemClock_Config  main.o
    0x080089c4   0x080089c4   0x000000d8   Code   RO         5709    i.SystemInit        system_stm32h7xx.o
    0x08008a9c   0x08008a9c   0x0000000c   Code   RO          601    i.TIM3_IRQHandler   stm32h7xx_it.o
    0x08008aa8   0x08008aa8   0x000000e0   Code   RO          884    i.TIM_Base_SetConfig  stm32h7xx_hal_tim.o
    0x08008b88   0x08008b88   0x0000001a   Code   RO          885    i.TIM_CCxChannelCmd  stm32h7xx_hal_tim.o
    0x08008ba2   0x08008ba2   0x00000002   PAD
    0x08008ba4   0x08008ba4   0x000000a4   Code   RO          897    i.TIM_OC1_SetConfig  stm32h7xx_hal_tim.o
    0x08008c48   0x08008c48   0x00000098   Code   RO          898    i.TIM_OC2_SetConfig  stm32h7xx_hal_tim.o
    0x08008ce0   0x08008ce0   0x00000098   Code   RO          899    i.TIM_OC3_SetConfig  stm32h7xx_hal_tim.o
    0x08008d78   0x08008d78   0x00000078   Code   RO          900    i.TIM_OC4_SetConfig  stm32h7xx_hal_tim.o
    0x08008df0   0x08008df0   0x00000074   Code   RO          901    i.TIM_OC5_SetConfig  stm32h7xx_hal_tim.o
    0x08008e64   0x08008e64   0x00000074   Code   RO          902    i.TIM_OC6_SetConfig  stm32h7xx_hal_tim.o
    0x08008ed8   0x08008ed8   0x00000044   Code   RO         5603    i.UARTEx_SetNbDataToProcess  stm32h7xx_hal_uart_ex.o
    0x08008f1c   0x08008f1c   0x000000c8   Code   RO         5212    i.UART_AdvFeatureConfig  stm32h7xx_hal_uart.o
    0x08008fe4   0x08008fe4   0x000000aa   Code   RO         5213    i.UART_CheckIdleState  stm32h7xx_hal_uart.o
    0x0800908e   0x0800908e   0x00000010   Code   RO         5214    i.UART_DMAAbortOnError  stm32h7xx_hal_uart.o
    0x0800909e   0x0800909e   0x0000004e   Code   RO         5215    i.UART_DMAError     stm32h7xx_hal_uart.o
    0x080090ec   0x080090ec   0x00000082   Code   RO         5216    i.UART_DMAReceiveCplt  stm32h7xx_hal_uart.o
    0x0800916e   0x0800916e   0x00000020   Code   RO         5218    i.UART_DMARxHalfCplt  stm32h7xx_hal_uart.o
    0x0800918e   0x0800918e   0x00000040   Code   RO         5220    i.UART_DMATransmitCplt  stm32h7xx_hal_uart.o
    0x080091ce   0x080091ce   0x0000000a   Code   RO         5222    i.UART_DMATxHalfCplt  stm32h7xx_hal_uart.o
    0x080091d8   0x080091d8   0x00000054   Code   RO         5224    i.UART_EndRxTransfer  stm32h7xx_hal_uart.o
    0x0800922c   0x0800922c   0x0000002e   Code   RO         5225    i.UART_EndTxTransfer  stm32h7xx_hal_uart.o
    0x0800925a   0x0800925a   0x00000002   PAD
    0x0800925c   0x0800925c   0x000003dc   Code   RO         5230    i.UART_SetConfig    stm32h7xx_hal_uart.o
    0x08009638   0x08009638   0x000000a8   Code   RO         5231    i.UART_Start_Receive_DMA  stm32h7xx_hal_uart.o
    0x080096e0   0x080096e0   0x00000094   Code   RO         5237    i.UART_WaitOnFlagUntilTimeout  stm32h7xx_hal_uart.o
    0x08009774   0x08009774   0x0000000c   Code   RO          602    i.USART1_IRQHandler  stm32h7xx_it.o
    0x08009780   0x08009780   0x00000028   Code   RO         5821    i.Uint_To_Float     robotic_arm_motor_hal_stm32_port.o
    0x080097a8   0x080097a8   0x00000094   Code   RO         5932    i.Upperarm_Gravity_Compensation  control_algorithm.o
    0x0800983c   0x0800983c   0x00000002   Code   RO          603    i.UsageFault_Handler  stm32h7xx_it.o
    0x0800983e   0x0800983e   0x00000026   Code   RO         6254    i.__ARM_fpclassifyf  m_wv.l(fpclassifyf.o)
    0x08009864   0x08009864   0x00000022   Code   RO         1829    i.__NVIC_SetPriority  stm32h7xx_hal_cortex.o
    0x08009886   0x08009886   0x00000002   PAD
    0x08009888   0x08009888   0x000000dc   Code   RO         6344    i.__hardfp___mathlib_tofloat  m_wv.l(narrow.o)
    0x08009964   0x08009964   0x00000150   Code   RO         6194    i.__hardfp_cosf     m_wv.l(cosf.o)
    0x08009ab4   0x08009ab4   0x000000b0   Code   RO         6206    i.__hardfp_fmodf    m_wv.l(fmodf.o)
    0x08009b64   0x08009b64   0x00000658   Code   RO         6218    i.__hardfp_powf     m_wv.l(powf.o)
    0x0800a1bc   0x0800a1bc   0x00000004   PAD
    0x0800a1c0   0x0800a1c0   0x00000018   Code   RO         6484    i.__mathlib_dbl_overflow  m_wv.l(dunder.o)
    0x0800a1d8   0x0800a1d8   0x00000018   Code   RO         6486    i.__mathlib_dbl_underflow  m_wv.l(dunder.o)
    0x0800a1f0   0x0800a1f0   0x00000018   Code   RO         6256    i.__mathlib_flt_divzero  m_wv.l(funder.o)
    0x0800a208   0x0800a208   0x00000006   Code   RO         6257    i.__mathlib_flt_infnan  m_wv.l(funder.o)
    0x0800a20e   0x0800a20e   0x00000006   Code   RO         6258    i.__mathlib_flt_infnan2  m_wv.l(funder.o)
    0x0800a214   0x0800a214   0x00000010   Code   RO         6259    i.__mathlib_flt_invalid  m_wv.l(funder.o)
    0x0800a224   0x0800a224   0x00000010   Code   RO         6260    i.__mathlib_flt_overflow  m_wv.l(funder.o)
    0x0800a234   0x0800a234   0x00000010   Code   RO         6262    i.__mathlib_flt_underflow  m_wv.l(funder.o)
    0x0800a244   0x0800a244   0x00000012   Code   RO         6345    i.__mathlib_narrow  m_wv.l(narrow.o)
    0x0800a256   0x0800a256   0x00000002   PAD
    0x0800a258   0x0800a258   0x00000154   Code   RO         6270    i.__mathlib_rredf2  m_wv.l(rredf.o)
    0x0800a3ac   0x0800a3ac   0x00000004   PAD
    0x0800a3b0   0x0800a3b0   0x000000b8   Code   RO         6447    i.__support_ldexp   m_wv.l(ldexp.o)
    0x0800a468   0x0800a468   0x0000000e   Code   RO         6243    i._is_digit         c_w.l(scanf_fp.o)
    0x0800a476   0x0800a476   0x00000002   PAD
    0x0800a478   0x0800a478   0x0000008c   Code   RO         6424    i.frexp             m_wv.l(frexp.o)
    0x0800a504   0x0800a504   0x00000036   Code   RO           16    i.main              main.o
    0x0800a53a   0x0800a53a   0x00000002   PAD
    0x0800a53c   0x0800a53c   0x0000002c   Code   RO         6330    locale$$code        c_w.l(lc_numeric_c.o)
    0x0800a568   0x0800a568   0x0000002c   Code   RO         6435    locale$$code        c_w.l(lc_ctype_c.o)
    0x0800a594   0x0800a594   0x00000010   Code   RO         6513    x$fpl$dcheck1       fz_wv.l(dcheck1.o)
    0x0800a5a4   0x0800a5a4   0x0000008c   Code   RO         6332    x$fpl$fnaninf       fz_wv.l(fnaninf.o)
    0x0800a630   0x0800a630   0x0000000a   Code   RO         6443    x$fpl$fpinit        fz_wv.l(fpinit.o)
    0x0800a63a   0x0800a63a   0x00000002   PAD
    0x0800a63c   0x0800a63c   0x000000f4   Code   RO         6249    x$fpl$frem          fz_wv.l(frem_clz.o)
    0x0800a730   0x0800a730   0x00000006   Code   RO         6251    x$fpl$ieeestatus    fz_wv.l(istatus.o)
    0x0800a736   0x0800a736   0x00000064   Code   RO         6547    x$fpl$retnan        fz_wv.l(retnan.o)
    0x0800a79a   0x0800a79a   0x0000005c   Code   RO         6478    x$fpl$scalbn        fz_wv.l(scalbn.o)
    0x0800a7f6   0x0800a7f6   0x00000004   Code   RO         6192    x$fpl$scanf1        fz_wv.l(scanf1.o)
    0x0800a7fa   0x0800a7fa   0x00000008   Code   RO         6338    x$fpl$scanf2        fz_wv.l(scanf2.o)
    0x0800a802   0x0800a802   0x00000030   Code   RO         6549    x$fpl$trapveneer    fz_wv.l(trapv.o)
    0x0800a832   0x0800a832   0x00000000   Code   RO         6253    x$fpl$usenofp       fz_wv.l(usenofp.o)
    0x0800a832   0x0800a832   0x00000008   Data   RO         2598    .constdata          stm32h7xx_hal_dma.o
    0x0800a83a   0x0800a83a   0x00000002   PAD
    0x0800a83c   0x0800a83c   0x0000005c   Data   RO         4322    .constdata          stm32h7xx_hal_fdcan.o
    0x0800a898   0x0800a898   0x00000018   Data   RO         5238    .constdata          stm32h7xx_hal_uart.o
    0x0800a8b0   0x0800a8b0   0x00000010   Data   RO         5604    .constdata          stm32h7xx_hal_uart_ex.o
    0x0800a8c0   0x0800a8c0   0x00000010   Data   RO         5710    .constdata          system_stm32h7xx.o
    0x0800a8d0   0x0800a8d0   0x00000140   Data   RO         6221    .constdata          m_wv.l(powf.o)
    0x0800aa10   0x0800aa10   0x00000020   Data   RO         6271    .constdata          m_wv.l(rredf.o)
    0x0800aa30   0x0800aa30   0x00000094   Data   RO         6305    .constdata          c_w.l(bigflt0.o)
    0x0800aac4   0x0800aac4   0x00000020   Data   RO         6551    Region$$Table       anon$$obj.o
    0x0800aae4   0x0800aae4   0x00000008   Data   RO         6334    c$$dinf             fz_wv.l(fpconst.o)
    0x0800aaec   0x0800aaec   0x00000008   Data   RO         6337    c$$dmax             fz_wv.l(fpconst.o)
    0x0800aaf4   0x0800aaf4   0x0000001c   Data   RO         6329    locale$$data        c_w.l(lc_numeric_c.o)
    0x0800ab10   0x0800ab10   0x00000110   Data   RO         6434    locale$$data        c_w.l(lc_ctype_c.o)


    Execution Region RW_IRAM1 (Exec base: 0x20000000, Load base: 0x0800ac20, Size: 0x00000000, Max: 0x00020000, ABSOLUTE)

    **** No section assigned to this execution region ****


    Execution Region RW_IRAM2 (Exec base: 0x24000000, Load base: 0x0800ac20, Size: 0x000049d8, Max: 0x00050000, ABSOLUTE)

    Exec Addr    Load Addr    Size         Type   Attr      Idx    E Section Name        Object

    0x24000000   0x0800ac20   0x00000004   Data   RW          402    .data               fdcan.o
    0x24000004   0x0800ac24   0x0000000c   Data   RW         3330    .data               stm32h7xx_hal.o
    0x24000010   0x0800ac30   0x00000008   Data   RW         5711    .data               system_stm32h7xx.o
    0x24000018   0x0800ac38   0x00000003   Data   RW         5756    .data               robotic_arm_control_api.o
    0x2400001b   0x0800ac3b   0x00000001   PAD
    0x2400001c   0x0800ac3c   0x0000000c   Data   RW         5933    .data               control_algorithm.o
    0x24000028        -       0x00000140   Zero   RW          401    .bss                fdcan.o
    0x24000168        -       0x00000178   Zero   RW          449    .bss                spi.o
    0x240002e0        -       0x00000098   Zero   RW          493    .bss                tim.o
    0x24000378        -       0x00000184   Zero   RW          545    .bss                usart.o
    0x240004fc        -       0x0000004c   Zero   RW          753    .bss                stm32h7xx_hal_timebase_tim.o
    0x24000548        -       0x00000040   Zero   RW         5877    .bss                robotic_arm_communication_hal_stm32_port.o
    0x24000588        -       0x00000020   Zero   RW         5984    .bss                lfd01m_motor_driver.o
    0x240005a8        -       0x00000080   Zero   RW         6022    .bss                dmj4310_motor_driver.o
    0x24000628        -       0x00000150   Zero   RW         6076    .bss                lk4005_motor_driver.o
    0x24000778        -       0x00000060   Zero   RW         6353    .bss                c_w.l(libspace.o)
    0x240007d8        -       0x00000200   Zero   RW            2    HEAP                startup_stm32h723xx.o
    0x240009d8        -       0x00004000   Zero   RW            1    STACK               startup_stm32h723xx.o


==============================================================================

Image component sizes


      Code (inc. data)   RO Data    RW Data    ZI Data      Debug   Object Name

      1084         80          0         12          0       4976   control_algorithm.o
        92          4          0          0          0        830   dma.o
       552         38          0          0        128       4077   dmj4310_motor_driver.o
       548         40          0          4        320       2788   fdcan.o
       192         12          0          0          0    1232192   gpio.o
       216         32          0          0         32       2023   lfd01m_motor_driver.o
       624         86          0          0        336       4615   lk4005_motor_driver.o
       242         10          0          0          0    1172432   main.o
       536        108          0          0         64       3347   robotic_arm_communication_hal_stm32_port.o
      1160         94          0          3          0       4437   robotic_arm_control_api.o
       458         22          0          0          0       5527   robotic_arm_motor_hal_stm32_port.o
       376         34          0          0        376       2079   spi.o
        72         30        716          0      16896        864   startup_stm32h723xx.o
       172         36          0         12          0      23698   stm32h7xx_hal.o
       160         12          0          0          0      38902   stm32h7xx_hal_cortex.o
      5980        242          8          0          0      12106   stm32h7xx_hal_dma.o
      2784         48         92          0          0      21309   stm32h7xx_hal_fdcan.o
       550         44          0          0          0       2252   stm32h7xx_hal_gpio.o
        28          6          0          0          0        846   stm32h7xx_hal_msp.o
        84          6          0          0          0        805   stm32h7xx_hal_pwr_ex.o
      2614        128          0          0          0       8789   stm32h7xx_hal_rcc.o
      3622        112          0          0          0       7821   stm32h7xx_hal_rcc_ex.o
      1144         18          0          0          0       7219   stm32h7xx_hal_spi.o
      2348        284          0          0          0      15739   stm32h7xx_hal_tim.o
       350         48          0          0          0       4144   stm32h7xx_hal_tim_ex.o
       140         20          0          0         76       1531   stm32h7xx_hal_timebase_tim.o
      3318        172         24          0          0      37054   stm32h7xx_hal_uart.o
       364          6         16          0          0       6449   stm32h7xx_hal_uart_ex.o
       150         66          0          0          0       9694   stm32h7xx_it.o
       244         38         16          8          0       1941   system_stm32h7xx.o
       476         44          0          0        152       3280   tim.o
       356         32          0          0        388       2092   usart.o

    ----------------------------------------------------------------------
     31082       1952        906         40      18768    2645858   Object Totals
         0          0         32          0          0          0   (incl. Generated)
        46          0          2          1          0          0   (incl. Padding)

    ----------------------------------------------------------------------

      Code (inc. data)   RO Data    RW Data    ZI Data      Debug   Library Member Name

        60          8          0          0          0         84   __0sscanf.o
         8          0          0          0          0         68   __main.o
         0          0          0          0          0          0   __rtentry.o
        12          0          0          0          0          0   __rtentry2.o
         6          0          0          0          0          0   __rtentry4.o
        52          8          0          0          0          0   __scatter.o
        26          0          0          0          0          0   __scatter_copy.o
        28          0          0          0          0          0   __scatter_zi.o
        28          0          0          0          0         68   _chval.o
        22          0          0          0          0        100   _rserrno.o
       884          6          0          0          0        100   _scanf.o
       332          0          0          0          0         96   _scanf_int.o
       224          0          0          0          0         96   _scanf_str.o
        64          0          0          0          0         84   _sgetc.o
       228          4        148          0          0         96   bigflt0.o
      1924        136          0          0          0        756   btod.o
        18          0          0          0          0         80   exit.o
         6          0          0          0          0        152   heapauxi.o
         0          0          0          0          0          0   indicate_semi.o
        18          0          0          0          0         76   isspace.o
        44         10        272          0          0         76   lc_ctype_c.o
        44         10         28          0          0         76   lc_numeric_c.o
         2          0          0          0          0          0   libinit.o
        34          0          0          0          0          0   libinit2.o
         2          0          0          0          0          0   libshutdown.o
         2          0          0          0          0          0   libshutdown2.o
         8          4          0          0         96         68   libspace.o
        38          0          0          0          0         68   llshl.o
       238          0          0          0          0        100   lludivv7m.o
        16          4          0          0          0         76   rt_ctype_table.o
         8          4          0          0          0         68   rt_errno_addr_intlibspace.o
         8          4          0          0          0         68   rt_locale_intlibspace.o
        78          0          0          0          0         80   rt_memclr_w.o
       100          0          0          0          0         80   rt_memcpy_w.o
         2          0          0          0          0          0   rtexit.o
        10          0          0          0          0          0   rtexit2.o
        44          8          0          0          0         84   scanf_char.o
      1286         16          0          0          0        236   scanf_fp.o
       800         14          0          0          0        100   scanf_hexfp.o
       308         16          0          0          0        100   scanf_infnan.o
       104          0          0          0          0         68   strcmpv7m_pel.o
       150          0          0          0          0         80   strncmp.o
        12          4          0          0          0         68   sys_exit.o
        74          0          0          0          0         80   sys_stackheap_outer.o
         2          0          0          0          0         68   use_no_semi.o
        16          4          0          0          0        116   dcheck1.o
       140          4          0          0          0        132   fnaninf.o
         0          0         16          0          0          0   fpconst.o
        10          0          0          0          0        116   fpinit.o
       244          8          0          0          0        132   frem_clz.o
         6          0          0          0          0        116   istatus.o
       100          0          0          0          0        116   retnan.o
        92          0          0          0          0        116   scalbn.o
         4          0          0          0          0        116   scanf1.o
         8          0          0          0          0        132   scanf2.o
        48          0          0          0          0        116   trapv.o
         0          0          0          0          0          0   usenofp.o
       336         60          0          0          0        136   cosf.o
        48         28          0          0          0        232   dunder.o
       176          0          0          0          0        168   fmodf.o
        38          0          0          0          0        116   fpclassifyf.o
       140         22          0          0          0        128   frexp.o
        84         28          0          0          0        696   funder.o
       184         14          0          0          0        156   ldexp.o
       238         26          0          0          0        304   narrow.o
      1624        130        320          0          0        400   powf.o
       340         24         32          0          0        160   rredf.o

    ----------------------------------------------------------------------
     11260        614        816          0         96       7204   Library Totals
        30         10          0          0          0          0   (incl. Padding)

    ----------------------------------------------------------------------

      Code (inc. data)   RO Data    RW Data    ZI Data      Debug   Library Name

      7354        256        448          0         96       3500   c_w.l
       668         16         16          0          0       1208   fz_wv.l
      3208        332        352          0          0       2496   m_wv.l

    ----------------------------------------------------------------------
     11260        614        816          0         96       7204   Library Totals

    ----------------------------------------------------------------------

==============================================================================


      Code (inc. data)   RO Data    RW Data    ZI Data      Debug   

     42342       2566       1722         40      18864    2630290   Grand Totals
     42342       2566       1722         40      18864    2630290   ELF Image Totals
     42342       2566       1722         40          0          0   ROM Totals

==============================================================================

    Total RO  Size (Code + RO Data)                44064 (  43.03kB)
    Total RW  Size (RW Data + ZI Data)             18904 (  18.46kB)
    Total ROM Size (Code + RO Data + RW Data)      44104 (  43.07kB)

==============================================================================

